[3.764s] Invoking command in '/home/sanjai/Documents/First_Robot/ros2_ws/src/rover_gps': DEBUGINFOD_URLS=https://debuginfod.ubuntu.com PYTHONPATH=/home/sanjai/Documents/First_Robot/ros2_ws/build/rover_gps/prefix_override:/usr/lib/python3/dist-packages/colcon_core/task/python/colcon_distutils_commands:/home/sanjai/Documents/First_Robot/ros2_ws/install/rover_gps/lib/python3.12/site-packages:${PYTHONPATH} /usr/bin/python3 -W ignore:setup.py install is deprecated -W ignore:easy_install command is deprecated setup.py egg_info --egg-base ../../build/rover_gps build --build-base /home/sanjai/Documents/First_Robot/ros2_ws/build/rover_gps/build install --record /home/sanjai/Documents/First_Robot/ros2_ws/build/rover_gps/install.log --single-version-externally-managed install_data
[4.239s] running egg_info
[4.278s] writing ../../build/rover_gps/rover_gps.egg-info/PKG-INFO
[4.278s] writing dependency_links to ../../build/rover_gps/rover_gps.egg-info/dependency_links.txt
[4.279s] writing entry points to ../../build/rover_gps/rover_gps.egg-info/entry_points.txt
[4.279s] writing requirements to ../../build/rover_gps/rover_gps.egg-info/requires.txt
[4.279s] writing top-level names to ../../build/rover_gps/rover_gps.egg-info/top_level.txt
[4.355s] reading manifest file '../../build/rover_gps/rover_gps.egg-info/SOURCES.txt'
[4.356s] writing manifest file '../../build/rover_gps/rover_gps.egg-info/SOURCES.txt'
[4.356s] running build
[4.357s] running build_py
[4.357s] running install
[4.367s] running install_lib
[4.407s] running install_data
[4.407s] running install_egg_info
[4.446s] removing '/home/sanjai/Documents/First_Robot/ros2_ws/install/rover_gps/lib/python3.12/site-packages/rover_gps-0.0.0-py3.12.egg-info' (and everything under it)
[4.448s] Copying ../../build/rover_gps/rover_gps.egg-info to /home/sanjai/Documents/First_Robot/ros2_ws/install/rover_gps/lib/python3.12/site-packages/rover_gps-0.0.0-py3.12.egg-info
[4.449s] running install_scripts
[4.691s] Installing gps_node script to /home/sanjai/Documents/First_Robot/ros2_ws/install/rover_gps/lib/rover_gps
[4.692s] writing list of installed files to '/home/sanjai/Documents/First_Robot/ros2_ws/build/rover_gps/install.log'
[4.757s] Invoked command in '/home/sanjai/Documents/First_Robot/ros2_ws/src/rover_gps' returned '0': DEBUGINFOD_URLS=https://debuginfod.ubuntu.com PYTHONPATH=/home/sanjai/Documents/First_Robot/ros2_ws/build/rover_gps/prefix_override:/usr/lib/python3/dist-packages/colcon_core/task/python/colcon_distutils_commands:/home/sanjai/Documents/First_Robot/ros2_ws/install/rover_gps/lib/python3.12/site-packages:${PYTHONPATH} /usr/bin/python3 -W ignore:setup.py install is deprecated -W ignore:easy_install command is deprecated setup.py egg_info --egg-base ../../build/rover_gps build --build-base /home/sanjai/Documents/First_Robot/ros2_ws/build/rover_gps/build install --record /home/sanjai/Documents/First_Robot/ros2_ws/build/rover_gps/install.log --single-version-externally-managed install_data
