[3.759s] Invoking command in '/home/sanjai/Documents/First_Robot/ros2_ws/src/rover_control': DEBUGINFOD_URLS=https://debuginfod.ubuntu.com PYTHONPATH=/home/sanjai/Documents/First_Robot/ros2_ws/build/rover_control/prefix_override:/usr/lib/python3/dist-packages/colcon_core/task/python/colcon_distutils_commands:/home/sanjai/Documents/First_Robot/ros2_ws/install/rover_control/lib/python3.12/site-packages:${PYTHONPATH} /usr/bin/python3 -W ignore:setup.py install is deprecated -W ignore:easy_install command is deprecated setup.py egg_info --egg-base ../../build/rover_control build --build-base /home/sanjai/Documents/First_Robot/ros2_ws/build/rover_control/build install --record /home/sanjai/Documents/First_Robot/ros2_ws/build/rover_control/install.log --single-version-externally-managed install_data
[4.314s] running egg_info
[4.349s] writing ../../build/rover_control/rover_control.egg-info/PKG-INFO
[4.349s] writing dependency_links to ../../build/rover_control/rover_control.egg-info/dependency_links.txt
[4.350s] writing entry points to ../../build/rover_control/rover_control.egg-info/entry_points.txt
[4.350s] writing requirements to ../../build/rover_control/rover_control.egg-info/requires.txt
[4.350s] writing top-level names to ../../build/rover_control/rover_control.egg-info/top_level.txt
[4.424s] reading manifest file '../../build/rover_control/rover_control.egg-info/SOURCES.txt'
[4.425s] writing manifest file '../../build/rover_control/rover_control.egg-info/SOURCES.txt'
[4.426s] running build
[4.426s] running build_py
[4.427s] running install
[4.437s] running install_lib
[4.474s] running install_data
[4.475s] running install_egg_info
[4.513s] removing '/home/sanjai/Documents/First_Robot/ros2_ws/install/rover_control/lib/python3.12/site-packages/rover_control-0.0.0-py3.12.egg-info' (and everything under it)
[4.514s] Copying ../../build/rover_control/rover_control.egg-info to /home/sanjai/Documents/First_Robot/ros2_ws/install/rover_control/lib/python3.12/site-packages/rover_control-0.0.0-py3.12.egg-info
[4.516s] running install_scripts
[4.843s] Installing main_brain script to /home/sanjai/Documents/First_Robot/ros2_ws/install/rover_control/lib/rover_control
[4.843s] writing list of installed files to '/home/sanjai/Documents/First_Robot/ros2_ws/build/rover_control/install.log'
[4.891s] Invoked command in '/home/sanjai/Documents/First_Robot/ros2_ws/src/rover_control' returned '0': DEBUGINFOD_URLS=https://debuginfod.ubuntu.com PYTHONPATH=/home/sanjai/Documents/First_Robot/ros2_ws/build/rover_control/prefix_override:/usr/lib/python3/dist-packages/colcon_core/task/python/colcon_distutils_commands:/home/sanjai/Documents/First_Robot/ros2_ws/install/rover_control/lib/python3.12/site-packages:${PYTHONPATH} /usr/bin/python3 -W ignore:setup.py install is deprecated -W ignore:easy_install command is deprecated setup.py egg_info --egg-base ../../build/rover_control build --build-base /home/sanjai/Documents/First_Robot/ros2_ws/build/rover_control/build install --record /home/sanjai/Documents/First_Robot/ros2_ws/build/rover_control/install.log --single-version-externally-managed install_data
