[0.208s] DEBUG:colcon:Command line arguments: ['/usr/bin/colcon', 'build']
[0.208s] DEBUG:colcon:Parsed command line arguments: Namespace(log_base=None, log_level=None, verb_name='build', build_base='build', install_base='install', merge_install=False, symlink_install=False, test_result_base=None, continue_on_error=False, executor='parallel', parallel_workers=12, event_handlers=None, ignore_user_meta=False, metas=['./colcon.meta'], base_paths=['.'], packages_ignore=None, packages_ignore_regex=None, paths=None, packages_up_to=None, packages_up_to_regex=None, packages_above=None, packages_above_and_dependencies=None, packages_above_depth=None, packages_select_by_dep=None, packages_skip_by_dep=None, packages_skip_up_to=None, packages_select_build_failed=False, packages_skip_build_finished=False, packages_select_test_failures=False, packages_skip_test_passed=False, packages_select=None, packages_skip=None, packages_select_regex=None, packages_skip_regex=None, packages_start=None, packages_end=None, allow_overriding=[], cmake_args=None, cmake_target=None, cmake_target_skip_unavailable=False, cmake_clean_cache=False, cmake_clean_first=False, cmake_force_configure=False, ament_cmake_args=None, catkin_cmake_args=None, catkin_skip_building_tests=False, mixin_files=None, mixin=None, verb_parser=<colcon_mixin.mixin.mixin_argument.MixinArgumentDecorator object at 0x757edad38260>, verb_extension=<colcon_core.verb.build.BuildVerb object at 0x757edaeb83b0>, main=<bound method BuildVerb.main of <colcon_core.verb.build.BuildVerb object at 0x757edaeb83b0>>, mixin_verb=('build',))
[0.275s] Level 1:colcon.colcon_core.package_discovery:discover_packages(colcon_meta) check parameters
[0.275s] Level 1:colcon.colcon_core.package_discovery:discover_packages(recursive) check parameters
[0.275s] Level 1:colcon.colcon_core.package_discovery:discover_packages(ignore) check parameters
[0.275s] Level 1:colcon.colcon_core.package_discovery:discover_packages(path) check parameters
[0.275s] Level 1:colcon.colcon_core.package_discovery:discover_packages(colcon_meta) discover
[0.275s] Level 1:colcon.colcon_core.package_discovery:discover_packages(recursive) discover
[0.276s] INFO:colcon.colcon_core.package_discovery:Crawling recursively for packages in '/home/sanjai/Documents/First_Robot/ros2_ws'
[0.276s] Level 1:colcon.colcon_core.package_identification:_identify(.) by extensions ['ignore', 'ignore_ament_install']
[0.276s] Level 1:colcon.colcon_core.package_identification:_identify(.) by extension 'ignore'
[0.276s] Level 1:colcon.colcon_core.package_identification:_identify(.) by extension 'ignore_ament_install'
[0.276s] Level 1:colcon.colcon_core.package_identification:_identify(.) by extensions ['colcon_pkg']
[0.276s] Level 1:colcon.colcon_core.package_identification:_identify(.) by extension 'colcon_pkg'
[0.276s] Level 1:colcon.colcon_core.package_identification:_identify(.) by extensions ['colcon_meta']
[0.276s] Level 1:colcon.colcon_core.package_identification:_identify(.) by extension 'colcon_meta'
[0.277s] Level 1:colcon.colcon_core.package_identification:_identify(.) by extensions ['ros']
[0.277s] Level 1:colcon.colcon_core.package_identification:_identify(.) by extension 'ros'
[0.316s] Level 1:colcon.colcon_core.package_identification:_identify(.) by extensions ['cmake', 'python']
[0.316s] Level 1:colcon.colcon_core.package_identification:_identify(.) by extension 'cmake'
[0.316s] Level 1:colcon.colcon_core.package_identification:_identify(.) by extension 'python'
[0.316s] Level 1:colcon.colcon_core.package_identification:_identify(.) by extensions ['python_setup_py']
[0.316s] Level 1:colcon.colcon_core.package_identification:_identify(.) by extension 'python_setup_py'
[0.316s] Level 1:colcon.colcon_core.package_identification:_identify(build) by extensions ['ignore', 'ignore_ament_install']
[0.316s] Level 1:colcon.colcon_core.package_identification:_identify(build) by extension 'ignore'
[0.317s] Level 1:colcon.colcon_core.package_identification:_identify(build) ignored
[0.317s] Level 1:colcon.colcon_core.package_identification:_identify(install) by extensions ['ignore', 'ignore_ament_install']
[0.317s] Level 1:colcon.colcon_core.package_identification:_identify(install) by extension 'ignore'
[0.317s] Level 1:colcon.colcon_core.package_identification:_identify(install) ignored
[0.317s] Level 1:colcon.colcon_core.package_identification:_identify(log) by extensions ['ignore', 'ignore_ament_install']
[0.317s] Level 1:colcon.colcon_core.package_identification:_identify(log) by extension 'ignore'
[0.317s] Level 1:colcon.colcon_core.package_identification:_identify(log) ignored
[0.317s] Level 1:colcon.colcon_core.package_identification:_identify(src) by extensions ['ignore', 'ignore_ament_install']
[0.318s] Level 1:colcon.colcon_core.package_identification:_identify(src) by extension 'ignore'
[0.318s] Level 1:colcon.colcon_core.package_identification:_identify(src) by extension 'ignore_ament_install'
[0.318s] Level 1:colcon.colcon_core.package_identification:_identify(src) by extensions ['colcon_pkg']
[0.318s] Level 1:colcon.colcon_core.package_identification:_identify(src) by extension 'colcon_pkg'
[0.318s] Level 1:colcon.colcon_core.package_identification:_identify(src) by extensions ['colcon_meta']
[0.318s] Level 1:colcon.colcon_core.package_identification:_identify(src) by extension 'colcon_meta'
[0.318s] Level 1:colcon.colcon_core.package_identification:_identify(src) by extensions ['ros']
[0.318s] Level 1:colcon.colcon_core.package_identification:_identify(src) by extension 'ros'
[0.318s] Level 1:colcon.colcon_core.package_identification:_identify(src) by extensions ['cmake', 'python']
[0.318s] Level 1:colcon.colcon_core.package_identification:_identify(src) by extension 'cmake'
[0.318s] Level 1:colcon.colcon_core.package_identification:_identify(src) by extension 'python'
[0.319s] Level 1:colcon.colcon_core.package_identification:_identify(src) by extensions ['python_setup_py']
[0.319s] Level 1:colcon.colcon_core.package_identification:_identify(src) by extension 'python_setup_py'
[0.319s] Level 1:colcon.colcon_core.package_identification:_identify(src/rover_base) by extensions ['ignore', 'ignore_ament_install']
[0.319s] Level 1:colcon.colcon_core.package_identification:_identify(src/rover_base) by extension 'ignore'
[0.319s] Level 1:colcon.colcon_core.package_identification:_identify(src/rover_base) by extension 'ignore_ament_install'
[0.319s] Level 1:colcon.colcon_core.package_identification:_identify(src/rover_base) by extensions ['colcon_pkg']
[0.319s] Level 1:colcon.colcon_core.package_identification:_identify(src/rover_base) by extension 'colcon_pkg'
[0.319s] Level 1:colcon.colcon_core.package_identification:_identify(src/rover_base) by extensions ['colcon_meta']
[0.319s] Level 1:colcon.colcon_core.package_identification:_identify(src/rover_base) by extension 'colcon_meta'
[0.319s] Level 1:colcon.colcon_core.package_identification:_identify(src/rover_base) by extensions ['ros']
[0.320s] Level 1:colcon.colcon_core.package_identification:_identify(src/rover_base) by extension 'ros'
[0.323s] DEBUG:colcon.colcon_core.package_identification:Package 'src/rover_base' with type 'ros.ament_python' and name 'rover_base'
[0.323s] Level 1:colcon.colcon_core.package_identification:_identify(src/rover_camera) by extensions ['ignore', 'ignore_ament_install']
[0.324s] Level 1:colcon.colcon_core.package_identification:_identify(src/rover_camera) by extension 'ignore'
[0.324s] Level 1:colcon.colcon_core.package_identification:_identify(src/rover_camera) by extension 'ignore_ament_install'
[0.324s] Level 1:colcon.colcon_core.package_identification:_identify(src/rover_camera) by extensions ['colcon_pkg']
[0.324s] Level 1:colcon.colcon_core.package_identification:_identify(src/rover_camera) by extension 'colcon_pkg'
[0.324s] Level 1:colcon.colcon_core.package_identification:_identify(src/rover_camera) by extensions ['colcon_meta']
[0.324s] Level 1:colcon.colcon_core.package_identification:_identify(src/rover_camera) by extension 'colcon_meta'
[0.324s] Level 1:colcon.colcon_core.package_identification:_identify(src/rover_camera) by extensions ['ros']
[0.324s] Level 1:colcon.colcon_core.package_identification:_identify(src/rover_camera) by extension 'ros'
[0.325s] DEBUG:colcon.colcon_core.package_identification:Package 'src/rover_camera' with type 'ros.ament_python' and name 'rover_camera'
[0.325s] Level 1:colcon.colcon_core.package_identification:_identify(src/rover_control) by extensions ['ignore', 'ignore_ament_install']
[0.325s] Level 1:colcon.colcon_core.package_identification:_identify(src/rover_control) by extension 'ignore'
[0.325s] Level 1:colcon.colcon_core.package_identification:_identify(src/rover_control) by extension 'ignore_ament_install'
[0.326s] Level 1:colcon.colcon_core.package_identification:_identify(src/rover_control) by extensions ['colcon_pkg']
[0.326s] Level 1:colcon.colcon_core.package_identification:_identify(src/rover_control) by extension 'colcon_pkg'
[0.326s] Level 1:colcon.colcon_core.package_identification:_identify(src/rover_control) by extensions ['colcon_meta']
[0.326s] Level 1:colcon.colcon_core.package_identification:_identify(src/rover_control) by extension 'colcon_meta'
[0.326s] Level 1:colcon.colcon_core.package_identification:_identify(src/rover_control) by extensions ['ros']
[0.326s] Level 1:colcon.colcon_core.package_identification:_identify(src/rover_control) by extension 'ros'
[0.327s] DEBUG:colcon.colcon_core.package_identification:Package 'src/rover_control' with type 'ros.ament_python' and name 'rover_control'
[0.327s] Level 1:colcon.colcon_core.package_identification:_identify(src/rover_gps) by extensions ['ignore', 'ignore_ament_install']
[0.327s] Level 1:colcon.colcon_core.package_identification:_identify(src/rover_gps) by extension 'ignore'
[0.327s] Level 1:colcon.colcon_core.package_identification:_identify(src/rover_gps) by extension 'ignore_ament_install'
[0.327s] Level 1:colcon.colcon_core.package_identification:_identify(src/rover_gps) by extensions ['colcon_pkg']
[0.327s] Level 1:colcon.colcon_core.package_identification:_identify(src/rover_gps) by extension 'colcon_pkg'
[0.328s] Level 1:colcon.colcon_core.package_identification:_identify(src/rover_gps) by extensions ['colcon_meta']
[0.328s] Level 1:colcon.colcon_core.package_identification:_identify(src/rover_gps) by extension 'colcon_meta'
[0.328s] Level 1:colcon.colcon_core.package_identification:_identify(src/rover_gps) by extensions ['ros']
[0.328s] Level 1:colcon.colcon_core.package_identification:_identify(src/rover_gps) by extension 'ros'
[0.329s] DEBUG:colcon.colcon_core.package_identification:Package 'src/rover_gps' with type 'ros.ament_python' and name 'rover_gps'
[0.329s] Level 1:colcon.colcon_core.package_identification:_identify(src/rover_lidar) by extensions ['ignore', 'ignore_ament_install']
[0.329s] Level 1:colcon.colcon_core.package_identification:_identify(src/rover_lidar) by extension 'ignore'
[0.329s] Level 1:colcon.colcon_core.package_identification:_identify(src/rover_lidar) by extension 'ignore_ament_install'
[0.329s] Level 1:colcon.colcon_core.package_identification:_identify(src/rover_lidar) by extensions ['colcon_pkg']
[0.329s] Level 1:colcon.colcon_core.package_identification:_identify(src/rover_lidar) by extension 'colcon_pkg'
[0.330s] Level 1:colcon.colcon_core.package_identification:_identify(src/rover_lidar) by extensions ['colcon_meta']
[0.330s] Level 1:colcon.colcon_core.package_identification:_identify(src/rover_lidar) by extension 'colcon_meta'
[0.330s] Level 1:colcon.colcon_core.package_identification:_identify(src/rover_lidar) by extensions ['ros']
[0.330s] Level 1:colcon.colcon_core.package_identification:_identify(src/rover_lidar) by extension 'ros'
[0.331s] DEBUG:colcon.colcon_core.package_identification:Package 'src/rover_lidar' with type 'ros.ament_python' and name 'rover_lidar'
[0.331s] Level 1:colcon.colcon_core.package_identification:_identify(src/rover_telemetry) by extensions ['ignore', 'ignore_ament_install']
[0.331s] Level 1:colcon.colcon_core.package_identification:_identify(src/rover_telemetry) by extension 'ignore'
[0.331s] Level 1:colcon.colcon_core.package_identification:_identify(src/rover_telemetry) by extension 'ignore_ament_install'
[0.331s] Level 1:colcon.colcon_core.package_identification:_identify(src/rover_telemetry) by extensions ['colcon_pkg']
[0.331s] Level 1:colcon.colcon_core.package_identification:_identify(src/rover_telemetry) by extension 'colcon_pkg'
[0.331s] Level 1:colcon.colcon_core.package_identification:_identify(src/rover_telemetry) by extensions ['colcon_meta']
[0.331s] Level 1:colcon.colcon_core.package_identification:_identify(src/rover_telemetry) by extension 'colcon_meta'
[0.331s] Level 1:colcon.colcon_core.package_identification:_identify(src/rover_telemetry) by extensions ['ros']
[0.331s] Level 1:colcon.colcon_core.package_identification:_identify(src/rover_telemetry) by extension 'ros'
[0.332s] DEBUG:colcon.colcon_core.package_identification:Package 'src/rover_telemetry' with type 'ros.ament_python' and name 'rover_telemetry'
[0.332s] Level 1:colcon.colcon_core.package_discovery:discover_packages(recursive) using defaults
[0.332s] Level 1:colcon.colcon_core.package_discovery:discover_packages(ignore) discover
[0.332s] Level 1:colcon.colcon_core.package_discovery:discover_packages(ignore) using defaults
[0.332s] Level 1:colcon.colcon_core.package_discovery:discover_packages(path) discover
[0.333s] Level 1:colcon.colcon_core.package_discovery:discover_packages(path) using defaults
[0.363s] Level 1:colcon.colcon_core.package_discovery:discover_packages(prefix_path) check parameters
[0.363s] Level 1:colcon.colcon_core.package_discovery:discover_packages(prefix_path) discover
[0.367s] DEBUG:colcon.colcon_installed_package_information.package_discovery:Found 286 installed packages in /opt/ros/jazzy
[0.370s] Level 1:colcon.colcon_core.package_discovery:discover_packages(prefix_path) using defaults
[0.438s] Level 5:colcon.colcon_core.verb:set package 'rover_base' build argument 'cmake_args' from command line to 'None'
[0.438s] Level 5:colcon.colcon_core.verb:set package 'rover_base' build argument 'cmake_target' from command line to 'None'
[0.438s] Level 5:colcon.colcon_core.verb:set package 'rover_base' build argument 'cmake_target_skip_unavailable' from command line to 'False'
[0.438s] Level 5:colcon.colcon_core.verb:set package 'rover_base' build argument 'cmake_clean_cache' from command line to 'False'
[0.438s] Level 5:colcon.colcon_core.verb:set package 'rover_base' build argument 'cmake_clean_first' from command line to 'False'
[0.438s] Level 5:colcon.colcon_core.verb:set package 'rover_base' build argument 'cmake_force_configure' from command line to 'False'
[0.438s] Level 5:colcon.colcon_core.verb:set package 'rover_base' build argument 'ament_cmake_args' from command line to 'None'
[0.438s] Level 5:colcon.colcon_core.verb:set package 'rover_base' build argument 'catkin_cmake_args' from command line to 'None'
[0.438s] Level 5:colcon.colcon_core.verb:set package 'rover_base' build argument 'catkin_skip_building_tests' from command line to 'False'
[0.438s] DEBUG:colcon.colcon_core.verb:Building package 'rover_base' with the following arguments: {'ament_cmake_args': None, 'build_base': '/home/sanjai/Documents/First_Robot/ros2_ws/build/rover_base', 'catkin_cmake_args': None, 'catkin_skip_building_tests': False, 'cmake_args': None, 'cmake_clean_cache': False, 'cmake_clean_first': False, 'cmake_force_configure': False, 'cmake_target': None, 'cmake_target_skip_unavailable': False, 'install_base': '/home/sanjai/Documents/First_Robot/ros2_ws/install/rover_base', 'merge_install': False, 'path': '/home/sanjai/Documents/First_Robot/ros2_ws/src/rover_base', 'symlink_install': False, 'test_result_base': None}
[0.439s] Level 5:colcon.colcon_core.verb:set package 'rover_camera' build argument 'cmake_args' from command line to 'None'
[0.439s] Level 5:colcon.colcon_core.verb:set package 'rover_camera' build argument 'cmake_target' from command line to 'None'
[0.439s] Level 5:colcon.colcon_core.verb:set package 'rover_camera' build argument 'cmake_target_skip_unavailable' from command line to 'False'
[0.439s] Level 5:colcon.colcon_core.verb:set package 'rover_camera' build argument 'cmake_clean_cache' from command line to 'False'
[0.439s] Level 5:colcon.colcon_core.verb:set package 'rover_camera' build argument 'cmake_clean_first' from command line to 'False'
[0.439s] Level 5:colcon.colcon_core.verb:set package 'rover_camera' build argument 'cmake_force_configure' from command line to 'False'
[0.439s] Level 5:colcon.colcon_core.verb:set package 'rover_camera' build argument 'ament_cmake_args' from command line to 'None'
[0.439s] Level 5:colcon.colcon_core.verb:set package 'rover_camera' build argument 'catkin_cmake_args' from command line to 'None'
[0.439s] Level 5:colcon.colcon_core.verb:set package 'rover_camera' build argument 'catkin_skip_building_tests' from command line to 'False'
[0.439s] DEBUG:colcon.colcon_core.verb:Building package 'rover_camera' with the following arguments: {'ament_cmake_args': None, 'build_base': '/home/sanjai/Documents/First_Robot/ros2_ws/build/rover_camera', 'catkin_cmake_args': None, 'catkin_skip_building_tests': False, 'cmake_args': None, 'cmake_clean_cache': False, 'cmake_clean_first': False, 'cmake_force_configure': False, 'cmake_target': None, 'cmake_target_skip_unavailable': False, 'install_base': '/home/sanjai/Documents/First_Robot/ros2_ws/install/rover_camera', 'merge_install': False, 'path': '/home/sanjai/Documents/First_Robot/ros2_ws/src/rover_camera', 'symlink_install': False, 'test_result_base': None}
[0.439s] Level 5:colcon.colcon_core.verb:set package 'rover_control' build argument 'cmake_args' from command line to 'None'
[0.439s] Level 5:colcon.colcon_core.verb:set package 'rover_control' build argument 'cmake_target' from command line to 'None'
[0.440s] Level 5:colcon.colcon_core.verb:set package 'rover_control' build argument 'cmake_target_skip_unavailable' from command line to 'False'
[0.440s] Level 5:colcon.colcon_core.verb:set package 'rover_control' build argument 'cmake_clean_cache' from command line to 'False'
[0.440s] Level 5:colcon.colcon_core.verb:set package 'rover_control' build argument 'cmake_clean_first' from command line to 'False'
[0.440s] Level 5:colcon.colcon_core.verb:set package 'rover_control' build argument 'cmake_force_configure' from command line to 'False'
[0.440s] Level 5:colcon.colcon_core.verb:set package 'rover_control' build argument 'ament_cmake_args' from command line to 'None'
[0.440s] Level 5:colcon.colcon_core.verb:set package 'rover_control' build argument 'catkin_cmake_args' from command line to 'None'
[0.440s] Level 5:colcon.colcon_core.verb:set package 'rover_control' build argument 'catkin_skip_building_tests' from command line to 'False'
[0.440s] DEBUG:colcon.colcon_core.verb:Building package 'rover_control' with the following arguments: {'ament_cmake_args': None, 'build_base': '/home/sanjai/Documents/First_Robot/ros2_ws/build/rover_control', 'catkin_cmake_args': None, 'catkin_skip_building_tests': False, 'cmake_args': None, 'cmake_clean_cache': False, 'cmake_clean_first': False, 'cmake_force_configure': False, 'cmake_target': None, 'cmake_target_skip_unavailable': False, 'install_base': '/home/sanjai/Documents/First_Robot/ros2_ws/install/rover_control', 'merge_install': False, 'path': '/home/sanjai/Documents/First_Robot/ros2_ws/src/rover_control', 'symlink_install': False, 'test_result_base': None}
[0.440s] Level 5:colcon.colcon_core.verb:set package 'rover_gps' build argument 'cmake_args' from command line to 'None'
[0.440s] Level 5:colcon.colcon_core.verb:set package 'rover_gps' build argument 'cmake_target' from command line to 'None'
[0.440s] Level 5:colcon.colcon_core.verb:set package 'rover_gps' build argument 'cmake_target_skip_unavailable' from command line to 'False'
[0.440s] Level 5:colcon.colcon_core.verb:set package 'rover_gps' build argument 'cmake_clean_cache' from command line to 'False'
[0.440s] Level 5:colcon.colcon_core.verb:set package 'rover_gps' build argument 'cmake_clean_first' from command line to 'False'
[0.440s] Level 5:colcon.colcon_core.verb:set package 'rover_gps' build argument 'cmake_force_configure' from command line to 'False'
[0.440s] Level 5:colcon.colcon_core.verb:set package 'rover_gps' build argument 'ament_cmake_args' from command line to 'None'
[0.440s] Level 5:colcon.colcon_core.verb:set package 'rover_gps' build argument 'catkin_cmake_args' from command line to 'None'
[0.440s] Level 5:colcon.colcon_core.verb:set package 'rover_gps' build argument 'catkin_skip_building_tests' from command line to 'False'
[0.441s] DEBUG:colcon.colcon_core.verb:Building package 'rover_gps' with the following arguments: {'ament_cmake_args': None, 'build_base': '/home/sanjai/Documents/First_Robot/ros2_ws/build/rover_gps', 'catkin_cmake_args': None, 'catkin_skip_building_tests': False, 'cmake_args': None, 'cmake_clean_cache': False, 'cmake_clean_first': False, 'cmake_force_configure': False, 'cmake_target': None, 'cmake_target_skip_unavailable': False, 'install_base': '/home/sanjai/Documents/First_Robot/ros2_ws/install/rover_gps', 'merge_install': False, 'path': '/home/sanjai/Documents/First_Robot/ros2_ws/src/rover_gps', 'symlink_install': False, 'test_result_base': None}
[0.441s] Level 5:colcon.colcon_core.verb:set package 'rover_lidar' build argument 'cmake_args' from command line to 'None'
[0.441s] Level 5:colcon.colcon_core.verb:set package 'rover_lidar' build argument 'cmake_target' from command line to 'None'
[0.441s] Level 5:colcon.colcon_core.verb:set package 'rover_lidar' build argument 'cmake_target_skip_unavailable' from command line to 'False'
[0.441s] Level 5:colcon.colcon_core.verb:set package 'rover_lidar' build argument 'cmake_clean_cache' from command line to 'False'
[0.441s] Level 5:colcon.colcon_core.verb:set package 'rover_lidar' build argument 'cmake_clean_first' from command line to 'False'
[0.441s] Level 5:colcon.colcon_core.verb:set package 'rover_lidar' build argument 'cmake_force_configure' from command line to 'False'
[0.441s] Level 5:colcon.colcon_core.verb:set package 'rover_lidar' build argument 'ament_cmake_args' from command line to 'None'
[0.441s] Level 5:colcon.colcon_core.verb:set package 'rover_lidar' build argument 'catkin_cmake_args' from command line to 'None'
[0.441s] Level 5:colcon.colcon_core.verb:set package 'rover_lidar' build argument 'catkin_skip_building_tests' from command line to 'False'
[0.441s] DEBUG:colcon.colcon_core.verb:Building package 'rover_lidar' with the following arguments: {'ament_cmake_args': None, 'build_base': '/home/sanjai/Documents/First_Robot/ros2_ws/build/rover_lidar', 'catkin_cmake_args': None, 'catkin_skip_building_tests': False, 'cmake_args': None, 'cmake_clean_cache': False, 'cmake_clean_first': False, 'cmake_force_configure': False, 'cmake_target': None, 'cmake_target_skip_unavailable': False, 'install_base': '/home/sanjai/Documents/First_Robot/ros2_ws/install/rover_lidar', 'merge_install': False, 'path': '/home/sanjai/Documents/First_Robot/ros2_ws/src/rover_lidar', 'symlink_install': False, 'test_result_base': None}
[0.442s] Level 5:colcon.colcon_core.verb:set package 'rover_telemetry' build argument 'cmake_args' from command line to 'None'
[0.442s] Level 5:colcon.colcon_core.verb:set package 'rover_telemetry' build argument 'cmake_target' from command line to 'None'
[0.442s] Level 5:colcon.colcon_core.verb:set package 'rover_telemetry' build argument 'cmake_target_skip_unavailable' from command line to 'False'
[0.442s] Level 5:colcon.colcon_core.verb:set package 'rover_telemetry' build argument 'cmake_clean_cache' from command line to 'False'
[0.442s] Level 5:colcon.colcon_core.verb:set package 'rover_telemetry' build argument 'cmake_clean_first' from command line to 'False'
[0.442s] Level 5:colcon.colcon_core.verb:set package 'rover_telemetry' build argument 'cmake_force_configure' from command line to 'False'
[0.442s] Level 5:colcon.colcon_core.verb:set package 'rover_telemetry' build argument 'ament_cmake_args' from command line to 'None'
[0.442s] Level 5:colcon.colcon_core.verb:set package 'rover_telemetry' build argument 'catkin_cmake_args' from command line to 'None'
[0.442s] Level 5:colcon.colcon_core.verb:set package 'rover_telemetry' build argument 'catkin_skip_building_tests' from command line to 'False'
[0.442s] DEBUG:colcon.colcon_core.verb:Building package 'rover_telemetry' with the following arguments: {'ament_cmake_args': None, 'build_base': '/home/sanjai/Documents/First_Robot/ros2_ws/build/rover_telemetry', 'catkin_cmake_args': None, 'catkin_skip_building_tests': False, 'cmake_args': None, 'cmake_clean_cache': False, 'cmake_clean_first': False, 'cmake_force_configure': False, 'cmake_target': None, 'cmake_target_skip_unavailable': False, 'install_base': '/home/sanjai/Documents/First_Robot/ros2_ws/install/rover_telemetry', 'merge_install': False, 'path': '/home/sanjai/Documents/First_Robot/ros2_ws/src/rover_telemetry', 'symlink_install': False, 'test_result_base': None}
[0.442s] INFO:colcon.colcon_core.executor:Executing jobs using 'parallel' executor
[0.444s] DEBUG:colcon.colcon_parallel_executor.executor.parallel:run_until_complete
[0.444s] INFO:colcon.colcon_ros.task.ament_python.build:Building ROS package in '/home/sanjai/Documents/First_Robot/ros2_ws/src/rover_base' with build type 'ament_python'
[0.445s] Level 1:colcon.colcon_core.shell:create_environment_hook('rover_base', 'ament_prefix_path')
[0.448s] INFO:colcon.colcon_core.plugin_system:Skipping extension 'colcon_core.shell.bat': Not used on non-Windows systems
[0.448s] INFO:colcon.colcon_core.shell:Creating environment hook '/home/sanjai/Documents/First_Robot/ros2_ws/install/rover_base/share/rover_base/hook/ament_prefix_path.ps1'
[0.449s] INFO:colcon.colcon_core.shell:Creating environment descriptor '/home/sanjai/Documents/First_Robot/ros2_ws/install/rover_base/share/rover_base/hook/ament_prefix_path.dsv'
[0.450s] INFO:colcon.colcon_core.shell:Creating environment hook '/home/sanjai/Documents/First_Robot/ros2_ws/install/rover_base/share/rover_base/hook/ament_prefix_path.sh'
[0.451s] INFO:colcon.colcon_core.shell:Skip shell extension 'powershell' for command environment: Not usable outside of PowerShell
[0.451s] DEBUG:colcon.colcon_core.shell:Skip shell extension 'dsv' for command environment
[0.457s] INFO:colcon.colcon_ros.task.ament_python.build:Building ROS package in '/home/sanjai/Documents/First_Robot/ros2_ws/src/rover_camera' with build type 'ament_python'
[0.457s] Level 1:colcon.colcon_core.shell:create_environment_hook('rover_camera', 'ament_prefix_path')
[0.458s] INFO:colcon.colcon_core.shell:Creating environment hook '/home/sanjai/Documents/First_Robot/ros2_ws/install/rover_camera/share/rover_camera/hook/ament_prefix_path.ps1'
[0.459s] INFO:colcon.colcon_core.shell:Creating environment descriptor '/home/sanjai/Documents/First_Robot/ros2_ws/install/rover_camera/share/rover_camera/hook/ament_prefix_path.dsv'
[0.459s] INFO:colcon.colcon_core.shell:Creating environment hook '/home/sanjai/Documents/First_Robot/ros2_ws/install/rover_camera/share/rover_camera/hook/ament_prefix_path.sh'
[0.460s] INFO:colcon.colcon_core.shell:Skip shell extension 'powershell' for command environment: Not usable outside of PowerShell
[0.460s] DEBUG:colcon.colcon_core.shell:Skip shell extension 'dsv' for command environment
[0.465s] INFO:colcon.colcon_ros.task.ament_python.build:Building ROS package in '/home/sanjai/Documents/First_Robot/ros2_ws/src/rover_control' with build type 'ament_python'
[0.466s] Level 1:colcon.colcon_core.shell:create_environment_hook('rover_control', 'ament_prefix_path')
[0.466s] INFO:colcon.colcon_core.shell:Creating environment hook '/home/sanjai/Documents/First_Robot/ros2_ws/install/rover_control/share/rover_control/hook/ament_prefix_path.ps1'
[0.467s] INFO:colcon.colcon_core.shell:Creating environment descriptor '/home/sanjai/Documents/First_Robot/ros2_ws/install/rover_control/share/rover_control/hook/ament_prefix_path.dsv'
[0.468s] INFO:colcon.colcon_core.shell:Creating environment hook '/home/sanjai/Documents/First_Robot/ros2_ws/install/rover_control/share/rover_control/hook/ament_prefix_path.sh'
[0.469s] INFO:colcon.colcon_core.shell:Skip shell extension 'powershell' for command environment: Not usable outside of PowerShell
[0.469s] DEBUG:colcon.colcon_core.shell:Skip shell extension 'dsv' for command environment
[0.473s] INFO:colcon.colcon_ros.task.ament_python.build:Building ROS package in '/home/sanjai/Documents/First_Robot/ros2_ws/src/rover_gps' with build type 'ament_python'
[0.473s] Level 1:colcon.colcon_core.shell:create_environment_hook('rover_gps', 'ament_prefix_path')
[0.474s] INFO:colcon.colcon_core.shell:Creating environment hook '/home/sanjai/Documents/First_Robot/ros2_ws/install/rover_gps/share/rover_gps/hook/ament_prefix_path.ps1'
[0.475s] INFO:colcon.colcon_core.shell:Creating environment descriptor '/home/sanjai/Documents/First_Robot/ros2_ws/install/rover_gps/share/rover_gps/hook/ament_prefix_path.dsv'
[0.476s] INFO:colcon.colcon_core.shell:Creating environment hook '/home/sanjai/Documents/First_Robot/ros2_ws/install/rover_gps/share/rover_gps/hook/ament_prefix_path.sh'
[0.477s] INFO:colcon.colcon_core.shell:Skip shell extension 'powershell' for command environment: Not usable outside of PowerShell
[0.477s] DEBUG:colcon.colcon_core.shell:Skip shell extension 'dsv' for command environment
[0.481s] INFO:colcon.colcon_ros.task.ament_python.build:Building ROS package in '/home/sanjai/Documents/First_Robot/ros2_ws/src/rover_lidar' with build type 'ament_python'
[0.482s] Level 1:colcon.colcon_core.shell:create_environment_hook('rover_lidar', 'ament_prefix_path')
[0.482s] INFO:colcon.colcon_core.shell:Creating environment hook '/home/sanjai/Documents/First_Robot/ros2_ws/install/rover_lidar/share/rover_lidar/hook/ament_prefix_path.ps1'
[0.483s] INFO:colcon.colcon_core.shell:Creating environment descriptor '/home/sanjai/Documents/First_Robot/ros2_ws/install/rover_lidar/share/rover_lidar/hook/ament_prefix_path.dsv'
[0.484s] INFO:colcon.colcon_core.shell:Creating environment hook '/home/sanjai/Documents/First_Robot/ros2_ws/install/rover_lidar/share/rover_lidar/hook/ament_prefix_path.sh'
[0.485s] INFO:colcon.colcon_core.shell:Skip shell extension 'powershell' for command environment: Not usable outside of PowerShell
[0.485s] DEBUG:colcon.colcon_core.shell:Skip shell extension 'dsv' for command environment
[0.490s] INFO:colcon.colcon_ros.task.ament_python.build:Building ROS package in '/home/sanjai/Documents/First_Robot/ros2_ws/src/rover_telemetry' with build type 'ament_python'
[0.490s] Level 1:colcon.colcon_core.shell:create_environment_hook('rover_telemetry', 'ament_prefix_path')
[0.490s] INFO:colcon.colcon_core.shell:Creating environment hook '/home/sanjai/Documents/First_Robot/ros2_ws/install/rover_telemetry/share/rover_telemetry/hook/ament_prefix_path.ps1'
[0.492s] INFO:colcon.colcon_core.shell:Creating environment descriptor '/home/sanjai/Documents/First_Robot/ros2_ws/install/rover_telemetry/share/rover_telemetry/hook/ament_prefix_path.dsv'
[0.493s] INFO:colcon.colcon_core.shell:Creating environment hook '/home/sanjai/Documents/First_Robot/ros2_ws/install/rover_telemetry/share/rover_telemetry/hook/ament_prefix_path.sh'
[0.493s] INFO:colcon.colcon_core.shell:Skip shell extension 'powershell' for command environment: Not usable outside of PowerShell
[0.494s] DEBUG:colcon.colcon_core.shell:Skip shell extension 'dsv' for command environment
[0.882s] INFO:colcon.colcon_core.task.python.build:Building Python package in '/home/sanjai/Documents/First_Robot/ros2_ws/src/rover_base'
[0.882s] INFO:colcon.colcon_core.shell:Skip shell extension 'powershell' for command environment: Not usable outside of PowerShell
[0.883s] DEBUG:colcon.colcon_core.shell:Skip shell extension 'dsv' for command environment
[1.256s] INFO:colcon.colcon_core.task.python.build:Building Python package in '/home/sanjai/Documents/First_Robot/ros2_ws/src/rover_camera'
[1.257s] INFO:colcon.colcon_core.shell:Skip shell extension 'powershell' for command environment: Not usable outside of PowerShell
[1.257s] DEBUG:colcon.colcon_core.shell:Skip shell extension 'dsv' for command environment
[1.654s] INFO:colcon.colcon_core.task.python.build:Building Python package in '/home/sanjai/Documents/First_Robot/ros2_ws/src/rover_control'
[1.655s] INFO:colcon.colcon_core.shell:Skip shell extension 'powershell' for command environment: Not usable outside of PowerShell
[1.655s] DEBUG:colcon.colcon_core.shell:Skip shell extension 'dsv' for command environment
[2.021s] INFO:colcon.colcon_core.task.python.build:Building Python package in '/home/sanjai/Documents/First_Robot/ros2_ws/src/rover_gps'
[2.022s] INFO:colcon.colcon_core.shell:Skip shell extension 'powershell' for command environment: Not usable outside of PowerShell
[2.022s] DEBUG:colcon.colcon_core.shell:Skip shell extension 'dsv' for command environment
[2.379s] INFO:colcon.colcon_core.task.python.build:Building Python package in '/home/sanjai/Documents/First_Robot/ros2_ws/src/rover_lidar'
[2.379s] INFO:colcon.colcon_core.shell:Skip shell extension 'powershell' for command environment: Not usable outside of PowerShell
[2.380s] DEBUG:colcon.colcon_core.shell:Skip shell extension 'dsv' for command environment
[2.746s] INFO:colcon.colcon_core.task.python.build:Building Python package in '/home/sanjai/Documents/First_Robot/ros2_ws/src/rover_telemetry'
[2.747s] INFO:colcon.colcon_core.shell:Skip shell extension 'powershell' for command environment: Not usable outside of PowerShell
[2.747s] DEBUG:colcon.colcon_core.shell:Skip shell extension 'dsv' for command environment
[3.755s] DEBUG:colcon.colcon_core.event_handler.log_command:Invoking command in '/home/sanjai/Documents/First_Robot/ros2_ws/src/rover_gps': DEBUGINFOD_URLS=https://debuginfod.ubuntu.com PYTHONPATH=/home/sanjai/Documents/First_Robot/ros2_ws/build/rover_gps/prefix_override:/usr/lib/python3/dist-packages/colcon_core/task/python/colcon_distutils_commands:/home/sanjai/Documents/First_Robot/ros2_ws/install/rover_gps/lib/python3.12/site-packages:${PYTHONPATH} /usr/bin/python3 -W ignore:setup.py install is deprecated -W ignore:easy_install command is deprecated setup.py egg_info --egg-base ../../build/rover_gps build --build-base /home/sanjai/Documents/First_Robot/ros2_ws/build/rover_gps/build install --record /home/sanjai/Documents/First_Robot/ros2_ws/build/rover_gps/install.log --single-version-externally-managed install_data
[3.763s] DEBUG:colcon.colcon_core.event_handler.log_command:Invoking command in '/home/sanjai/Documents/First_Robot/ros2_ws/src/rover_camera': DEBUGINFOD_URLS=https://debuginfod.ubuntu.com PYTHONPATH=/home/sanjai/Documents/First_Robot/ros2_ws/build/rover_camera/prefix_override:/usr/lib/python3/dist-packages/colcon_core/task/python/colcon_distutils_commands:/home/sanjai/Documents/First_Robot/ros2_ws/install/rover_camera/lib/python3.12/site-packages:${PYTHONPATH} /usr/bin/python3 -W ignore:setup.py install is deprecated -W ignore:easy_install command is deprecated setup.py egg_info --egg-base ../../build/rover_camera build --build-base /home/sanjai/Documents/First_Robot/ros2_ws/build/rover_camera/build install --record /home/sanjai/Documents/First_Robot/ros2_ws/build/rover_camera/install.log --single-version-externally-managed install_data
[3.794s] DEBUG:colcon.colcon_core.event_handler.log_command:Invoking command in '/home/sanjai/Documents/First_Robot/ros2_ws/src/rover_base': DEBUGINFOD_URLS=https://debuginfod.ubuntu.com PYTHONPATH=/home/sanjai/Documents/First_Robot/ros2_ws/build/rover_base/prefix_override:/usr/lib/python3/dist-packages/colcon_core/task/python/colcon_distutils_commands:/home/sanjai/Documents/First_Robot/ros2_ws/install/rover_base/lib/python3.12/site-packages:${PYTHONPATH} /usr/bin/python3 -W ignore:setup.py install is deprecated -W ignore:easy_install command is deprecated setup.py egg_info --egg-base ../../build/rover_base build --build-base /home/sanjai/Documents/First_Robot/ros2_ws/build/rover_base/build install --record /home/sanjai/Documents/First_Robot/ros2_ws/build/rover_base/install.log --single-version-externally-managed install_data
[3.815s] DEBUG:colcon.colcon_core.event_handler.log_command:Invoking command in '/home/sanjai/Documents/First_Robot/ros2_ws/src/rover_lidar': DEBUGINFOD_URLS=https://debuginfod.ubuntu.com PYTHONPATH=/home/sanjai/Documents/First_Robot/ros2_ws/build/rover_lidar/prefix_override:/usr/lib/python3/dist-packages/colcon_core/task/python/colcon_distutils_commands:/home/sanjai/Documents/First_Robot/ros2_ws/install/rover_lidar/lib/python3.12/site-packages:${PYTHONPATH} /usr/bin/python3 -W ignore:setup.py install is deprecated -W ignore:easy_install command is deprecated setup.py egg_info --egg-base ../../build/rover_lidar build --build-base /home/sanjai/Documents/First_Robot/ros2_ws/build/rover_lidar/build install --record /home/sanjai/Documents/First_Robot/ros2_ws/build/rover_lidar/install.log --single-version-externally-managed install_data
[3.831s] DEBUG:colcon.colcon_core.event_handler.log_command:Invoking command in '/home/sanjai/Documents/First_Robot/ros2_ws/src/rover_control': DEBUGINFOD_URLS=https://debuginfod.ubuntu.com PYTHONPATH=/home/sanjai/Documents/First_Robot/ros2_ws/build/rover_control/prefix_override:/usr/lib/python3/dist-packages/colcon_core/task/python/colcon_distutils_commands:/home/sanjai/Documents/First_Robot/ros2_ws/install/rover_control/lib/python3.12/site-packages:${PYTHONPATH} /usr/bin/python3 -W ignore:setup.py install is deprecated -W ignore:easy_install command is deprecated setup.py egg_info --egg-base ../../build/rover_control build --build-base /home/sanjai/Documents/First_Robot/ros2_ws/build/rover_control/build install --record /home/sanjai/Documents/First_Robot/ros2_ws/build/rover_control/install.log --single-version-externally-managed install_data
[3.856s] DEBUG:colcon.colcon_core.event_handler.log_command:Invoking command in '/home/sanjai/Documents/First_Robot/ros2_ws/src/rover_telemetry': DEBUGINFOD_URLS=https://debuginfod.ubuntu.com PYTHONPATH=/home/sanjai/Documents/First_Robot/ros2_ws/build/rover_telemetry/prefix_override:/usr/lib/python3/dist-packages/colcon_core/task/python/colcon_distutils_commands:/home/sanjai/Documents/First_Robot/ros2_ws/install/rover_telemetry/lib/python3.12/site-packages:${PYTHONPATH} /usr/bin/python3 -W ignore:setup.py install is deprecated -W ignore:easy_install command is deprecated setup.py egg_info --egg-base ../../build/rover_telemetry build --build-base /home/sanjai/Documents/First_Robot/ros2_ws/build/rover_telemetry/build install --record /home/sanjai/Documents/First_Robot/ros2_ws/build/rover_telemetry/install.log --single-version-externally-managed install_data
[4.735s] DEBUG:colcon.colcon_core.event_handler.log_command:Invoked command in '/home/sanjai/Documents/First_Robot/ros2_ws/src/rover_gps' returned '0': DEBUGINFOD_URLS=https://debuginfod.ubuntu.com PYTHONPATH=/home/sanjai/Documents/First_Robot/ros2_ws/build/rover_gps/prefix_override:/usr/lib/python3/dist-packages/colcon_core/task/python/colcon_distutils_commands:/home/sanjai/Documents/First_Robot/ros2_ws/install/rover_gps/lib/python3.12/site-packages:${PYTHONPATH} /usr/bin/python3 -W ignore:setup.py install is deprecated -W ignore:easy_install command is deprecated setup.py egg_info --egg-base ../../build/rover_gps build --build-base /home/sanjai/Documents/First_Robot/ros2_ws/build/rover_gps/build install --record /home/sanjai/Documents/First_Robot/ros2_ws/build/rover_gps/install.log --single-version-externally-managed install_data
[4.739s] Level 1:colcon.colcon_core.environment:checking '/home/sanjai/Documents/First_Robot/ros2_ws/install/rover_gps' for CMake module files
[4.740s] Level 1:colcon.colcon_core.environment:checking '/home/sanjai/Documents/First_Robot/ros2_ws/install/rover_gps' for CMake config files
[4.741s] Level 1:colcon.colcon_core.environment:checking '/home/sanjai/Documents/First_Robot/ros2_ws/install/rover_gps/lib'
[4.742s] Level 1:colcon.colcon_core.environment:checking '/home/sanjai/Documents/First_Robot/ros2_ws/install/rover_gps/bin'
[4.742s] Level 1:colcon.colcon_core.environment:checking '/home/sanjai/Documents/First_Robot/ros2_ws/install/rover_gps/lib/pkgconfig/rover_gps.pc'
[4.742s] Level 1:colcon.colcon_core.environment:checking '/home/sanjai/Documents/First_Robot/ros2_ws/install/rover_gps/lib/python3.12/site-packages'
[4.743s] Level 1:colcon.colcon_core.shell:create_environment_hook('rover_gps', 'pythonpath')
[4.743s] INFO:colcon.colcon_core.shell:Creating environment hook '/home/sanjai/Documents/First_Robot/ros2_ws/install/rover_gps/share/rover_gps/hook/pythonpath.ps1'
[4.744s] INFO:colcon.colcon_core.shell:Creating environment descriptor '/home/sanjai/Documents/First_Robot/ros2_ws/install/rover_gps/share/rover_gps/hook/pythonpath.dsv'
[4.744s] INFO:colcon.colcon_core.shell:Creating environment hook '/home/sanjai/Documents/First_Robot/ros2_ws/install/rover_gps/share/rover_gps/hook/pythonpath.sh'
[4.746s] Level 1:colcon.colcon_core.environment:checking '/home/sanjai/Documents/First_Robot/ros2_ws/install/rover_gps/bin'
[4.746s] Level 1:colcon.colcon_core.environment:create_environment_scripts_only(rover_gps)
[4.747s] INFO:colcon.colcon_core.shell:Creating package script '/home/sanjai/Documents/First_Robot/ros2_ws/install/rover_gps/share/rover_gps/package.ps1'
[4.748s] INFO:colcon.colcon_core.shell:Creating package descriptor '/home/sanjai/Documents/First_Robot/ros2_ws/install/rover_gps/share/rover_gps/package.dsv'
[4.749s] INFO:colcon.colcon_core.shell:Creating package script '/home/sanjai/Documents/First_Robot/ros2_ws/install/rover_gps/share/rover_gps/package.sh'
[4.751s] INFO:colcon.colcon_core.shell:Creating package script '/home/sanjai/Documents/First_Robot/ros2_ws/install/rover_gps/share/rover_gps/package.bash'
[4.752s] INFO:colcon.colcon_core.shell:Creating package script '/home/sanjai/Documents/First_Robot/ros2_ws/install/rover_gps/share/rover_gps/package.zsh'
[4.753s] Level 1:colcon.colcon_core.environment:create_file_with_runtime_dependencies(/home/sanjai/Documents/First_Robot/ros2_ws/install/rover_gps/share/colcon-core/packages/rover_gps)
[4.803s] Level 1:colcon.colcon_core.environment:checking '/home/sanjai/Documents/First_Robot/ros2_ws/install/rover_control' for CMake module files
[4.804s] DEBUG:colcon.colcon_core.event_handler.log_command:Invoked command in '/home/sanjai/Documents/First_Robot/ros2_ws/src/rover_control' returned '0': DEBUGINFOD_URLS=https://debuginfod.ubuntu.com PYTHONPATH=/home/sanjai/Documents/First_Robot/ros2_ws/build/rover_control/prefix_override:/usr/lib/python3/dist-packages/colcon_core/task/python/colcon_distutils_commands:/home/sanjai/Documents/First_Robot/ros2_ws/install/rover_control/lib/python3.12/site-packages:${PYTHONPATH} /usr/bin/python3 -W ignore:setup.py install is deprecated -W ignore:easy_install command is deprecated setup.py egg_info --egg-base ../../build/rover_control build --build-base /home/sanjai/Documents/First_Robot/ros2_ws/build/rover_control/build install --record /home/sanjai/Documents/First_Robot/ros2_ws/build/rover_control/install.log --single-version-externally-managed install_data
[4.805s] Level 1:colcon.colcon_core.environment:checking '/home/sanjai/Documents/First_Robot/ros2_ws/install/rover_control' for CMake config files
[4.806s] Level 1:colcon.colcon_core.environment:checking '/home/sanjai/Documents/First_Robot/ros2_ws/install/rover_control/lib'
[4.806s] Level 1:colcon.colcon_core.environment:checking '/home/sanjai/Documents/First_Robot/ros2_ws/install/rover_control/bin'
[4.806s] Level 1:colcon.colcon_core.environment:checking '/home/sanjai/Documents/First_Robot/ros2_ws/install/rover_control/lib/pkgconfig/rover_control.pc'
[4.806s] Level 1:colcon.colcon_core.environment:checking '/home/sanjai/Documents/First_Robot/ros2_ws/install/rover_control/lib/python3.12/site-packages'
[4.806s] Level 1:colcon.colcon_core.shell:create_environment_hook('rover_control', 'pythonpath')
[4.807s] INFO:colcon.colcon_core.shell:Creating environment hook '/home/sanjai/Documents/First_Robot/ros2_ws/install/rover_control/share/rover_control/hook/pythonpath.ps1'
[4.807s] INFO:colcon.colcon_core.shell:Creating environment descriptor '/home/sanjai/Documents/First_Robot/ros2_ws/install/rover_control/share/rover_control/hook/pythonpath.dsv'
[4.808s] INFO:colcon.colcon_core.shell:Creating environment hook '/home/sanjai/Documents/First_Robot/ros2_ws/install/rover_control/share/rover_control/hook/pythonpath.sh'
[4.809s] Level 1:colcon.colcon_core.environment:checking '/home/sanjai/Documents/First_Robot/ros2_ws/install/rover_control/bin'
[4.809s] Level 1:colcon.colcon_core.environment:create_environment_scripts_only(rover_control)
[4.809s] INFO:colcon.colcon_core.shell:Creating package script '/home/sanjai/Documents/First_Robot/ros2_ws/install/rover_control/share/rover_control/package.ps1'
[4.810s] INFO:colcon.colcon_core.shell:Creating package descriptor '/home/sanjai/Documents/First_Robot/ros2_ws/install/rover_control/share/rover_control/package.dsv'
[4.811s] INFO:colcon.colcon_core.shell:Creating package script '/home/sanjai/Documents/First_Robot/ros2_ws/install/rover_control/share/rover_control/package.sh'
[4.812s] INFO:colcon.colcon_core.shell:Creating package script '/home/sanjai/Documents/First_Robot/ros2_ws/install/rover_control/share/rover_control/package.bash'
[4.812s] INFO:colcon.colcon_core.shell:Creating package script '/home/sanjai/Documents/First_Robot/ros2_ws/install/rover_control/share/rover_control/package.zsh'
[4.812s] Level 1:colcon.colcon_core.environment:create_file_with_runtime_dependencies(/home/sanjai/Documents/First_Robot/ros2_ws/install/rover_control/share/colcon-core/packages/rover_control)
[4.815s] Level 1:colcon.colcon_core.environment:checking '/home/sanjai/Documents/First_Robot/ros2_ws/install/rover_camera' for CMake module files
[4.816s] DEBUG:colcon.colcon_core.event_handler.log_command:Invoked command in '/home/sanjai/Documents/First_Robot/ros2_ws/src/rover_camera' returned '0': DEBUGINFOD_URLS=https://debuginfod.ubuntu.com PYTHONPATH=/home/sanjai/Documents/First_Robot/ros2_ws/build/rover_camera/prefix_override:/usr/lib/python3/dist-packages/colcon_core/task/python/colcon_distutils_commands:/home/sanjai/Documents/First_Robot/ros2_ws/install/rover_camera/lib/python3.12/site-packages:${PYTHONPATH} /usr/bin/python3 -W ignore:setup.py install is deprecated -W ignore:easy_install command is deprecated setup.py egg_info --egg-base ../../build/rover_camera build --build-base /home/sanjai/Documents/First_Robot/ros2_ws/build/rover_camera/build install --record /home/sanjai/Documents/First_Robot/ros2_ws/build/rover_camera/install.log --single-version-externally-managed install_data
[4.817s] Level 1:colcon.colcon_core.environment:checking '/home/sanjai/Documents/First_Robot/ros2_ws/install/rover_camera' for CMake config files
[4.818s] Level 1:colcon.colcon_core.environment:checking '/home/sanjai/Documents/First_Robot/ros2_ws/install/rover_camera/lib'
[4.818s] Level 1:colcon.colcon_core.environment:checking '/home/sanjai/Documents/First_Robot/ros2_ws/install/rover_camera/bin'
[4.818s] Level 1:colcon.colcon_core.environment:checking '/home/sanjai/Documents/First_Robot/ros2_ws/install/rover_camera/lib/pkgconfig/rover_camera.pc'
[4.818s] Level 1:colcon.colcon_core.environment:checking '/home/sanjai/Documents/First_Robot/ros2_ws/install/rover_camera/lib/python3.12/site-packages'
[4.818s] Level 1:colcon.colcon_core.shell:create_environment_hook('rover_camera', 'pythonpath')
[4.819s] INFO:colcon.colcon_core.shell:Creating environment hook '/home/sanjai/Documents/First_Robot/ros2_ws/install/rover_camera/share/rover_camera/hook/pythonpath.ps1'
[4.819s] INFO:colcon.colcon_core.shell:Creating environment descriptor '/home/sanjai/Documents/First_Robot/ros2_ws/install/rover_camera/share/rover_camera/hook/pythonpath.dsv'
[4.820s] INFO:colcon.colcon_core.shell:Creating environment hook '/home/sanjai/Documents/First_Robot/ros2_ws/install/rover_camera/share/rover_camera/hook/pythonpath.sh'
[4.821s] Level 1:colcon.colcon_core.environment:checking '/home/sanjai/Documents/First_Robot/ros2_ws/install/rover_camera/bin'
[4.821s] Level 1:colcon.colcon_core.environment:create_environment_scripts_only(rover_camera)
[4.821s] INFO:colcon.colcon_core.shell:Creating package script '/home/sanjai/Documents/First_Robot/ros2_ws/install/rover_camera/share/rover_camera/package.ps1'
[4.822s] INFO:colcon.colcon_core.shell:Creating package descriptor '/home/sanjai/Documents/First_Robot/ros2_ws/install/rover_camera/share/rover_camera/package.dsv'
[4.823s] INFO:colcon.colcon_core.shell:Creating package script '/home/sanjai/Documents/First_Robot/ros2_ws/install/rover_camera/share/rover_camera/package.sh'
[4.823s] INFO:colcon.colcon_core.shell:Creating package script '/home/sanjai/Documents/First_Robot/ros2_ws/install/rover_camera/share/rover_camera/package.bash'
[4.824s] INFO:colcon.colcon_core.shell:Creating package script '/home/sanjai/Documents/First_Robot/ros2_ws/install/rover_camera/share/rover_camera/package.zsh'
[4.824s] Level 1:colcon.colcon_core.environment:create_file_with_runtime_dependencies(/home/sanjai/Documents/First_Robot/ros2_ws/install/rover_camera/share/colcon-core/packages/rover_camera)
[4.828s] Level 1:colcon.colcon_core.environment:checking '/home/sanjai/Documents/First_Robot/ros2_ws/install/rover_base' for CMake module files
[4.829s] DEBUG:colcon.colcon_core.event_handler.log_command:Invoked command in '/home/sanjai/Documents/First_Robot/ros2_ws/src/rover_base' returned '0': DEBUGINFOD_URLS=https://debuginfod.ubuntu.com PYTHONPATH=/home/sanjai/Documents/First_Robot/ros2_ws/build/rover_base/prefix_override:/usr/lib/python3/dist-packages/colcon_core/task/python/colcon_distutils_commands:/home/sanjai/Documents/First_Robot/ros2_ws/install/rover_base/lib/python3.12/site-packages:${PYTHONPATH} /usr/bin/python3 -W ignore:setup.py install is deprecated -W ignore:easy_install command is deprecated setup.py egg_info --egg-base ../../build/rover_base build --build-base /home/sanjai/Documents/First_Robot/ros2_ws/build/rover_base/build install --record /home/sanjai/Documents/First_Robot/ros2_ws/build/rover_base/install.log --single-version-externally-managed install_data
[4.829s] Level 1:colcon.colcon_core.environment:checking '/home/sanjai/Documents/First_Robot/ros2_ws/install/rover_base' for CMake config files
[4.830s] Level 1:colcon.colcon_core.environment:checking '/home/sanjai/Documents/First_Robot/ros2_ws/install/rover_base/lib'
[4.830s] Level 1:colcon.colcon_core.environment:checking '/home/sanjai/Documents/First_Robot/ros2_ws/install/rover_base/bin'
[4.831s] Level 1:colcon.colcon_core.environment:checking '/home/sanjai/Documents/First_Robot/ros2_ws/install/rover_base/lib/pkgconfig/rover_base.pc'
[4.831s] Level 1:colcon.colcon_core.environment:checking '/home/sanjai/Documents/First_Robot/ros2_ws/install/rover_base/lib/python3.12/site-packages'
[4.831s] Level 1:colcon.colcon_core.shell:create_environment_hook('rover_base', 'pythonpath')
[4.832s] INFO:colcon.colcon_core.shell:Creating environment hook '/home/sanjai/Documents/First_Robot/ros2_ws/install/rover_base/share/rover_base/hook/pythonpath.ps1'
[4.832s] INFO:colcon.colcon_core.shell:Creating environment descriptor '/home/sanjai/Documents/First_Robot/ros2_ws/install/rover_base/share/rover_base/hook/pythonpath.dsv'
[4.833s] INFO:colcon.colcon_core.shell:Creating environment hook '/home/sanjai/Documents/First_Robot/ros2_ws/install/rover_base/share/rover_base/hook/pythonpath.sh'
[4.834s] Level 1:colcon.colcon_core.environment:checking '/home/sanjai/Documents/First_Robot/ros2_ws/install/rover_base/bin'
[4.834s] Level 1:colcon.colcon_core.environment:create_environment_scripts_only(rover_base)
[4.835s] INFO:colcon.colcon_core.shell:Creating package script '/home/sanjai/Documents/First_Robot/ros2_ws/install/rover_base/share/rover_base/package.ps1'
[4.836s] INFO:colcon.colcon_core.shell:Creating package descriptor '/home/sanjai/Documents/First_Robot/ros2_ws/install/rover_base/share/rover_base/package.dsv'
[4.836s] INFO:colcon.colcon_core.shell:Creating package script '/home/sanjai/Documents/First_Robot/ros2_ws/install/rover_base/share/rover_base/package.sh'
[4.837s] INFO:colcon.colcon_core.shell:Creating package script '/home/sanjai/Documents/First_Robot/ros2_ws/install/rover_base/share/rover_base/package.bash'
[4.838s] INFO:colcon.colcon_core.shell:Creating package script '/home/sanjai/Documents/First_Robot/ros2_ws/install/rover_base/share/rover_base/package.zsh'
[4.839s] Level 1:colcon.colcon_core.environment:create_file_with_runtime_dependencies(/home/sanjai/Documents/First_Robot/ros2_ws/install/rover_base/share/colcon-core/packages/rover_base)
[4.846s] Level 1:colcon.colcon_core.environment:checking '/home/sanjai/Documents/First_Robot/ros2_ws/install/rover_telemetry' for CMake module files
[4.847s] DEBUG:colcon.colcon_core.event_handler.log_command:Invoked command in '/home/sanjai/Documents/First_Robot/ros2_ws/src/rover_telemetry' returned '0': DEBUGINFOD_URLS=https://debuginfod.ubuntu.com PYTHONPATH=/home/sanjai/Documents/First_Robot/ros2_ws/build/rover_telemetry/prefix_override:/usr/lib/python3/dist-packages/colcon_core/task/python/colcon_distutils_commands:/home/sanjai/Documents/First_Robot/ros2_ws/install/rover_telemetry/lib/python3.12/site-packages:${PYTHONPATH} /usr/bin/python3 -W ignore:setup.py install is deprecated -W ignore:easy_install command is deprecated setup.py egg_info --egg-base ../../build/rover_telemetry build --build-base /home/sanjai/Documents/First_Robot/ros2_ws/build/rover_telemetry/build install --record /home/sanjai/Documents/First_Robot/ros2_ws/build/rover_telemetry/install.log --single-version-externally-managed install_data
[4.848s] Level 1:colcon.colcon_core.environment:checking '/home/sanjai/Documents/First_Robot/ros2_ws/install/rover_telemetry' for CMake config files
[4.849s] Level 1:colcon.colcon_core.environment:checking '/home/sanjai/Documents/First_Robot/ros2_ws/install/rover_telemetry/lib'
[4.849s] Level 1:colcon.colcon_core.environment:checking '/home/sanjai/Documents/First_Robot/ros2_ws/install/rover_telemetry/bin'
[4.849s] Level 1:colcon.colcon_core.environment:checking '/home/sanjai/Documents/First_Robot/ros2_ws/install/rover_telemetry/lib/pkgconfig/rover_telemetry.pc'
[4.850s] Level 1:colcon.colcon_core.environment:checking '/home/sanjai/Documents/First_Robot/ros2_ws/install/rover_telemetry/lib/python3.12/site-packages'
[4.850s] Level 1:colcon.colcon_core.shell:create_environment_hook('rover_telemetry', 'pythonpath')
[4.850s] INFO:colcon.colcon_core.shell:Creating environment hook '/home/sanjai/Documents/First_Robot/ros2_ws/install/rover_telemetry/share/rover_telemetry/hook/pythonpath.ps1'
[4.851s] INFO:colcon.colcon_core.shell:Creating environment descriptor '/home/sanjai/Documents/First_Robot/ros2_ws/install/rover_telemetry/share/rover_telemetry/hook/pythonpath.dsv'
[4.852s] INFO:colcon.colcon_core.shell:Creating environment hook '/home/sanjai/Documents/First_Robot/ros2_ws/install/rover_telemetry/share/rover_telemetry/hook/pythonpath.sh'
[4.853s] Level 1:colcon.colcon_core.environment:checking '/home/sanjai/Documents/First_Robot/ros2_ws/install/rover_telemetry/bin'
[4.853s] Level 1:colcon.colcon_core.environment:create_environment_scripts_only(rover_telemetry)
[4.853s] INFO:colcon.colcon_core.shell:Creating package script '/home/sanjai/Documents/First_Robot/ros2_ws/install/rover_telemetry/share/rover_telemetry/package.ps1'
[4.854s] INFO:colcon.colcon_core.shell:Creating package descriptor '/home/sanjai/Documents/First_Robot/ros2_ws/install/rover_telemetry/share/rover_telemetry/package.dsv'
[4.855s] INFO:colcon.colcon_core.shell:Creating package script '/home/sanjai/Documents/First_Robot/ros2_ws/install/rover_telemetry/share/rover_telemetry/package.sh'
[4.856s] INFO:colcon.colcon_core.shell:Creating package script '/home/sanjai/Documents/First_Robot/ros2_ws/install/rover_telemetry/share/rover_telemetry/package.bash'
[4.856s] INFO:colcon.colcon_core.shell:Creating package script '/home/sanjai/Documents/First_Robot/ros2_ws/install/rover_telemetry/share/rover_telemetry/package.zsh'
[4.857s] Level 1:colcon.colcon_core.environment:create_file_with_runtime_dependencies(/home/sanjai/Documents/First_Robot/ros2_ws/install/rover_telemetry/share/colcon-core/packages/rover_telemetry)
[4.877s] Level 1:colcon.colcon_core.environment:checking '/home/sanjai/Documents/First_Robot/ros2_ws/install/rover_lidar' for CMake module files
[4.878s] DEBUG:colcon.colcon_core.event_handler.log_command:Invoked command in '/home/sanjai/Documents/First_Robot/ros2_ws/src/rover_lidar' returned '0': DEBUGINFOD_URLS=https://debuginfod.ubuntu.com PYTHONPATH=/home/sanjai/Documents/First_Robot/ros2_ws/build/rover_lidar/prefix_override:/usr/lib/python3/dist-packages/colcon_core/task/python/colcon_distutils_commands:/home/sanjai/Documents/First_Robot/ros2_ws/install/rover_lidar/lib/python3.12/site-packages:${PYTHONPATH} /usr/bin/python3 -W ignore:setup.py install is deprecated -W ignore:easy_install command is deprecated setup.py egg_info --egg-base ../../build/rover_lidar build --build-base /home/sanjai/Documents/First_Robot/ros2_ws/build/rover_lidar/build install --record /home/sanjai/Documents/First_Robot/ros2_ws/build/rover_lidar/install.log --single-version-externally-managed install_data
[4.879s] Level 1:colcon.colcon_core.environment:checking '/home/sanjai/Documents/First_Robot/ros2_ws/install/rover_lidar' for CMake config files
[4.880s] Level 1:colcon.colcon_core.environment:checking '/home/sanjai/Documents/First_Robot/ros2_ws/install/rover_lidar/lib'
[4.880s] Level 1:colcon.colcon_core.environment:checking '/home/sanjai/Documents/First_Robot/ros2_ws/install/rover_lidar/bin'
[4.880s] Level 1:colcon.colcon_core.environment:checking '/home/sanjai/Documents/First_Robot/ros2_ws/install/rover_lidar/lib/pkgconfig/rover_lidar.pc'
[4.880s] Level 1:colcon.colcon_core.environment:checking '/home/sanjai/Documents/First_Robot/ros2_ws/install/rover_lidar/lib/python3.12/site-packages'
[4.880s] Level 1:colcon.colcon_core.shell:create_environment_hook('rover_lidar', 'pythonpath')
[4.881s] INFO:colcon.colcon_core.shell:Creating environment hook '/home/sanjai/Documents/First_Robot/ros2_ws/install/rover_lidar/share/rover_lidar/hook/pythonpath.ps1'
[4.882s] INFO:colcon.colcon_core.shell:Creating environment descriptor '/home/sanjai/Documents/First_Robot/ros2_ws/install/rover_lidar/share/rover_lidar/hook/pythonpath.dsv'
[4.882s] INFO:colcon.colcon_core.shell:Creating environment hook '/home/sanjai/Documents/First_Robot/ros2_ws/install/rover_lidar/share/rover_lidar/hook/pythonpath.sh'
[4.884s] Level 1:colcon.colcon_core.environment:checking '/home/sanjai/Documents/First_Robot/ros2_ws/install/rover_lidar/bin'
[4.884s] Level 1:colcon.colcon_core.environment:create_environment_scripts_only(rover_lidar)
[4.885s] INFO:colcon.colcon_core.shell:Creating package script '/home/sanjai/Documents/First_Robot/ros2_ws/install/rover_lidar/share/rover_lidar/package.ps1'
[4.886s] INFO:colcon.colcon_core.shell:Creating package descriptor '/home/sanjai/Documents/First_Robot/ros2_ws/install/rover_lidar/share/rover_lidar/package.dsv'
[4.887s] INFO:colcon.colcon_core.shell:Creating package script '/home/sanjai/Documents/First_Robot/ros2_ws/install/rover_lidar/share/rover_lidar/package.sh'
[4.888s] INFO:colcon.colcon_core.shell:Creating package script '/home/sanjai/Documents/First_Robot/ros2_ws/install/rover_lidar/share/rover_lidar/package.bash'
[4.889s] INFO:colcon.colcon_core.shell:Creating package script '/home/sanjai/Documents/First_Robot/ros2_ws/install/rover_lidar/share/rover_lidar/package.zsh'
[4.890s] Level 1:colcon.colcon_core.environment:create_file_with_runtime_dependencies(/home/sanjai/Documents/First_Robot/ros2_ws/install/rover_lidar/share/colcon-core/packages/rover_lidar)
[4.890s] DEBUG:colcon.colcon_parallel_executor.executor.parallel:closing loop
[4.891s] DEBUG:colcon.colcon_parallel_executor.executor.parallel:loop closed
[4.891s] DEBUG:colcon.colcon_parallel_executor.executor.parallel:run_until_complete finished with '0'
[4.892s] DEBUG:colcon.colcon_core.event_reactor:joining thread
[4.901s] INFO:colcon.colcon_core.plugin_system:Skipping extension 'colcon_notification.desktop_notification.terminal_notifier': Not used on non-Darwin systems
[4.901s] INFO:colcon.colcon_core.plugin_system:Skipping extension 'colcon_notification.desktop_notification.win32': Not used on non-Windows systems
[4.901s] INFO:colcon.colcon_notification.desktop_notification:Sending desktop notification using 'notify2'
[4.915s] DEBUG:colcon.colcon_core.event_reactor:joined thread
[4.916s] INFO:colcon.colcon_core.shell:Creating prefix script '/home/sanjai/Documents/First_Robot/ros2_ws/install/local_setup.ps1'
[4.917s] INFO:colcon.colcon_core.shell:Creating prefix util module '/home/sanjai/Documents/First_Robot/ros2_ws/install/_local_setup_util_ps1.py'
[4.919s] INFO:colcon.colcon_core.shell:Creating prefix chain script '/home/sanjai/Documents/First_Robot/ros2_ws/install/setup.ps1'
[4.920s] INFO:colcon.colcon_core.shell:Creating prefix script '/home/sanjai/Documents/First_Robot/ros2_ws/install/local_setup.sh'
[4.921s] INFO:colcon.colcon_core.shell:Creating prefix util module '/home/sanjai/Documents/First_Robot/ros2_ws/install/_local_setup_util_sh.py'
[4.922s] INFO:colcon.colcon_core.shell:Creating prefix chain script '/home/sanjai/Documents/First_Robot/ros2_ws/install/setup.sh'
[4.923s] INFO:colcon.colcon_core.shell:Creating prefix script '/home/sanjai/Documents/First_Robot/ros2_ws/install/local_setup.bash'
[4.924s] INFO:colcon.colcon_core.shell:Creating prefix chain script '/home/sanjai/Documents/First_Robot/ros2_ws/install/setup.bash'
[4.925s] INFO:colcon.colcon_core.shell:Creating prefix script '/home/sanjai/Documents/First_Robot/ros2_ws/install/local_setup.zsh'
[4.926s] INFO:colcon.colcon_core.shell:Creating prefix chain script '/home/sanjai/Documents/First_Robot/ros2_ws/install/setup.zsh'
