[3.795s] Invoking command in '/home/sanjai/Documents/First_Robot/ros2_ws/src/rover_base': DEBUGINFOD_URLS=https://debuginfod.ubuntu.com PYTHONPATH=/home/sanjai/Documents/First_Robot/ros2_ws/build/rover_base/prefix_override:/usr/lib/python3/dist-packages/colcon_core/task/python/colcon_distutils_commands:/home/sanjai/Documents/First_Robot/ros2_ws/install/rover_base/lib/python3.12/site-packages:${PYTHONPATH} /usr/bin/python3 -W ignore:setup.py install is deprecated -W ignore:easy_install command is deprecated setup.py egg_info --egg-base ../../build/rover_base build --build-base /home/sanjai/Documents/First_Robot/ros2_ws/build/rover_base/build install --record /home/sanjai/Documents/First_Robot/ros2_ws/build/rover_base/install.log --single-version-externally-managed install_data
[4.268s] running egg_info
[4.303s] writing ../../build/rover_base/rover_base.egg-info/PKG-INFO
[4.304s] writing dependency_links to ../../build/rover_base/rover_base.egg-info/dependency_links.txt
[4.305s] writing entry points to ../../build/rover_base/rover_base.egg-info/entry_points.txt
[4.305s] writing requirements to ../../build/rover_base/rover_base.egg-info/requires.txt
[4.306s] writing top-level names to ../../build/rover_base/rover_base.egg-info/top_level.txt
[4.381s] reading manifest file '../../build/rover_base/rover_base.egg-info/SOURCES.txt'
[4.383s] writing manifest file '../../build/rover_base/rover_base.egg-info/SOURCES.txt'
[4.383s] running build
[4.384s] running build_py
[4.384s] running install
[4.395s] running install_lib
[4.434s] running install_data
[4.434s] running install_egg_info
[4.473s] removing '/home/sanjai/Documents/First_Robot/ros2_ws/install/rover_base/lib/python3.12/site-packages/rover_base-0.0.0-py3.12.egg-info' (and everything under it)
[4.473s] Copying ../../build/rover_base/rover_base.egg-info to /home/sanjai/Documents/First_Robot/ros2_ws/install/rover_base/lib/python3.12/site-packages/rover_base-0.0.0-py3.12.egg-info
[4.476s] running install_scripts
[4.712s] Installing base_driver script to /home/sanjai/Documents/First_Robot/ros2_ws/install/rover_base/lib/rover_base
[4.713s] writing list of installed files to '/home/sanjai/Documents/First_Robot/ros2_ws/build/rover_base/install.log'
[4.766s] Invoked command in '/home/sanjai/Documents/First_Robot/ros2_ws/src/rover_base' returned '0': DEBUGINFOD_URLS=https://debuginfod.ubuntu.com PYTHONPATH=/home/sanjai/Documents/First_Robot/ros2_ws/build/rover_base/prefix_override:/usr/lib/python3/dist-packages/colcon_core/task/python/colcon_distutils_commands:/home/sanjai/Documents/First_Robot/ros2_ws/install/rover_base/lib/python3.12/site-packages:${PYTHONPATH} /usr/bin/python3 -W ignore:setup.py install is deprecated -W ignore:easy_install command is deprecated setup.py egg_info --egg-base ../../build/rover_base build --build-base /home/sanjai/Documents/First_Robot/ros2_ws/build/rover_base/build install --record /home/sanjai/Documents/First_Robot/ros2_ws/build/rover_base/install.log --single-version-externally-managed install_data
