[3.742s] Invoking command in '/home/sanjai/Documents/First_Robot/ros2_ws/src/rover_lidar': DEBUGINFOD_URLS=https://debuginfod.ubuntu.com PYTHONPATH=/home/sanjai/Documents/First_Robot/ros2_ws/build/rover_lidar/prefix_override:/usr/lib/python3/dist-packages/colcon_core/task/python/colcon_distutils_commands:/home/sanjai/Documents/First_Robot/ros2_ws/install/rover_lidar/lib/python3.12/site-packages:${PYTHONPATH} /usr/bin/python3 -W ignore:setup.py install is deprecated -W ignore:easy_install command is deprecated setup.py egg_info --egg-base ../../build/rover_lidar build --build-base /home/sanjai/Documents/First_Robot/ros2_ws/build/rover_lidar/build install --record /home/sanjai/Documents/First_Robot/ros2_ws/build/rover_lidar/install.log --single-version-externally-managed install_data
[4.299s] running egg_info
[4.336s] writing ../../build/rover_lidar/rover_lidar.egg-info/PKG-INFO
[4.337s] writing dependency_links to ../../build/rover_lidar/rover_lidar.egg-info/dependency_links.txt
[4.337s] writing entry points to ../../build/rover_lidar/rover_lidar.egg-info/entry_points.txt
[4.337s] writing requirements to ../../build/rover_lidar/rover_lidar.egg-info/requires.txt
[4.338s] writing top-level names to ../../build/rover_lidar/rover_lidar.egg-info/top_level.txt
[4.415s] reading manifest file '../../build/rover_lidar/rover_lidar.egg-info/SOURCES.txt'
[4.417s] writing manifest file '../../build/rover_lidar/rover_lidar.egg-info/SOURCES.txt'
[4.417s] running build
[4.417s] running build_py
[4.418s] running install
[4.431s] running install_lib
[4.471s] running install_data
[4.471s] running install_egg_info
[4.517s] removing '/home/sanjai/Documents/First_Robot/ros2_ws/install/rover_lidar/lib/python3.12/site-packages/rover_lidar-0.0.0-py3.12.egg-info' (and everything under it)
[4.518s] Copying ../../build/rover_lidar/rover_lidar.egg-info to /home/sanjai/Documents/First_Robot/ros2_ws/install/rover_lidar/lib/python3.12/site-packages/rover_lidar-0.0.0-py3.12.egg-info
[4.520s] running install_scripts
[4.763s] Installing lidar_node script to /home/sanjai/Documents/First_Robot/ros2_ws/install/rover_lidar/lib/rover_lidar
[4.764s] writing list of installed files to '/home/sanjai/Documents/First_Robot/ros2_ws/build/rover_lidar/install.log'
[4.818s] Invoked command in '/home/sanjai/Documents/First_Robot/ros2_ws/src/rover_lidar' returned '0': DEBUGINFOD_URLS=https://debuginfod.ubuntu.com PYTHONPATH=/home/sanjai/Documents/First_Robot/ros2_ws/build/rover_lidar/prefix_override:/usr/lib/python3/dist-packages/colcon_core/task/python/colcon_distutils_commands:/home/sanjai/Documents/First_Robot/ros2_ws/install/rover_lidar/lib/python3.12/site-packages:${PYTHONPATH} /usr/bin/python3 -W ignore:setup.py install is deprecated -W ignore:easy_install command is deprecated setup.py egg_info --egg-base ../../build/rover_lidar build --build-base /home/sanjai/Documents/First_Robot/ros2_ws/build/rover_lidar/build install --record /home/sanjai/Documents/First_Robot/ros2_ws/build/rover_lidar/install.log --single-version-externally-managed install_data
