running egg_info
creating ../../build/rover_base/rover_base.egg-info
writing ../../build/rover_base/rover_base.egg-info/PKG-INFO
writing dependency_links to ../../build/rover_base/rover_base.egg-info/dependency_links.txt
writing entry points to ../../build/rover_base/rover_base.egg-info/entry_points.txt
writing requirements to ../../build/rover_base/rover_base.egg-info/requires.txt
writing top-level names to ../../build/rover_base/rover_base.egg-info/top_level.txt
writing manifest file '../../build/rover_base/rover_base.egg-info/SOURCES.txt'
reading manifest file '../../build/rover_base/rover_base.egg-info/SOURCES.txt'
writing manifest file '../../build/rover_base/rover_base.egg-info/SOURCES.txt'
running build
running build_py
creating /home/sanjai/Documents/First_Robot/ros2_ws/build/rover_base/build
creating /home/sanjai/Documents/First_Robot/ros2_ws/build/rover_base/build/lib
creating /home/sanjai/Documents/First_Robot/ros2_ws/build/rover_base/build/lib/rover_base
copying rover_base/base_driver.py -> /home/sanjai/Documents/First_Robot/ros2_ws/build/rover_base/build/lib/rover_base
copying rover_base/__init__.py -> /home/sanjai/Documents/First_Robot/ros2_ws/build/rover_base/build/lib/rover_base
running install
running install_lib
creating /home/sanjai/Documents/First_Robot/ros2_ws/install/rover_base/lib/python3.12/site-packages/rover_base
copying /home/sanjai/Documents/First_Robot/ros2_ws/build/rover_base/build/lib/rover_base/base_driver.py -> /home/sanjai/Documents/First_Robot/ros2_ws/install/rover_base/lib/python3.12/site-packages/rover_base
copying /home/sanjai/Documents/First_Robot/ros2_ws/build/rover_base/build/lib/rover_base/__init__.py -> /home/sanjai/Documents/First_Robot/ros2_ws/install/rover_base/lib/python3.12/site-packages/rover_base
byte-compiling /home/sanjai/Documents/First_Robot/ros2_ws/install/rover_base/lib/python3.12/site-packages/rover_base/base_driver.py to base_driver.cpython-312.pyc
byte-compiling /home/sanjai/Documents/First_Robot/ros2_ws/install/rover_base/lib/python3.12/site-packages/rover_base/__init__.py to __init__.cpython-312.pyc
running install_data
creating /home/sanjai/Documents/First_Robot/ros2_ws/install/rover_base/share/ament_index
creating /home/sanjai/Documents/First_Robot/ros2_ws/install/rover_base/share/ament_index/resource_index
creating /home/sanjai/Documents/First_Robot/ros2_ws/install/rover_base/share/ament_index/resource_index/packages
copying resource/rover_base -> /home/sanjai/Documents/First_Robot/ros2_ws/install/rover_base/share/ament_index/resource_index/packages
copying package.xml -> /home/sanjai/Documents/First_Robot/ros2_ws/install/rover_base/share/rover_base
running install_egg_info
Copying ../../build/rover_base/rover_base.egg-info to /home/sanjai/Documents/First_Robot/ros2_ws/install/rover_base/lib/python3.12/site-packages/rover_base-0.0.0-py3.12.egg-info
running install_scripts
Installing base_driver script to /home/sanjai/Documents/First_Robot/ros2_ws/install/rover_base/lib/rover_base
writing list of installed files to '/home/sanjai/Documents/First_Robot/ros2_ws/build/rover_base/install.log'
