[3.349s] Invoking command in '/home/sanjai/Documents/First_Robot/ros2_ws/src/rover_base': DEBUGINFOD_URLS=https://debuginfod.ubuntu.com PYTHONPATH=/home/sanjai/Documents/First_Robot/ros2_ws/build/rover_base/prefix_override:/usr/lib/python3/dist-packages/colcon_core/task/python/colcon_distutils_commands:/home/sanjai/Documents/First_Robot/ros2_ws/install/rover_base/lib/python3.12/site-packages:${PYTHONPATH} /usr/bin/python3 -W ignore:setup.py install is deprecated -W ignore:easy_install command is deprecated setup.py egg_info --egg-base ../../build/rover_base build --build-base /home/sanjai/Documents/First_Robot/ros2_ws/build/rover_base/build install --record /home/sanjai/Documents/First_Robot/ros2_ws/build/rover_base/install.log --single-version-externally-managed install_data
[3.817s] running egg_info
[3.818s] creating ../../build/rover_base/rover_base.egg-info
[3.855s] writing ../../build/rover_base/rover_base.egg-info/PKG-INFO
[3.855s] writing dependency_links to ../../build/rover_base/rover_base.egg-info/dependency_links.txt
[3.856s] writing entry points to ../../build/rover_base/rover_base.egg-info/entry_points.txt
[3.856s] writing requirements to ../../build/rover_base/rover_base.egg-info/requires.txt
[3.856s] writing top-level names to ../../build/rover_base/rover_base.egg-info/top_level.txt
[3.857s] writing manifest file '../../build/rover_base/rover_base.egg-info/SOURCES.txt'
[3.937s] reading manifest file '../../build/rover_base/rover_base.egg-info/SOURCES.txt'
[3.938s] writing manifest file '../../build/rover_base/rover_base.egg-info/SOURCES.txt'
[3.938s] running build
[3.938s] running build_py
[3.939s] creating /home/sanjai/Documents/First_Robot/ros2_ws/build/rover_base/build
[3.939s] creating /home/sanjai/Documents/First_Robot/ros2_ws/build/rover_base/build/lib
[3.939s] creating /home/sanjai/Documents/First_Robot/ros2_ws/build/rover_base/build/lib/rover_base
[3.940s] copying rover_base/base_driver.py -> /home/sanjai/Documents/First_Robot/ros2_ws/build/rover_base/build/lib/rover_base
[3.940s] copying rover_base/__init__.py -> /home/sanjai/Documents/First_Robot/ros2_ws/build/rover_base/build/lib/rover_base
[3.940s] running install
[3.953s] running install_lib
[3.988s] creating /home/sanjai/Documents/First_Robot/ros2_ws/install/rover_base/lib/python3.12/site-packages/rover_base
[3.989s] copying /home/sanjai/Documents/First_Robot/ros2_ws/build/rover_base/build/lib/rover_base/base_driver.py -> /home/sanjai/Documents/First_Robot/ros2_ws/install/rover_base/lib/python3.12/site-packages/rover_base
[3.990s] copying /home/sanjai/Documents/First_Robot/ros2_ws/build/rover_base/build/lib/rover_base/__init__.py -> /home/sanjai/Documents/First_Robot/ros2_ws/install/rover_base/lib/python3.12/site-packages/rover_base
[3.990s] byte-compiling /home/sanjai/Documents/First_Robot/ros2_ws/install/rover_base/lib/python3.12/site-packages/rover_base/base_driver.py to base_driver.cpython-312.pyc
[3.991s] byte-compiling /home/sanjai/Documents/First_Robot/ros2_ws/install/rover_base/lib/python3.12/site-packages/rover_base/__init__.py to __init__.cpython-312.pyc
[3.992s] running install_data
[3.992s] creating /home/sanjai/Documents/First_Robot/ros2_ws/install/rover_base/share/ament_index
[3.993s] creating /home/sanjai/Documents/First_Robot/ros2_ws/install/rover_base/share/ament_index/resource_index
[3.993s] creating /home/sanjai/Documents/First_Robot/ros2_ws/install/rover_base/share/ament_index/resource_index/packages
[3.993s] copying resource/rover_base -> /home/sanjai/Documents/First_Robot/ros2_ws/install/rover_base/share/ament_index/resource_index/packages
[3.993s] copying package.xml -> /home/sanjai/Documents/First_Robot/ros2_ws/install/rover_base/share/rover_base
[3.994s] running install_egg_info
[4.036s] Copying ../../build/rover_base/rover_base.egg-info to /home/sanjai/Documents/First_Robot/ros2_ws/install/rover_base/lib/python3.12/site-packages/rover_base-0.0.0-py3.12.egg-info
[4.037s] running install_scripts
[4.330s] Installing base_driver script to /home/sanjai/Documents/First_Robot/ros2_ws/install/rover_base/lib/rover_base
[4.331s] writing list of installed files to '/home/sanjai/Documents/First_Robot/ros2_ws/build/rover_base/install.log'
[4.384s] Invoked command in '/home/sanjai/Documents/First_Robot/ros2_ws/src/rover_base' returned '0': DEBUGINFOD_URLS=https://debuginfod.ubuntu.com PYTHONPATH=/home/sanjai/Documents/First_Robot/ros2_ws/build/rover_base/prefix_override:/usr/lib/python3/dist-packages/colcon_core/task/python/colcon_distutils_commands:/home/sanjai/Documents/First_Robot/ros2_ws/install/rover_base/lib/python3.12/site-packages:${PYTHONPATH} /usr/bin/python3 -W ignore:setup.py install is deprecated -W ignore:easy_install command is deprecated setup.py egg_info --egg-base ../../build/rover_base build --build-base /home/sanjai/Documents/First_Robot/ros2_ws/build/rover_base/build install --record /home/sanjai/Documents/First_Robot/ros2_ws/build/rover_base/install.log --single-version-externally-managed install_data
