[0.183s] DEBUG:colcon:Command line arguments: ['/usr/bin/colcon', 'build', '--packages-select', 'rover_description']
[0.183s] DEBUG:colcon:Parsed command line arguments: Namespace(log_base=None, log_level=None, verb_name='build', build_base='build', install_base='install', merge_install=False, symlink_install=False, test_result_base=None, continue_on_error=False, executor='parallel', parallel_workers=12, event_handlers=None, ignore_user_meta=False, metas=['./colcon.meta'], base_paths=['.'], packages_ignore=None, packages_ignore_regex=None, paths=None, packages_up_to=None, packages_up_to_regex=None, packages_above=None, packages_above_and_dependencies=None, packages_above_depth=None, packages_select_by_dep=None, packages_skip_by_dep=None, packages_skip_up_to=None, packages_select_build_failed=False, packages_skip_build_finished=False, packages_select_test_failures=False, packages_skip_test_passed=False, packages_select=['rover_description'], packages_skip=None, packages_select_regex=None, packages_skip_regex=None, packages_start=None, packages_end=None, allow_overriding=[], cmake_args=None, cmake_target=None, cmake_target_skip_unavailable=False, cmake_clean_cache=False, cmake_clean_first=False, cmake_force_configure=False, ament_cmake_args=None, catkin_cmake_args=None, catkin_skip_building_tests=False, mixin_files=None, mixin=None, verb_parser=<colcon_mixin.mixin.mixin_argument.MixinArgumentDecorator object at 0x73b86fa38170>, verb_extension=<colcon_core.verb.build.BuildVerb object at 0x73b86fbb4380>, main=<bound method BuildVerb.main of <colcon_core.verb.build.BuildVerb object at 0x73b86fbb4380>>, mixin_verb=('build',))
[0.248s] Level 1:colcon.colcon_core.package_discovery:discover_packages(colcon_meta) check parameters
[0.248s] Level 1:colcon.colcon_core.package_discovery:discover_packages(recursive) check parameters
[0.248s] Level 1:colcon.colcon_core.package_discovery:discover_packages(ignore) check parameters
[0.248s] Level 1:colcon.colcon_core.package_discovery:discover_packages(path) check parameters
[0.248s] Level 1:colcon.colcon_core.package_discovery:discover_packages(colcon_meta) discover
[0.249s] Level 1:colcon.colcon_core.package_discovery:discover_packages(recursive) discover
[0.249s] INFO:colcon.colcon_core.package_discovery:Crawling recursively for packages in '/home/sanjai/Documents/First_Robot/ros2_ws'
[0.249s] Level 1:colcon.colcon_core.package_identification:_identify(.) by extensions ['ignore', 'ignore_ament_install']
[0.249s] Level 1:colcon.colcon_core.package_identification:_identify(.) by extension 'ignore'
[0.249s] Level 1:colcon.colcon_core.package_identification:_identify(.) by extension 'ignore_ament_install'
[0.249s] Level 1:colcon.colcon_core.package_identification:_identify(.) by extensions ['colcon_pkg']
[0.249s] Level 1:colcon.colcon_core.package_identification:_identify(.) by extension 'colcon_pkg'
[0.249s] Level 1:colcon.colcon_core.package_identification:_identify(.) by extensions ['colcon_meta']
[0.249s] Level 1:colcon.colcon_core.package_identification:_identify(.) by extension 'colcon_meta'
[0.249s] Level 1:colcon.colcon_core.package_identification:_identify(.) by extensions ['ros']
[0.250s] Level 1:colcon.colcon_core.package_identification:_identify(.) by extension 'ros'
[0.290s] Level 1:colcon.colcon_core.package_identification:_identify(.) by extensions ['cmake', 'python']
[0.290s] Level 1:colcon.colcon_core.package_identification:_identify(.) by extension 'cmake'
[0.290s] Level 1:colcon.colcon_core.package_identification:_identify(.) by extension 'python'
[0.290s] Level 1:colcon.colcon_core.package_identification:_identify(.) by extensions ['python_setup_py']
[0.291s] Level 1:colcon.colcon_core.package_identification:_identify(.) by extension 'python_setup_py'
[0.291s] Level 1:colcon.colcon_core.package_identification:_identify(build) by extensions ['ignore', 'ignore_ament_install']
[0.291s] Level 1:colcon.colcon_core.package_identification:_identify(build) by extension 'ignore'
[0.291s] Level 1:colcon.colcon_core.package_identification:_identify(build) ignored
[0.291s] Level 1:colcon.colcon_core.package_identification:_identify(install) by extensions ['ignore', 'ignore_ament_install']
[0.292s] Level 1:colcon.colcon_core.package_identification:_identify(install) by extension 'ignore'
[0.292s] Level 1:colcon.colcon_core.package_identification:_identify(install) ignored
[0.292s] Level 1:colcon.colcon_core.package_identification:_identify(log) by extensions ['ignore', 'ignore_ament_install']
[0.292s] Level 1:colcon.colcon_core.package_identification:_identify(log) by extension 'ignore'
[0.292s] Level 1:colcon.colcon_core.package_identification:_identify(log) ignored
[0.292s] Level 1:colcon.colcon_core.package_identification:_identify(src) by extensions ['ignore', 'ignore_ament_install']
[0.293s] Level 1:colcon.colcon_core.package_identification:_identify(src) by extension 'ignore'
[0.293s] Level 1:colcon.colcon_core.package_identification:_identify(src) by extension 'ignore_ament_install'
[0.293s] Level 1:colcon.colcon_core.package_identification:_identify(src) by extensions ['colcon_pkg']
[0.293s] Level 1:colcon.colcon_core.package_identification:_identify(src) by extension 'colcon_pkg'
[0.293s] Level 1:colcon.colcon_core.package_identification:_identify(src) by extensions ['colcon_meta']
[0.293s] Level 1:colcon.colcon_core.package_identification:_identify(src) by extension 'colcon_meta'
[0.293s] Level 1:colcon.colcon_core.package_identification:_identify(src) by extensions ['ros']
[0.293s] Level 1:colcon.colcon_core.package_identification:_identify(src) by extension 'ros'
[0.293s] Level 1:colcon.colcon_core.package_identification:_identify(src) by extensions ['cmake', 'python']
[0.294s] Level 1:colcon.colcon_core.package_identification:_identify(src) by extension 'cmake'
[0.294s] Level 1:colcon.colcon_core.package_identification:_identify(src) by extension 'python'
[0.294s] Level 1:colcon.colcon_core.package_identification:_identify(src) by extensions ['python_setup_py']
[0.294s] Level 1:colcon.colcon_core.package_identification:_identify(src) by extension 'python_setup_py'
[0.294s] Level 1:colcon.colcon_core.package_identification:_identify(src/rover_base) by extensions ['ignore', 'ignore_ament_install']
[0.294s] Level 1:colcon.colcon_core.package_identification:_identify(src/rover_base) by extension 'ignore'
[0.294s] Level 1:colcon.colcon_core.package_identification:_identify(src/rover_base) by extension 'ignore_ament_install'
[0.294s] Level 1:colcon.colcon_core.package_identification:_identify(src/rover_base) by extensions ['colcon_pkg']
[0.294s] Level 1:colcon.colcon_core.package_identification:_identify(src/rover_base) by extension 'colcon_pkg'
[0.294s] Level 1:colcon.colcon_core.package_identification:_identify(src/rover_base) by extensions ['colcon_meta']
[0.294s] Level 1:colcon.colcon_core.package_identification:_identify(src/rover_base) by extension 'colcon_meta'
[0.295s] Level 1:colcon.colcon_core.package_identification:_identify(src/rover_base) by extensions ['ros']
[0.295s] Level 1:colcon.colcon_core.package_identification:_identify(src/rover_base) by extension 'ros'
[0.299s] DEBUG:colcon.colcon_core.package_identification:Package 'src/rover_base' with type 'ros.ament_python' and name 'rover_base'
[0.299s] Level 1:colcon.colcon_core.package_identification:_identify(src/rover_camera) by extensions ['ignore', 'ignore_ament_install']
[0.299s] Level 1:colcon.colcon_core.package_identification:_identify(src/rover_camera) by extension 'ignore'
[0.299s] Level 1:colcon.colcon_core.package_identification:_identify(src/rover_camera) by extension 'ignore_ament_install'
[0.299s] Level 1:colcon.colcon_core.package_identification:_identify(src/rover_camera) by extensions ['colcon_pkg']
[0.299s] Level 1:colcon.colcon_core.package_identification:_identify(src/rover_camera) by extension 'colcon_pkg'
[0.299s] Level 1:colcon.colcon_core.package_identification:_identify(src/rover_camera) by extensions ['colcon_meta']
[0.300s] Level 1:colcon.colcon_core.package_identification:_identify(src/rover_camera) by extension 'colcon_meta'
[0.300s] Level 1:colcon.colcon_core.package_identification:_identify(src/rover_camera) by extensions ['ros']
[0.300s] Level 1:colcon.colcon_core.package_identification:_identify(src/rover_camera) by extension 'ros'
[0.301s] DEBUG:colcon.colcon_core.package_identification:Package 'src/rover_camera' with type 'ros.ament_python' and name 'rover_camera'
[0.301s] Level 1:colcon.colcon_core.package_identification:_identify(src/rover_control) by extensions ['ignore', 'ignore_ament_install']
[0.301s] Level 1:colcon.colcon_core.package_identification:_identify(src/rover_control) by extension 'ignore'
[0.301s] Level 1:colcon.colcon_core.package_identification:_identify(src/rover_control) by extension 'ignore_ament_install'
[0.301s] Level 1:colcon.colcon_core.package_identification:_identify(src/rover_control) by extensions ['colcon_pkg']
[0.301s] Level 1:colcon.colcon_core.package_identification:_identify(src/rover_control) by extension 'colcon_pkg'
[0.301s] Level 1:colcon.colcon_core.package_identification:_identify(src/rover_control) by extensions ['colcon_meta']
[0.302s] Level 1:colcon.colcon_core.package_identification:_identify(src/rover_control) by extension 'colcon_meta'
[0.302s] Level 1:colcon.colcon_core.package_identification:_identify(src/rover_control) by extensions ['ros']
[0.302s] Level 1:colcon.colcon_core.package_identification:_identify(src/rover_control) by extension 'ros'
[0.303s] DEBUG:colcon.colcon_core.package_identification:Package 'src/rover_control' with type 'ros.ament_python' and name 'rover_control'
[0.303s] Level 1:colcon.colcon_core.package_identification:_identify(src/rover_description) by extensions ['ignore', 'ignore_ament_install']
[0.303s] Level 1:colcon.colcon_core.package_identification:_identify(src/rover_description) by extension 'ignore'
[0.303s] Level 1:colcon.colcon_core.package_identification:_identify(src/rover_description) by extension 'ignore_ament_install'
[0.303s] Level 1:colcon.colcon_core.package_identification:_identify(src/rover_description) by extensions ['colcon_pkg']
[0.303s] Level 1:colcon.colcon_core.package_identification:_identify(src/rover_description) by extension 'colcon_pkg'
[0.303s] Level 1:colcon.colcon_core.package_identification:_identify(src/rover_description) by extensions ['colcon_meta']
[0.304s] Level 1:colcon.colcon_core.package_identification:_identify(src/rover_description) by extension 'colcon_meta'
[0.304s] Level 1:colcon.colcon_core.package_identification:_identify(src/rover_description) by extensions ['ros']
[0.304s] Level 1:colcon.colcon_core.package_identification:_identify(src/rover_description) by extension 'ros'
[0.305s] DEBUG:colcon.colcon_core.package_identification:Package 'src/rover_description' with type 'ros.ament_python' and name 'rover_description'
[0.305s] Level 1:colcon.colcon_core.package_identification:_identify(src/rover_gps) by extensions ['ignore', 'ignore_ament_install']
[0.305s] Level 1:colcon.colcon_core.package_identification:_identify(src/rover_gps) by extension 'ignore'
[0.305s] Level 1:colcon.colcon_core.package_identification:_identify(src/rover_gps) by extension 'ignore_ament_install'
[0.305s] Level 1:colcon.colcon_core.package_identification:_identify(src/rover_gps) by extensions ['colcon_pkg']
[0.305s] Level 1:colcon.colcon_core.package_identification:_identify(src/rover_gps) by extension 'colcon_pkg'
[0.306s] Level 1:colcon.colcon_core.package_identification:_identify(src/rover_gps) by extensions ['colcon_meta']
[0.306s] Level 1:colcon.colcon_core.package_identification:_identify(src/rover_gps) by extension 'colcon_meta'
[0.306s] Level 1:colcon.colcon_core.package_identification:_identify(src/rover_gps) by extensions ['ros']
[0.306s] Level 1:colcon.colcon_core.package_identification:_identify(src/rover_gps) by extension 'ros'
[0.307s] DEBUG:colcon.colcon_core.package_identification:Package 'src/rover_gps' with type 'ros.ament_python' and name 'rover_gps'
[0.307s] Level 1:colcon.colcon_core.package_identification:_identify(src/rover_lidar) by extensions ['ignore', 'ignore_ament_install']
[0.307s] Level 1:colcon.colcon_core.package_identification:_identify(src/rover_lidar) by extension 'ignore'
[0.307s] Level 1:colcon.colcon_core.package_identification:_identify(src/rover_lidar) by extension 'ignore_ament_install'
[0.307s] Level 1:colcon.colcon_core.package_identification:_identify(src/rover_lidar) by extensions ['colcon_pkg']
[0.307s] Level 1:colcon.colcon_core.package_identification:_identify(src/rover_lidar) by extension 'colcon_pkg'
[0.308s] Level 1:colcon.colcon_core.package_identification:_identify(src/rover_lidar) by extensions ['colcon_meta']
[0.308s] Level 1:colcon.colcon_core.package_identification:_identify(src/rover_lidar) by extension 'colcon_meta'
[0.308s] Level 1:colcon.colcon_core.package_identification:_identify(src/rover_lidar) by extensions ['ros']
[0.308s] Level 1:colcon.colcon_core.package_identification:_identify(src/rover_lidar) by extension 'ros'
[0.309s] DEBUG:colcon.colcon_core.package_identification:Package 'src/rover_lidar' with type 'ros.ament_python' and name 'rover_lidar'
[0.309s] Level 1:colcon.colcon_core.package_identification:_identify(src/rover_telemetry) by extensions ['ignore', 'ignore_ament_install']
[0.309s] Level 1:colcon.colcon_core.package_identification:_identify(src/rover_telemetry) by extension 'ignore'
[0.309s] Level 1:colcon.colcon_core.package_identification:_identify(src/rover_telemetry) by extension 'ignore_ament_install'
[0.309s] Level 1:colcon.colcon_core.package_identification:_identify(src/rover_telemetry) by extensions ['colcon_pkg']
[0.309s] Level 1:colcon.colcon_core.package_identification:_identify(src/rover_telemetry) by extension 'colcon_pkg'
[0.309s] Level 1:colcon.colcon_core.package_identification:_identify(src/rover_telemetry) by extensions ['colcon_meta']
[0.310s] Level 1:colcon.colcon_core.package_identification:_identify(src/rover_telemetry) by extension 'colcon_meta'
[0.310s] Level 1:colcon.colcon_core.package_identification:_identify(src/rover_telemetry) by extensions ['ros']
[0.310s] Level 1:colcon.colcon_core.package_identification:_identify(src/rover_telemetry) by extension 'ros'
[0.311s] DEBUG:colcon.colcon_core.package_identification:Package 'src/rover_telemetry' with type 'ros.ament_python' and name 'rover_telemetry'
[0.311s] Level 1:colcon.colcon_core.package_discovery:discover_packages(recursive) using defaults
[0.311s] Level 1:colcon.colcon_core.package_discovery:discover_packages(ignore) discover
[0.311s] Level 1:colcon.colcon_core.package_discovery:discover_packages(ignore) using defaults
[0.311s] Level 1:colcon.colcon_core.package_discovery:discover_packages(path) discover
[0.311s] Level 1:colcon.colcon_core.package_discovery:discover_packages(path) using defaults
[0.340s] INFO:colcon.colcon_core.package_selection:Skipping not selected package 'rover_base' in 'src/rover_base'
[0.340s] INFO:colcon.colcon_core.package_selection:Skipping not selected package 'rover_camera' in 'src/rover_camera'
[0.340s] INFO:colcon.colcon_core.package_selection:Skipping not selected package 'rover_control' in 'src/rover_control'
[0.340s] INFO:colcon.colcon_core.package_selection:Skipping not selected package 'rover_gps' in 'src/rover_gps'
[0.340s] INFO:colcon.colcon_core.package_selection:Skipping not selected package 'rover_lidar' in 'src/rover_lidar'
[0.340s] INFO:colcon.colcon_core.package_selection:Skipping not selected package 'rover_telemetry' in 'src/rover_telemetry'
[0.341s] Level 1:colcon.colcon_core.package_discovery:discover_packages(prefix_path) check parameters
[0.341s] Level 1:colcon.colcon_core.package_discovery:discover_packages(prefix_path) discover
[0.346s] DEBUG:colcon.colcon_installed_package_information.package_discovery:Found 288 installed packages in /opt/ros/jazzy
[0.348s] Level 1:colcon.colcon_core.package_discovery:discover_packages(prefix_path) using defaults
[0.417s] Level 5:colcon.colcon_core.verb:set package 'rover_description' build argument 'cmake_args' from command line to 'None'
[0.417s] Level 5:colcon.colcon_core.verb:set package 'rover_description' build argument 'cmake_target' from command line to 'None'
[0.417s] Level 5:colcon.colcon_core.verb:set package 'rover_description' build argument 'cmake_target_skip_unavailable' from command line to 'False'
[0.417s] Level 5:colcon.colcon_core.verb:set package 'rover_description' build argument 'cmake_clean_cache' from command line to 'False'
[0.417s] Level 5:colcon.colcon_core.verb:set package 'rover_description' build argument 'cmake_clean_first' from command line to 'False'
[0.417s] Level 5:colcon.colcon_core.verb:set package 'rover_description' build argument 'cmake_force_configure' from command line to 'False'
[0.417s] Level 5:colcon.colcon_core.verb:set package 'rover_description' build argument 'ament_cmake_args' from command line to 'None'
[0.417s] Level 5:colcon.colcon_core.verb:set package 'rover_description' build argument 'catkin_cmake_args' from command line to 'None'
[0.417s] Level 5:colcon.colcon_core.verb:set package 'rover_description' build argument 'catkin_skip_building_tests' from command line to 'False'
[0.417s] DEBUG:colcon.colcon_core.verb:Building package 'rover_description' with the following arguments: {'ament_cmake_args': None, 'build_base': '/home/sanjai/Documents/First_Robot/ros2_ws/build/rover_description', 'catkin_cmake_args': None, 'catkin_skip_building_tests': False, 'cmake_args': None, 'cmake_clean_cache': False, 'cmake_clean_first': False, 'cmake_force_configure': False, 'cmake_target': None, 'cmake_target_skip_unavailable': False, 'install_base': '/home/sanjai/Documents/First_Robot/ros2_ws/install/rover_description', 'merge_install': False, 'path': '/home/sanjai/Documents/First_Robot/ros2_ws/src/rover_description', 'symlink_install': False, 'test_result_base': None}
[0.418s] INFO:colcon.colcon_core.executor:Executing jobs using 'parallel' executor
[0.419s] DEBUG:colcon.colcon_parallel_executor.executor.parallel:run_until_complete
[0.420s] INFO:colcon.colcon_ros.task.ament_python.build:Building ROS package in '/home/sanjai/Documents/First_Robot/ros2_ws/src/rover_description' with build type 'ament_python'
[0.420s] Level 1:colcon.colcon_core.shell:create_environment_hook('rover_description', 'ament_prefix_path')
[0.424s] INFO:colcon.colcon_core.plugin_system:Skipping extension 'colcon_core.shell.bat': Not used on non-Windows systems
[0.424s] INFO:colcon.colcon_core.shell:Creating environment hook '/home/sanjai/Documents/First_Robot/ros2_ws/install/rover_description/share/rover_description/hook/ament_prefix_path.ps1'
[0.425s] INFO:colcon.colcon_core.shell:Creating environment descriptor '/home/sanjai/Documents/First_Robot/ros2_ws/install/rover_description/share/rover_description/hook/ament_prefix_path.dsv'
[0.426s] INFO:colcon.colcon_core.shell:Creating environment hook '/home/sanjai/Documents/First_Robot/ros2_ws/install/rover_description/share/rover_description/hook/ament_prefix_path.sh'
[0.427s] INFO:colcon.colcon_core.shell:Skip shell extension 'powershell' for command environment: Not usable outside of PowerShell
[0.427s] DEBUG:colcon.colcon_core.shell:Skip shell extension 'dsv' for command environment
[0.786s] INFO:colcon.colcon_core.task.python.build:Building Python package in '/home/sanjai/Documents/First_Robot/ros2_ws/src/rover_description'
[0.786s] INFO:colcon.colcon_core.shell:Skip shell extension 'powershell' for command environment: Not usable outside of PowerShell
[0.786s] DEBUG:colcon.colcon_core.shell:Skip shell extension 'dsv' for command environment
[1.852s] DEBUG:colcon.colcon_core.event_handler.log_command:Invoking command in '/home/sanjai/Documents/First_Robot/ros2_ws/src/rover_description': DEBUGINFOD_URLS=https://debuginfod.ubuntu.com PYTHONPATH=/home/sanjai/Documents/First_Robot/ros2_ws/build/rover_description/prefix_override:/usr/lib/python3/dist-packages/colcon_core/task/python/colcon_distutils_commands:/home/sanjai/Documents/First_Robot/ros2_ws/install/rover_description/lib/python3.12/site-packages:${PYTHONPATH} /usr/bin/python3 -W ignore:setup.py install is deprecated -W ignore:easy_install command is deprecated setup.py egg_info --egg-base ../../build/rover_description build --build-base /home/sanjai/Documents/First_Robot/ros2_ws/build/rover_description/build install --record /home/sanjai/Documents/First_Robot/ros2_ws/build/rover_description/install.log --single-version-externally-managed install_data
[2.827s] DEBUG:colcon.colcon_core.event_handler.log_command:Invoked command in '/home/sanjai/Documents/First_Robot/ros2_ws/src/rover_description' returned '0': DEBUGINFOD_URLS=https://debuginfod.ubuntu.com PYTHONPATH=/home/sanjai/Documents/First_Robot/ros2_ws/build/rover_description/prefix_override:/usr/lib/python3/dist-packages/colcon_core/task/python/colcon_distutils_commands:/home/sanjai/Documents/First_Robot/ros2_ws/install/rover_description/lib/python3.12/site-packages:${PYTHONPATH} /usr/bin/python3 -W ignore:setup.py install is deprecated -W ignore:easy_install command is deprecated setup.py egg_info --egg-base ../../build/rover_description build --build-base /home/sanjai/Documents/First_Robot/ros2_ws/build/rover_description/build install --record /home/sanjai/Documents/First_Robot/ros2_ws/build/rover_description/install.log --single-version-externally-managed install_data
[2.831s] Level 1:colcon.colcon_core.environment:checking '/home/sanjai/Documents/First_Robot/ros2_ws/install/rover_description' for CMake module files
[2.831s] Level 1:colcon.colcon_core.environment:checking '/home/sanjai/Documents/First_Robot/ros2_ws/install/rover_description' for CMake config files
[2.833s] Level 1:colcon.colcon_core.environment:checking '/home/sanjai/Documents/First_Robot/ros2_ws/install/rover_description/lib'
[2.833s] Level 1:colcon.colcon_core.environment:checking '/home/sanjai/Documents/First_Robot/ros2_ws/install/rover_description/bin'
[2.833s] Level 1:colcon.colcon_core.environment:checking '/home/sanjai/Documents/First_Robot/ros2_ws/install/rover_description/lib/pkgconfig/rover_description.pc'
[2.834s] Level 1:colcon.colcon_core.environment:checking '/home/sanjai/Documents/First_Robot/ros2_ws/install/rover_description/lib/python3.12/site-packages'
[2.834s] Level 1:colcon.colcon_core.shell:create_environment_hook('rover_description', 'pythonpath')
[2.834s] INFO:colcon.colcon_core.shell:Creating environment hook '/home/sanjai/Documents/First_Robot/ros2_ws/install/rover_description/share/rover_description/hook/pythonpath.ps1'
[2.835s] INFO:colcon.colcon_core.shell:Creating environment descriptor '/home/sanjai/Documents/First_Robot/ros2_ws/install/rover_description/share/rover_description/hook/pythonpath.dsv'
[2.835s] INFO:colcon.colcon_core.shell:Creating environment hook '/home/sanjai/Documents/First_Robot/ros2_ws/install/rover_description/share/rover_description/hook/pythonpath.sh'
[2.837s] Level 1:colcon.colcon_core.environment:checking '/home/sanjai/Documents/First_Robot/ros2_ws/install/rover_description/bin'
[2.837s] Level 1:colcon.colcon_core.environment:create_environment_scripts_only(rover_description)
[2.837s] INFO:colcon.colcon_core.shell:Creating package script '/home/sanjai/Documents/First_Robot/ros2_ws/install/rover_description/share/rover_description/package.ps1'
[2.838s] INFO:colcon.colcon_core.shell:Creating package descriptor '/home/sanjai/Documents/First_Robot/ros2_ws/install/rover_description/share/rover_description/package.dsv'
[2.839s] INFO:colcon.colcon_core.shell:Creating package script '/home/sanjai/Documents/First_Robot/ros2_ws/install/rover_description/share/rover_description/package.sh'
[2.840s] INFO:colcon.colcon_core.shell:Creating package script '/home/sanjai/Documents/First_Robot/ros2_ws/install/rover_description/share/rover_description/package.bash'
[2.841s] INFO:colcon.colcon_core.shell:Creating package script '/home/sanjai/Documents/First_Robot/ros2_ws/install/rover_description/share/rover_description/package.zsh'
[2.843s] Level 1:colcon.colcon_core.environment:create_file_with_runtime_dependencies(/home/sanjai/Documents/First_Robot/ros2_ws/install/rover_description/share/colcon-core/packages/rover_description)
[2.843s] DEBUG:colcon.colcon_parallel_executor.executor.parallel:closing loop
[2.844s] DEBUG:colcon.colcon_parallel_executor.executor.parallel:loop closed
[2.844s] DEBUG:colcon.colcon_parallel_executor.executor.parallel:run_until_complete finished with '0'
[2.844s] DEBUG:colcon.colcon_core.event_reactor:joining thread
[2.853s] INFO:colcon.colcon_core.plugin_system:Skipping extension 'colcon_notification.desktop_notification.terminal_notifier': Not used on non-Darwin systems
[2.854s] INFO:colcon.colcon_core.plugin_system:Skipping extension 'colcon_notification.desktop_notification.win32': Not used on non-Windows systems
[2.854s] INFO:colcon.colcon_notification.desktop_notification:Sending desktop notification using 'notify2'
[2.874s] DEBUG:colcon.colcon_core.event_reactor:joined thread
[2.874s] INFO:colcon.colcon_core.shell:Creating prefix script '/home/sanjai/Documents/First_Robot/ros2_ws/install/local_setup.ps1'
[2.876s] INFO:colcon.colcon_core.shell:Creating prefix util module '/home/sanjai/Documents/First_Robot/ros2_ws/install/_local_setup_util_ps1.py'
[2.877s] INFO:colcon.colcon_core.shell:Creating prefix chain script '/home/sanjai/Documents/First_Robot/ros2_ws/install/setup.ps1'
[2.880s] INFO:colcon.colcon_core.shell:Creating prefix script '/home/sanjai/Documents/First_Robot/ros2_ws/install/local_setup.sh'
[2.881s] INFO:colcon.colcon_core.shell:Creating prefix util module '/home/sanjai/Documents/First_Robot/ros2_ws/install/_local_setup_util_sh.py'
[2.882s] INFO:colcon.colcon_core.shell:Creating prefix chain script '/home/sanjai/Documents/First_Robot/ros2_ws/install/setup.sh'
[2.884s] INFO:colcon.colcon_core.shell:Creating prefix script '/home/sanjai/Documents/First_Robot/ros2_ws/install/local_setup.bash'
[2.885s] INFO:colcon.colcon_core.shell:Creating prefix chain script '/home/sanjai/Documents/First_Robot/ros2_ws/install/setup.bash'
[2.886s] INFO:colcon.colcon_core.shell:Creating prefix script '/home/sanjai/Documents/First_Robot/ros2_ws/install/local_setup.zsh'
[2.887s] INFO:colcon.colcon_core.shell:Creating prefix chain script '/home/sanjai/Documents/First_Robot/ros2_ws/install/setup.zsh'
