[4.019s] Invoking command in '/home/sanjai/Documents/First_Robot/ros2_ws/src/rover_telemetry': DEBUGINFOD_URLS=https://debuginfod.ubuntu.com PYTHONPATH=/home/sanjai/Documents/First_Robot/ros2_ws/build/rover_telemetry/prefix_override:/usr/lib/python3/dist-packages/colcon_core/task/python/colcon_distutils_commands:/home/sanjai/Documents/First_Robot/ros2_ws/install/rover_telemetry/lib/python3.12/site-packages:${PYTHONPATH} /usr/bin/python3 -W ignore:setup.py install is deprecated -W ignore:easy_install command is deprecated setup.py egg_info --egg-base ../../build/rover_telemetry build --build-base /home/sanjai/Documents/First_Robot/ros2_ws/build/rover_telemetry/build install --record /home/sanjai/Documents/First_Robot/ros2_ws/build/rover_telemetry/install.log --single-version-externally-managed install_data
[4.632s] running egg_info
[4.670s] writing ../../build/rover_telemetry/rover_telemetry.egg-info/PKG-INFO
[4.670s] writing dependency_links to ../../build/rover_telemetry/rover_telemetry.egg-info/dependency_links.txt
[4.671s] writing entry points to ../../build/rover_telemetry/rover_telemetry.egg-info/entry_points.txt
[4.672s] writing requirements to ../../build/rover_telemetry/rover_telemetry.egg-info/requires.txt
[4.672s] writing top-level names to ../../build/rover_telemetry/rover_telemetry.egg-info/top_level.txt
[4.756s] reading manifest file '../../build/rover_telemetry/rover_telemetry.egg-info/SOURCES.txt'
[4.758s] writing manifest file '../../build/rover_telemetry/rover_telemetry.egg-info/SOURCES.txt'
[4.758s] running build
[4.759s] running build_py
[4.759s] running install
[4.771s] running install_lib
[4.813s] running install_data
[4.813s] running install_egg_info
[4.854s] removing '/home/sanjai/Documents/First_Robot/ros2_ws/install/rover_telemetry/lib/python3.12/site-packages/rover_telemetry-0.0.0-py3.12.egg-info' (and everything under it)
[4.855s] Copying ../../build/rover_telemetry/rover_telemetry.egg-info to /home/sanjai/Documents/First_Robot/ros2_ws/install/rover_telemetry/lib/python3.12/site-packages/rover_telemetry-0.0.0-py3.12.egg-info
[4.856s] running install_scripts
[5.101s] Installing telemetry_node script to /home/sanjai/Documents/First_Robot/ros2_ws/install/rover_telemetry/lib/rover_telemetry
[5.102s] writing list of installed files to '/home/sanjai/Documents/First_Robot/ros2_ws/build/rover_telemetry/install.log'
[5.144s] Invoked command in '/home/sanjai/Documents/First_Robot/ros2_ws/src/rover_telemetry' returned '0': DEBUGINFOD_URLS=https://debuginfod.ubuntu.com PYTHONPATH=/home/sanjai/Documents/First_Robot/ros2_ws/build/rover_telemetry/prefix_override:/usr/lib/python3/dist-packages/colcon_core/task/python/colcon_distutils_commands:/home/sanjai/Documents/First_Robot/ros2_ws/install/rover_telemetry/lib/python3.12/site-packages:${PYTHONPATH} /usr/bin/python3 -W ignore:setup.py install is deprecated -W ignore:easy_install command is deprecated setup.py egg_info --egg-base ../../build/rover_telemetry build --build-base /home/sanjai/Documents/First_Robot/ros2_ws/build/rover_telemetry/build install --record /home/sanjai/Documents/First_Robot/ros2_ws/build/rover_telemetry/install.log --single-version-externally-managed install_data
