running egg_info
creating ../../build/rover_camera/rover_camera.egg-info
writing ../../build/rover_camera/rover_camera.egg-info/PKG-INFO
writing dependency_links to ../../build/rover_camera/rover_camera.egg-info/dependency_links.txt
writing entry points to ../../build/rover_camera/rover_camera.egg-info/entry_points.txt
writing requirements to ../../build/rover_camera/rover_camera.egg-info/requires.txt
writing top-level names to ../../build/rover_camera/rover_camera.egg-info/top_level.txt
writing manifest file '../../build/rover_camera/rover_camera.egg-info/SOURCES.txt'
reading manifest file '../../build/rover_camera/rover_camera.egg-info/SOURCES.txt'
writing manifest file '../../build/rover_camera/rover_camera.egg-info/SOURCES.txt'
running build
running build_py
creating /home/sanjai/Documents/First_Robot/ros2_ws/build/rover_camera/build
creating /home/sanjai/Documents/First_Robot/ros2_ws/build/rover_camera/build/lib
creating /home/sanjai/Documents/First_Robot/ros2_ws/build/rover_camera/build/lib/rover_camera
copying rover_camera/__init__.py -> /home/sanjai/Documents/First_Robot/ros2_ws/build/rover_camera/build/lib/rover_camera
copying rover_camera/camera_node.py -> /home/sanjai/Documents/First_Robot/ros2_ws/build/rover_camera/build/lib/rover_camera
running install
running install_lib
creating /home/sanjai/Documents/First_Robot/ros2_ws/install/rover_camera/lib/python3.12/site-packages/rover_camera
copying /home/sanjai/Documents/First_Robot/ros2_ws/build/rover_camera/build/lib/rover_camera/__init__.py -> /home/sanjai/Documents/First_Robot/ros2_ws/install/rover_camera/lib/python3.12/site-packages/rover_camera
copying /home/sanjai/Documents/First_Robot/ros2_ws/build/rover_camera/build/lib/rover_camera/camera_node.py -> /home/sanjai/Documents/First_Robot/ros2_ws/install/rover_camera/lib/python3.12/site-packages/rover_camera
byte-compiling /home/sanjai/Documents/First_Robot/ros2_ws/install/rover_camera/lib/python3.12/site-packages/rover_camera/__init__.py to __init__.cpython-312.pyc
byte-compiling /home/sanjai/Documents/First_Robot/ros2_ws/install/rover_camera/lib/python3.12/site-packages/rover_camera/camera_node.py to camera_node.cpython-312.pyc
running install_data
creating /home/sanjai/Documents/First_Robot/ros2_ws/install/rover_camera/share/ament_index
creating /home/sanjai/Documents/First_Robot/ros2_ws/install/rover_camera/share/ament_index/resource_index
creating /home/sanjai/Documents/First_Robot/ros2_ws/install/rover_camera/share/ament_index/resource_index/packages
copying resource/rover_camera -> /home/sanjai/Documents/First_Robot/ros2_ws/install/rover_camera/share/ament_index/resource_index/packages
copying package.xml -> /home/sanjai/Documents/First_Robot/ros2_ws/install/rover_camera/share/rover_camera
running install_egg_info
Copying ../../build/rover_camera/rover_camera.egg-info to /home/sanjai/Documents/First_Robot/ros2_ws/install/rover_camera/lib/python3.12/site-packages/rover_camera-0.0.0-py3.12.egg-info
running install_scripts
Installing camera_node script to /home/sanjai/Documents/First_Robot/ros2_ws/install/rover_camera/lib/rover_camera
writing list of installed files to '/home/sanjai/Documents/First_Robot/ros2_ws/build/rover_camera/install.log'
