[3.306s] Invoking command in '/home/sanjai/Documents/First_Robot/ros2_ws/src/rover_camera': DEBUGINFOD_URLS=https://debuginfod.ubuntu.com PYTHONPATH=/home/sanjai/Documents/First_Robot/ros2_ws/build/rover_camera/prefix_override:/usr/lib/python3/dist-packages/colcon_core/task/python/colcon_distutils_commands:/home/sanjai/Documents/First_Robot/ros2_ws/install/rover_camera/lib/python3.12/site-packages:${PYTHONPATH} /usr/bin/python3 -W ignore:setup.py install is deprecated -W ignore:easy_install command is deprecated setup.py egg_info --egg-base ../../build/rover_camera build --build-base /home/sanjai/Documents/First_Robot/ros2_ws/build/rover_camera/build install --record /home/sanjai/Documents/First_Robot/ros2_ws/build/rover_camera/install.log --single-version-externally-managed install_data
[3.800s] running egg_info
[3.800s] creating ../../build/rover_camera/rover_camera.egg-info
[3.845s] writing ../../build/rover_camera/rover_camera.egg-info/PKG-INFO
[3.845s] writing dependency_links to ../../build/rover_camera/rover_camera.egg-info/dependency_links.txt
[3.845s] writing entry points to ../../build/rover_camera/rover_camera.egg-info/entry_points.txt
[3.845s] writing requirements to ../../build/rover_camera/rover_camera.egg-info/requires.txt
[3.846s] writing top-level names to ../../build/rover_camera/rover_camera.egg-info/top_level.txt
[3.846s] writing manifest file '../../build/rover_camera/rover_camera.egg-info/SOURCES.txt'
[3.947s] reading manifest file '../../build/rover_camera/rover_camera.egg-info/SOURCES.txt'
[3.948s] writing manifest file '../../build/rover_camera/rover_camera.egg-info/SOURCES.txt'
[3.948s] running build
[3.949s] running build_py
[3.949s] creating /home/sanjai/Documents/First_Robot/ros2_ws/build/rover_camera/build
[3.949s] creating /home/sanjai/Documents/First_Robot/ros2_ws/build/rover_camera/build/lib
[3.950s] creating /home/sanjai/Documents/First_Robot/ros2_ws/build/rover_camera/build/lib/rover_camera
[3.950s] copying rover_camera/__init__.py -> /home/sanjai/Documents/First_Robot/ros2_ws/build/rover_camera/build/lib/rover_camera
[3.950s] copying rover_camera/camera_node.py -> /home/sanjai/Documents/First_Robot/ros2_ws/build/rover_camera/build/lib/rover_camera
[3.951s] running install
[3.960s] running install_lib
[3.999s] creating /home/sanjai/Documents/First_Robot/ros2_ws/install/rover_camera/lib/python3.12/site-packages/rover_camera
[3.999s] copying /home/sanjai/Documents/First_Robot/ros2_ws/build/rover_camera/build/lib/rover_camera/__init__.py -> /home/sanjai/Documents/First_Robot/ros2_ws/install/rover_camera/lib/python3.12/site-packages/rover_camera
[3.999s] copying /home/sanjai/Documents/First_Robot/ros2_ws/build/rover_camera/build/lib/rover_camera/camera_node.py -> /home/sanjai/Documents/First_Robot/ros2_ws/install/rover_camera/lib/python3.12/site-packages/rover_camera
[4.000s] byte-compiling /home/sanjai/Documents/First_Robot/ros2_ws/install/rover_camera/lib/python3.12/site-packages/rover_camera/__init__.py to __init__.cpython-312.pyc
[4.000s] byte-compiling /home/sanjai/Documents/First_Robot/ros2_ws/install/rover_camera/lib/python3.12/site-packages/rover_camera/camera_node.py to camera_node.cpython-312.pyc
[4.001s] running install_data
[4.002s] creating /home/sanjai/Documents/First_Robot/ros2_ws/install/rover_camera/share/ament_index
[4.002s] creating /home/sanjai/Documents/First_Robot/ros2_ws/install/rover_camera/share/ament_index/resource_index
[4.002s] creating /home/sanjai/Documents/First_Robot/ros2_ws/install/rover_camera/share/ament_index/resource_index/packages
[4.003s] copying resource/rover_camera -> /home/sanjai/Documents/First_Robot/ros2_ws/install/rover_camera/share/ament_index/resource_index/packages
[4.003s] copying package.xml -> /home/sanjai/Documents/First_Robot/ros2_ws/install/rover_camera/share/rover_camera
[4.003s] running install_egg_info
[4.044s] Copying ../../build/rover_camera/rover_camera.egg-info to /home/sanjai/Documents/First_Robot/ros2_ws/install/rover_camera/lib/python3.12/site-packages/rover_camera-0.0.0-py3.12.egg-info
[4.048s] running install_scripts
[4.299s] Installing camera_node script to /home/sanjai/Documents/First_Robot/ros2_ws/install/rover_camera/lib/rover_camera
[4.299s] writing list of installed files to '/home/sanjai/Documents/First_Robot/ros2_ws/build/rover_camera/install.log'
[4.359s] Invoked command in '/home/sanjai/Documents/First_Robot/ros2_ws/src/rover_camera' returned '0': DEBUGINFOD_URLS=https://debuginfod.ubuntu.com PYTHONPATH=/home/sanjai/Documents/First_Robot/ros2_ws/build/rover_camera/prefix_override:/usr/lib/python3/dist-packages/colcon_core/task/python/colcon_distutils_commands:/home/sanjai/Documents/First_Robot/ros2_ws/install/rover_camera/lib/python3.12/site-packages:${PYTHONPATH} /usr/bin/python3 -W ignore:setup.py install is deprecated -W ignore:easy_install command is deprecated setup.py egg_info --egg-base ../../build/rover_camera build --build-base /home/sanjai/Documents/First_Robot/ros2_ws/build/rover_camera/build install --record /home/sanjai/Documents/First_Robot/ros2_ws/build/rover_camera/install.log --single-version-externally-managed install_data
