[0.221s] DEBUG:colcon:Command line arguments: ['/usr/bin/colcon', 'build', '--packages-select', 'rover_description']
[0.221s] DEBUG:colcon:Parsed command line arguments: Namespace(log_base=None, log_level=None, verb_name='build', build_base='build', install_base='install', merge_install=False, symlink_install=False, test_result_base=None, continue_on_error=False, executor='parallel', parallel_workers=12, event_handlers=None, ignore_user_meta=False, metas=['./colcon.meta'], base_paths=['.'], packages_ignore=None, packages_ignore_regex=None, paths=None, packages_up_to=None, packages_up_to_regex=None, packages_above=None, packages_above_and_dependencies=None, packages_above_depth=None, packages_select_by_dep=None, packages_skip_by_dep=None, packages_skip_up_to=None, packages_select_build_failed=False, packages_skip_build_finished=False, packages_select_test_failures=False, packages_skip_test_passed=False, packages_select=['rover_description'], packages_skip=None, packages_select_regex=None, packages_skip_regex=None, packages_start=None, packages_end=None, allow_overriding=[], cmake_args=None, cmake_target=None, cmake_target_skip_unavailable=False, cmake_clean_cache=False, cmake_clean_first=False, cmake_force_configure=False, ament_cmake_args=None, catkin_cmake_args=None, catkin_skip_building_tests=False, mixin_files=None, mixin=None, verb_parser=<colcon_mixin.mixin.mixin_argument.MixinArgumentDecorator object at 0x78ed65b80380>, verb_extension=<colcon_core.verb.build.BuildVerb object at 0x78ed65cc84a0>, main=<bound method BuildVerb.main of <colcon_core.verb.build.BuildVerb object at 0x78ed65cc84a0>>, mixin_verb=('build',))
[0.298s] Level 1:colcon.colcon_core.package_discovery:discover_packages(colcon_meta) check parameters
[0.299s] Level 1:colcon.colcon_core.package_discovery:discover_packages(recursive) check parameters
[0.299s] Level 1:colcon.colcon_core.package_discovery:discover_packages(ignore) check parameters
[0.299s] Level 1:colcon.colcon_core.package_discovery:discover_packages(path) check parameters
[0.299s] Level 1:colcon.colcon_core.package_discovery:discover_packages(colcon_meta) discover
[0.299s] Level 1:colcon.colcon_core.package_discovery:discover_packages(recursive) discover
[0.299s] INFO:colcon.colcon_core.package_discovery:Crawling recursively for packages in '/home/sanjai/Documents/First_Robot'
[0.299s] Level 1:colcon.colcon_core.package_identification:_identify(.) by extensions ['ignore', 'ignore_ament_install']
[0.299s] Level 1:colcon.colcon_core.package_identification:_identify(.) by extension 'ignore'
[0.300s] Level 1:colcon.colcon_core.package_identification:_identify(.) by extension 'ignore_ament_install'
[0.300s] Level 1:colcon.colcon_core.package_identification:_identify(.) by extensions ['colcon_pkg']
[0.300s] Level 1:colcon.colcon_core.package_identification:_identify(.) by extension 'colcon_pkg'
[0.300s] Level 1:colcon.colcon_core.package_identification:_identify(.) by extensions ['colcon_meta']
[0.300s] Level 1:colcon.colcon_core.package_identification:_identify(.) by extension 'colcon_meta'
[0.300s] Level 1:colcon.colcon_core.package_identification:_identify(.) by extensions ['ros']
[0.300s] Level 1:colcon.colcon_core.package_identification:_identify(.) by extension 'ros'
[0.342s] Level 1:colcon.colcon_core.package_identification:_identify(.) by extensions ['cmake', 'python']
[0.342s] Level 1:colcon.colcon_core.package_identification:_identify(.) by extension 'cmake'
[0.342s] Level 1:colcon.colcon_core.package_identification:_identify(.) by extension 'python'
[0.342s] Level 1:colcon.colcon_core.package_identification:_identify(.) by extensions ['python_setup_py']
[0.343s] Level 1:colcon.colcon_core.package_identification:_identify(.) by extension 'python_setup_py'
[0.343s] Level 1:colcon.colcon_core.package_identification:_identify(build) by extensions ['ignore', 'ignore_ament_install']
[0.343s] Level 1:colcon.colcon_core.package_identification:_identify(build) by extension 'ignore'
[0.343s] Level 1:colcon.colcon_core.package_identification:_identify(build) ignored
[0.343s] Level 1:colcon.colcon_core.package_identification:_identify(install) by extensions ['ignore', 'ignore_ament_install']
[0.343s] Level 1:colcon.colcon_core.package_identification:_identify(install) by extension 'ignore'
[0.343s] Level 1:colcon.colcon_core.package_identification:_identify(install) ignored
[0.344s] Level 1:colcon.colcon_core.package_identification:_identify(log) by extensions ['ignore', 'ignore_ament_install']
[0.344s] Level 1:colcon.colcon_core.package_identification:_identify(log) by extension 'ignore'
[0.344s] Level 1:colcon.colcon_core.package_identification:_identify(log) ignored
[0.344s] Level 1:colcon.colcon_core.package_identification:_identify(ros2_ws) by extensions ['ignore', 'ignore_ament_install']
[0.344s] Level 1:colcon.colcon_core.package_identification:_identify(ros2_ws) by extension 'ignore'
[0.344s] Level 1:colcon.colcon_core.package_identification:_identify(ros2_ws) by extension 'ignore_ament_install'
[0.344s] Level 1:colcon.colcon_core.package_identification:_identify(ros2_ws) by extensions ['colcon_pkg']
[0.344s] Level 1:colcon.colcon_core.package_identification:_identify(ros2_ws) by extension 'colcon_pkg'
[0.344s] Level 1:colcon.colcon_core.package_identification:_identify(ros2_ws) by extensions ['colcon_meta']
[0.345s] Level 1:colcon.colcon_core.package_identification:_identify(ros2_ws) by extension 'colcon_meta'
[0.345s] Level 1:colcon.colcon_core.package_identification:_identify(ros2_ws) by extensions ['ros']
[0.345s] Level 1:colcon.colcon_core.package_identification:_identify(ros2_ws) by extension 'ros'
[0.345s] Level 1:colcon.colcon_core.package_identification:_identify(ros2_ws) by extensions ['cmake', 'python']
[0.345s] Level 1:colcon.colcon_core.package_identification:_identify(ros2_ws) by extension 'cmake'
[0.345s] Level 1:colcon.colcon_core.package_identification:_identify(ros2_ws) by extension 'python'
[0.345s] Level 1:colcon.colcon_core.package_identification:_identify(ros2_ws) by extensions ['python_setup_py']
[0.345s] Level 1:colcon.colcon_core.package_identification:_identify(ros2_ws) by extension 'python_setup_py'
[0.345s] Level 1:colcon.colcon_core.package_identification:_identify(ros2_ws/build) by extensions ['ignore', 'ignore_ament_install']
[0.345s] Level 1:colcon.colcon_core.package_identification:_identify(ros2_ws/build) by extension 'ignore'
[0.346s] Level 1:colcon.colcon_core.package_identification:_identify(ros2_ws/build) ignored
[0.346s] Level 1:colcon.colcon_core.package_identification:_identify(ros2_ws/install) by extensions ['ignore', 'ignore_ament_install']
[0.346s] Level 1:colcon.colcon_core.package_identification:_identify(ros2_ws/install) by extension 'ignore'
[0.346s] Level 1:colcon.colcon_core.package_identification:_identify(ros2_ws/install) ignored
[0.346s] Level 1:colcon.colcon_core.package_identification:_identify(ros2_ws/log) by extensions ['ignore', 'ignore_ament_install']
[0.346s] Level 1:colcon.colcon_core.package_identification:_identify(ros2_ws/log) by extension 'ignore'
[0.346s] Level 1:colcon.colcon_core.package_identification:_identify(ros2_ws/log) ignored
[0.346s] Level 1:colcon.colcon_core.package_identification:_identify(ros2_ws/src) by extensions ['ignore', 'ignore_ament_install']
[0.347s] Level 1:colcon.colcon_core.package_identification:_identify(ros2_ws/src) by extension 'ignore'
[0.347s] Level 1:colcon.colcon_core.package_identification:_identify(ros2_ws/src) by extension 'ignore_ament_install'
[0.347s] Level 1:colcon.colcon_core.package_identification:_identify(ros2_ws/src) by extensions ['colcon_pkg']
[0.347s] Level 1:colcon.colcon_core.package_identification:_identify(ros2_ws/src) by extension 'colcon_pkg'
[0.347s] Level 1:colcon.colcon_core.package_identification:_identify(ros2_ws/src) by extensions ['colcon_meta']
[0.347s] Level 1:colcon.colcon_core.package_identification:_identify(ros2_ws/src) by extension 'colcon_meta'
[0.347s] Level 1:colcon.colcon_core.package_identification:_identify(ros2_ws/src) by extensions ['ros']
[0.347s] Level 1:colcon.colcon_core.package_identification:_identify(ros2_ws/src) by extension 'ros'
[0.347s] Level 1:colcon.colcon_core.package_identification:_identify(ros2_ws/src) by extensions ['cmake', 'python']
[0.347s] Level 1:colcon.colcon_core.package_identification:_identify(ros2_ws/src) by extension 'cmake'
[0.347s] Level 1:colcon.colcon_core.package_identification:_identify(ros2_ws/src) by extension 'python'
[0.348s] Level 1:colcon.colcon_core.package_identification:_identify(ros2_ws/src) by extensions ['python_setup_py']
[0.348s] Level 1:colcon.colcon_core.package_identification:_identify(ros2_ws/src) by extension 'python_setup_py'
[0.348s] Level 1:colcon.colcon_core.package_identification:_identify(ros2_ws/src/rover_base) by extensions ['ignore', 'ignore_ament_install']
[0.348s] Level 1:colcon.colcon_core.package_identification:_identify(ros2_ws/src/rover_base) by extension 'ignore'
[0.348s] Level 1:colcon.colcon_core.package_identification:_identify(ros2_ws/src/rover_base) by extension 'ignore_ament_install'
[0.348s] Level 1:colcon.colcon_core.package_identification:_identify(ros2_ws/src/rover_base) by extensions ['colcon_pkg']
[0.348s] Level 1:colcon.colcon_core.package_identification:_identify(ros2_ws/src/rover_base) by extension 'colcon_pkg'
[0.348s] Level 1:colcon.colcon_core.package_identification:_identify(ros2_ws/src/rover_base) by extensions ['colcon_meta']
[0.348s] Level 1:colcon.colcon_core.package_identification:_identify(ros2_ws/src/rover_base) by extension 'colcon_meta'
[0.348s] Level 1:colcon.colcon_core.package_identification:_identify(ros2_ws/src/rover_base) by extensions ['ros']
[0.348s] Level 1:colcon.colcon_core.package_identification:_identify(ros2_ws/src/rover_base) by extension 'ros'
[0.352s] DEBUG:colcon.colcon_core.package_identification:Package 'ros2_ws/src/rover_base' with type 'ros.ament_python' and name 'rover_base'
[0.353s] Level 1:colcon.colcon_core.package_identification:_identify(ros2_ws/src/rover_camera) by extensions ['ignore', 'ignore_ament_install']
[0.353s] Level 1:colcon.colcon_core.package_identification:_identify(ros2_ws/src/rover_camera) by extension 'ignore'
[0.353s] Level 1:colcon.colcon_core.package_identification:_identify(ros2_ws/src/rover_camera) by extension 'ignore_ament_install'
[0.353s] Level 1:colcon.colcon_core.package_identification:_identify(ros2_ws/src/rover_camera) by extensions ['colcon_pkg']
[0.353s] Level 1:colcon.colcon_core.package_identification:_identify(ros2_ws/src/rover_camera) by extension 'colcon_pkg'
[0.353s] Level 1:colcon.colcon_core.package_identification:_identify(ros2_ws/src/rover_camera) by extensions ['colcon_meta']
[0.353s] Level 1:colcon.colcon_core.package_identification:_identify(ros2_ws/src/rover_camera) by extension 'colcon_meta'
[0.353s] Level 1:colcon.colcon_core.package_identification:_identify(ros2_ws/src/rover_camera) by extensions ['ros']
[0.353s] Level 1:colcon.colcon_core.package_identification:_identify(ros2_ws/src/rover_camera) by extension 'ros'
[0.354s] DEBUG:colcon.colcon_core.package_identification:Package 'ros2_ws/src/rover_camera' with type 'ros.ament_python' and name 'rover_camera'
[0.354s] Level 1:colcon.colcon_core.package_identification:_identify(ros2_ws/src/rover_control) by extensions ['ignore', 'ignore_ament_install']
[0.354s] Level 1:colcon.colcon_core.package_identification:_identify(ros2_ws/src/rover_control) by extension 'ignore'
[0.355s] Level 1:colcon.colcon_core.package_identification:_identify(ros2_ws/src/rover_control) by extension 'ignore_ament_install'
[0.355s] Level 1:colcon.colcon_core.package_identification:_identify(ros2_ws/src/rover_control) by extensions ['colcon_pkg']
[0.355s] Level 1:colcon.colcon_core.package_identification:_identify(ros2_ws/src/rover_control) by extension 'colcon_pkg'
[0.355s] Level 1:colcon.colcon_core.package_identification:_identify(ros2_ws/src/rover_control) by extensions ['colcon_meta']
[0.355s] Level 1:colcon.colcon_core.package_identification:_identify(ros2_ws/src/rover_control) by extension 'colcon_meta'
[0.355s] Level 1:colcon.colcon_core.package_identification:_identify(ros2_ws/src/rover_control) by extensions ['ros']
[0.355s] Level 1:colcon.colcon_core.package_identification:_identify(ros2_ws/src/rover_control) by extension 'ros'
[0.356s] DEBUG:colcon.colcon_core.package_identification:Package 'ros2_ws/src/rover_control' with type 'ros.ament_python' and name 'rover_control'
[0.356s] Level 1:colcon.colcon_core.package_identification:_identify(ros2_ws/src/rover_description) by extensions ['ignore', 'ignore_ament_install']
[0.356s] Level 1:colcon.colcon_core.package_identification:_identify(ros2_ws/src/rover_description) by extension 'ignore'
[0.356s] Level 1:colcon.colcon_core.package_identification:_identify(ros2_ws/src/rover_description) by extension 'ignore_ament_install'
[0.356s] Level 1:colcon.colcon_core.package_identification:_identify(ros2_ws/src/rover_description) by extensions ['colcon_pkg']
[0.357s] Level 1:colcon.colcon_core.package_identification:_identify(ros2_ws/src/rover_description) by extension 'colcon_pkg'
[0.357s] Level 1:colcon.colcon_core.package_identification:_identify(ros2_ws/src/rover_description) by extensions ['colcon_meta']
[0.357s] Level 1:colcon.colcon_core.package_identification:_identify(ros2_ws/src/rover_description) by extension 'colcon_meta'
[0.357s] Level 1:colcon.colcon_core.package_identification:_identify(ros2_ws/src/rover_description) by extensions ['ros']
[0.357s] Level 1:colcon.colcon_core.package_identification:_identify(ros2_ws/src/rover_description) by extension 'ros'
[0.358s] DEBUG:colcon.colcon_core.package_identification:Package 'ros2_ws/src/rover_description' with type 'ros.ament_python' and name 'rover_description'
[0.358s] Level 1:colcon.colcon_core.package_identification:_identify(ros2_ws/src/rover_gps) by extensions ['ignore', 'ignore_ament_install']
[0.358s] Level 1:colcon.colcon_core.package_identification:_identify(ros2_ws/src/rover_gps) by extension 'ignore'
[0.358s] Level 1:colcon.colcon_core.package_identification:_identify(ros2_ws/src/rover_gps) by extension 'ignore_ament_install'
[0.358s] Level 1:colcon.colcon_core.package_identification:_identify(ros2_ws/src/rover_gps) by extensions ['colcon_pkg']
[0.358s] Level 1:colcon.colcon_core.package_identification:_identify(ros2_ws/src/rover_gps) by extension 'colcon_pkg'
[0.359s] Level 1:colcon.colcon_core.package_identification:_identify(ros2_ws/src/rover_gps) by extensions ['colcon_meta']
[0.359s] Level 1:colcon.colcon_core.package_identification:_identify(ros2_ws/src/rover_gps) by extension 'colcon_meta'
[0.359s] Level 1:colcon.colcon_core.package_identification:_identify(ros2_ws/src/rover_gps) by extensions ['ros']
[0.359s] Level 1:colcon.colcon_core.package_identification:_identify(ros2_ws/src/rover_gps) by extension 'ros'
[0.359s] DEBUG:colcon.colcon_core.package_identification:Package 'ros2_ws/src/rover_gps' with type 'ros.ament_python' and name 'rover_gps'
[0.360s] Level 1:colcon.colcon_core.package_identification:_identify(ros2_ws/src/rover_lidar) by extensions ['ignore', 'ignore_ament_install']
[0.360s] Level 1:colcon.colcon_core.package_identification:_identify(ros2_ws/src/rover_lidar) by extension 'ignore'
[0.360s] Level 1:colcon.colcon_core.package_identification:_identify(ros2_ws/src/rover_lidar) by extension 'ignore_ament_install'
[0.360s] Level 1:colcon.colcon_core.package_identification:_identify(ros2_ws/src/rover_lidar) by extensions ['colcon_pkg']
[0.360s] Level 1:colcon.colcon_core.package_identification:_identify(ros2_ws/src/rover_lidar) by extension 'colcon_pkg'
[0.360s] Level 1:colcon.colcon_core.package_identification:_identify(ros2_ws/src/rover_lidar) by extensions ['colcon_meta']
[0.360s] Level 1:colcon.colcon_core.package_identification:_identify(ros2_ws/src/rover_lidar) by extension 'colcon_meta'
[0.360s] Level 1:colcon.colcon_core.package_identification:_identify(ros2_ws/src/rover_lidar) by extensions ['ros']
[0.360s] Level 1:colcon.colcon_core.package_identification:_identify(ros2_ws/src/rover_lidar) by extension 'ros'
[0.361s] DEBUG:colcon.colcon_core.package_identification:Package 'ros2_ws/src/rover_lidar' with type 'ros.ament_python' and name 'rover_lidar'
[0.361s] Level 1:colcon.colcon_core.package_identification:_identify(ros2_ws/src/rover_telemetry) by extensions ['ignore', 'ignore_ament_install']
[0.361s] Level 1:colcon.colcon_core.package_identification:_identify(ros2_ws/src/rover_telemetry) by extension 'ignore'
[0.362s] Level 1:colcon.colcon_core.package_identification:_identify(ros2_ws/src/rover_telemetry) by extension 'ignore_ament_install'
[0.362s] Level 1:colcon.colcon_core.package_identification:_identify(ros2_ws/src/rover_telemetry) by extensions ['colcon_pkg']
[0.362s] Level 1:colcon.colcon_core.package_identification:_identify(ros2_ws/src/rover_telemetry) by extension 'colcon_pkg'
[0.362s] Level 1:colcon.colcon_core.package_identification:_identify(ros2_ws/src/rover_telemetry) by extensions ['colcon_meta']
[0.362s] Level 1:colcon.colcon_core.package_identification:_identify(ros2_ws/src/rover_telemetry) by extension 'colcon_meta'
[0.362s] Level 1:colcon.colcon_core.package_identification:_identify(ros2_ws/src/rover_telemetry) by extensions ['ros']
[0.362s] Level 1:colcon.colcon_core.package_identification:_identify(ros2_ws/src/rover_telemetry) by extension 'ros'
[0.363s] DEBUG:colcon.colcon_core.package_identification:Package 'ros2_ws/src/rover_telemetry' with type 'ros.ament_python' and name 'rover_telemetry'
[0.363s] Level 1:colcon.colcon_core.package_discovery:discover_packages(recursive) using defaults
[0.363s] Level 1:colcon.colcon_core.package_discovery:discover_packages(ignore) discover
[0.363s] Level 1:colcon.colcon_core.package_discovery:discover_packages(ignore) using defaults
[0.363s] Level 1:colcon.colcon_core.package_discovery:discover_packages(path) discover
[0.363s] Level 1:colcon.colcon_core.package_discovery:discover_packages(path) using defaults
[0.393s] INFO:colcon.colcon_core.package_selection:Skipping not selected package 'rover_base' in 'ros2_ws/src/rover_base'
[0.393s] INFO:colcon.colcon_core.package_selection:Skipping not selected package 'rover_camera' in 'ros2_ws/src/rover_camera'
[0.394s] INFO:colcon.colcon_core.package_selection:Skipping not selected package 'rover_control' in 'ros2_ws/src/rover_control'
[0.394s] INFO:colcon.colcon_core.package_selection:Skipping not selected package 'rover_gps' in 'ros2_ws/src/rover_gps'
[0.394s] INFO:colcon.colcon_core.package_selection:Skipping not selected package 'rover_lidar' in 'ros2_ws/src/rover_lidar'
[0.394s] INFO:colcon.colcon_core.package_selection:Skipping not selected package 'rover_telemetry' in 'ros2_ws/src/rover_telemetry'
[0.394s] Level 1:colcon.colcon_core.package_discovery:discover_packages(prefix_path) check parameters
[0.394s] Level 1:colcon.colcon_core.package_discovery:discover_packages(prefix_path) discover
[0.399s] DEBUG:colcon.colcon_installed_package_information.package_discovery:Found 288 installed packages in /opt/ros/jazzy
[0.401s] Level 1:colcon.colcon_core.package_discovery:discover_packages(prefix_path) using defaults
[0.470s] Level 5:colcon.colcon_core.verb:set package 'rover_description' build argument 'cmake_args' from command line to 'None'
[0.470s] Level 5:colcon.colcon_core.verb:set package 'rover_description' build argument 'cmake_target' from command line to 'None'
[0.470s] Level 5:colcon.colcon_core.verb:set package 'rover_description' build argument 'cmake_target_skip_unavailable' from command line to 'False'
[0.471s] Level 5:colcon.colcon_core.verb:set package 'rover_description' build argument 'cmake_clean_cache' from command line to 'False'
[0.471s] Level 5:colcon.colcon_core.verb:set package 'rover_description' build argument 'cmake_clean_first' from command line to 'False'
[0.471s] Level 5:colcon.colcon_core.verb:set package 'rover_description' build argument 'cmake_force_configure' from command line to 'False'
[0.471s] Level 5:colcon.colcon_core.verb:set package 'rover_description' build argument 'ament_cmake_args' from command line to 'None'
[0.471s] Level 5:colcon.colcon_core.verb:set package 'rover_description' build argument 'catkin_cmake_args' from command line to 'None'
[0.471s] Level 5:colcon.colcon_core.verb:set package 'rover_description' build argument 'catkin_skip_building_tests' from command line to 'False'
[0.471s] DEBUG:colcon.colcon_core.verb:Building package 'rover_description' with the following arguments: {'ament_cmake_args': None, 'build_base': '/home/sanjai/Documents/First_Robot/build/rover_description', 'catkin_cmake_args': None, 'catkin_skip_building_tests': False, 'cmake_args': None, 'cmake_clean_cache': False, 'cmake_clean_first': False, 'cmake_force_configure': False, 'cmake_target': None, 'cmake_target_skip_unavailable': False, 'install_base': '/home/sanjai/Documents/First_Robot/install/rover_description', 'merge_install': False, 'path': '/home/sanjai/Documents/First_Robot/ros2_ws/src/rover_description', 'symlink_install': False, 'test_result_base': None}
[0.471s] INFO:colcon.colcon_core.executor:Executing jobs using 'parallel' executor
[0.473s] DEBUG:colcon.colcon_parallel_executor.executor.parallel:run_until_complete
[0.474s] INFO:colcon.colcon_ros.task.ament_python.build:Building ROS package in '/home/sanjai/Documents/First_Robot/ros2_ws/src/rover_description' with build type 'ament_python'
[0.474s] Level 1:colcon.colcon_core.shell:create_environment_hook('rover_description', 'ament_prefix_path')
[0.478s] INFO:colcon.colcon_core.plugin_system:Skipping extension 'colcon_core.shell.bat': Not used on non-Windows systems
[0.478s] INFO:colcon.colcon_core.shell:Creating environment hook '/home/sanjai/Documents/First_Robot/install/rover_description/share/rover_description/hook/ament_prefix_path.ps1'
[0.480s] INFO:colcon.colcon_core.shell:Creating environment descriptor '/home/sanjai/Documents/First_Robot/install/rover_description/share/rover_description/hook/ament_prefix_path.dsv'
[0.481s] INFO:colcon.colcon_core.shell:Creating environment hook '/home/sanjai/Documents/First_Robot/install/rover_description/share/rover_description/hook/ament_prefix_path.sh'
[0.482s] INFO:colcon.colcon_core.shell:Skip shell extension 'powershell' for command environment: Not usable outside of PowerShell
[0.482s] DEBUG:colcon.colcon_core.shell:Skip shell extension 'dsv' for command environment
[0.857s] INFO:colcon.colcon_core.task.python.build:Building Python package in '/home/sanjai/Documents/First_Robot/ros2_ws/src/rover_description'
[0.858s] INFO:colcon.colcon_core.shell:Skip shell extension 'powershell' for command environment: Not usable outside of PowerShell
[0.858s] DEBUG:colcon.colcon_core.shell:Skip shell extension 'dsv' for command environment
[1.953s] DEBUG:colcon.colcon_core.event_handler.log_command:Invoking command in '/home/sanjai/Documents/First_Robot/ros2_ws/src/rover_description': DEBUGINFOD_URLS=https://debuginfod.ubuntu.com PYTHONPATH=/home/sanjai/Documents/First_Robot/build/rover_description/prefix_override:/usr/lib/python3/dist-packages/colcon_core/task/python/colcon_distutils_commands:/home/sanjai/Documents/First_Robot/install/rover_description/lib/python3.12/site-packages:${PYTHONPATH} /usr/bin/python3 -W ignore:setup.py install is deprecated -W ignore:easy_install command is deprecated setup.py egg_info --egg-base ../../../build/rover_description build --build-base /home/sanjai/Documents/First_Robot/build/rover_description/build install --record /home/sanjai/Documents/First_Robot/build/rover_description/install.log --single-version-externally-managed install_data
[2.883s] DEBUG:colcon.colcon_core.event_handler.log_command:Invoked command in '/home/sanjai/Documents/First_Robot/ros2_ws/src/rover_description' returned '0': DEBUGINFOD_URLS=https://debuginfod.ubuntu.com PYTHONPATH=/home/sanjai/Documents/First_Robot/build/rover_description/prefix_override:/usr/lib/python3/dist-packages/colcon_core/task/python/colcon_distutils_commands:/home/sanjai/Documents/First_Robot/install/rover_description/lib/python3.12/site-packages:${PYTHONPATH} /usr/bin/python3 -W ignore:setup.py install is deprecated -W ignore:easy_install command is deprecated setup.py egg_info --egg-base ../../../build/rover_description build --build-base /home/sanjai/Documents/First_Robot/build/rover_description/build install --record /home/sanjai/Documents/First_Robot/build/rover_description/install.log --single-version-externally-managed install_data
[2.888s] Level 1:colcon.colcon_core.environment:checking '/home/sanjai/Documents/First_Robot/install/rover_description' for CMake module files
[2.889s] Level 1:colcon.colcon_core.environment:checking '/home/sanjai/Documents/First_Robot/install/rover_description' for CMake config files
[2.890s] Level 1:colcon.colcon_core.environment:checking '/home/sanjai/Documents/First_Robot/install/rover_description/lib'
[2.890s] Level 1:colcon.colcon_core.environment:checking '/home/sanjai/Documents/First_Robot/install/rover_description/bin'
[2.890s] Level 1:colcon.colcon_core.environment:checking '/home/sanjai/Documents/First_Robot/install/rover_description/lib/pkgconfig/rover_description.pc'
[2.891s] Level 1:colcon.colcon_core.environment:checking '/home/sanjai/Documents/First_Robot/install/rover_description/lib/python3.12/site-packages'
[2.891s] Level 1:colcon.colcon_core.shell:create_environment_hook('rover_description', 'pythonpath')
[2.891s] INFO:colcon.colcon_core.shell:Creating environment hook '/home/sanjai/Documents/First_Robot/install/rover_description/share/rover_description/hook/pythonpath.ps1'
[2.892s] INFO:colcon.colcon_core.shell:Creating environment descriptor '/home/sanjai/Documents/First_Robot/install/rover_description/share/rover_description/hook/pythonpath.dsv'
[2.893s] INFO:colcon.colcon_core.shell:Creating environment hook '/home/sanjai/Documents/First_Robot/install/rover_description/share/rover_description/hook/pythonpath.sh'
[2.894s] Level 1:colcon.colcon_core.environment:checking '/home/sanjai/Documents/First_Robot/install/rover_description/bin'
[2.894s] Level 1:colcon.colcon_core.environment:create_environment_scripts_only(rover_description)
[2.894s] INFO:colcon.colcon_core.shell:Creating package script '/home/sanjai/Documents/First_Robot/install/rover_description/share/rover_description/package.ps1'
[2.895s] INFO:colcon.colcon_core.shell:Creating package descriptor '/home/sanjai/Documents/First_Robot/install/rover_description/share/rover_description/package.dsv'
[2.896s] INFO:colcon.colcon_core.shell:Creating package script '/home/sanjai/Documents/First_Robot/install/rover_description/share/rover_description/package.sh'
[2.897s] INFO:colcon.colcon_core.shell:Creating package script '/home/sanjai/Documents/First_Robot/install/rover_description/share/rover_description/package.bash'
[2.898s] INFO:colcon.colcon_core.shell:Creating package script '/home/sanjai/Documents/First_Robot/install/rover_description/share/rover_description/package.zsh'
[2.900s] Level 1:colcon.colcon_core.environment:create_file_with_runtime_dependencies(/home/sanjai/Documents/First_Robot/install/rover_description/share/colcon-core/packages/rover_description)
[2.900s] DEBUG:colcon.colcon_parallel_executor.executor.parallel:closing loop
[2.901s] DEBUG:colcon.colcon_parallel_executor.executor.parallel:loop closed
[2.901s] DEBUG:colcon.colcon_parallel_executor.executor.parallel:run_until_complete finished with '0'
[2.901s] DEBUG:colcon.colcon_core.event_reactor:joining thread
[2.911s] INFO:colcon.colcon_core.plugin_system:Skipping extension 'colcon_notification.desktop_notification.terminal_notifier': Not used on non-Darwin systems
[2.911s] INFO:colcon.colcon_core.plugin_system:Skipping extension 'colcon_notification.desktop_notification.win32': Not used on non-Windows systems
[2.911s] INFO:colcon.colcon_notification.desktop_notification:Sending desktop notification using 'notify2'
[2.970s] DEBUG:colcon.colcon_core.event_reactor:joined thread
[2.971s] INFO:colcon.colcon_core.shell:Creating prefix script '/home/sanjai/Documents/First_Robot/install/local_setup.ps1'
[2.978s] INFO:colcon.colcon_core.shell:Creating prefix util module '/home/sanjai/Documents/First_Robot/install/_local_setup_util_ps1.py'
[2.987s] INFO:colcon.colcon_core.shell:Creating prefix chain script '/home/sanjai/Documents/First_Robot/install/setup.ps1'
[2.996s] INFO:colcon.colcon_core.shell:Creating prefix script '/home/sanjai/Documents/First_Robot/install/local_setup.sh'
[2.998s] INFO:colcon.colcon_core.shell:Creating prefix util module '/home/sanjai/Documents/First_Robot/install/_local_setup_util_sh.py'
[2.999s] INFO:colcon.colcon_core.shell:Creating prefix chain script '/home/sanjai/Documents/First_Robot/install/setup.sh'
[3.001s] INFO:colcon.colcon_core.shell:Creating prefix script '/home/sanjai/Documents/First_Robot/install/local_setup.bash'
[3.003s] INFO:colcon.colcon_core.shell:Creating prefix chain script '/home/sanjai/Documents/First_Robot/install/setup.bash'
[3.006s] INFO:colcon.colcon_core.shell:Creating prefix script '/home/sanjai/Documents/First_Robot/install/local_setup.zsh'
[3.008s] INFO:colcon.colcon_core.shell:Creating prefix chain script '/home/sanjai/Documents/First_Robot/install/setup.zsh'
