running egg_info
creating ../../../build/rover_description/rover_description.egg-info
writing ../../../build/rover_description/rover_description.egg-info/PKG-INFO
writing dependency_links to ../../../build/rover_description/rover_description.egg-info/dependency_links.txt
writing requirements to ../../../build/rover_description/rover_description.egg-info/requires.txt
writing top-level names to ../../../build/rover_description/rover_description.egg-info/top_level.txt
writing manifest file '../../../build/rover_description/rover_description.egg-info/SOURCES.txt'
reading manifest file '../../../build/rover_description/rover_description.egg-info/SOURCES.txt'
writing manifest file '../../../build/rover_description/rover_description.egg-info/SOURCES.txt'
running build
running build_py
creating /home/sanjai/Documents/First_Robot/build/rover_description/build
creating /home/sanjai/Documents/First_Robot/build/rover_description/build/lib
creating /home/sanjai/Documents/First_Robot/build/rover_description/build/lib/rover_description
copying rover_description/__init__.py -> /home/sanjai/Documents/First_Robot/build/rover_description/build/lib/rover_description
running install
running install_lib
creating /home/sanjai/Documents/First_Robot/install/rover_description/lib/python3.12/site-packages/rover_description
copying /home/sanjai/Documents/First_Robot/build/rover_description/build/lib/rover_description/__init__.py -> /home/sanjai/Documents/First_Robot/install/rover_description/lib/python3.12/site-packages/rover_description
byte-compiling /home/sanjai/Documents/First_Robot/install/rover_description/lib/python3.12/site-packages/rover_description/__init__.py to __init__.cpython-312.pyc
running install_data
creating /home/sanjai/Documents/First_Robot/install/rover_description/share/ament_index
creating /home/sanjai/Documents/First_Robot/install/rover_description/share/ament_index/resource_index
creating /home/sanjai/Documents/First_Robot/install/rover_description/share/ament_index/resource_index/packages
copying resource/rover_description -> /home/sanjai/Documents/First_Robot/install/rover_description/share/ament_index/resource_index/packages
copying package.xml -> /home/sanjai/Documents/First_Robot/install/rover_description/share/rover_description
creating /home/sanjai/Documents/First_Robot/install/rover_description/share/rover_description/launch
copying launch/display.launch.py -> /home/sanjai/Documents/First_Robot/install/rover_description/share/rover_description/launch
creating /home/sanjai/Documents/First_Robot/install/rover_description/share/rover_description/urdf
copying urdf/rover.urdf -> /home/sanjai/Documents/First_Robot/install/rover_description/share/rover_description/urdf
creating /home/sanjai/Documents/First_Robot/install/rover_description/share/rover_description/rviz
copying rviz/default.rviz -> /home/sanjai/Documents/First_Robot/install/rover_description/share/rover_description/rviz
running install_egg_info
Copying ../../../build/rover_description/rover_description.egg-info to /home/sanjai/Documents/First_Robot/install/rover_description/lib/python3.12/site-packages/rover_description-0.0.0-py3.12.egg-info
running install_scripts
writing list of installed files to '/home/sanjai/Documents/First_Robot/build/rover_description/install.log'
