[1.430s] Invoking command in '/home/sanjai/Documents/First_Robot/ros2_ws/src/rover_description': DEBUGINFOD_URLS=https://debuginfod.ubuntu.com PYTHONPATH=/home/sanjai/Documents/First_Robot/ros2_ws/build/rover_description/prefix_override:/usr/lib/python3/dist-packages/colcon_core/task/python/colcon_distutils_commands:/home/sanjai/Documents/First_Robot/ros2_ws/install/rover_description/lib/python3.12/site-packages:${PYTHONPATH} /usr/bin/python3 -W ignore:setup.py install is deprecated -W ignore:easy_install command is deprecated setup.py egg_info --egg-base ../../build/rover_description build --build-base /home/sanjai/Documents/First_Robot/ros2_ws/build/rover_description/build install --record /home/sanjai/Documents/First_Robot/ros2_ws/build/rover_description/install.log --single-version-externally-managed install_data
[1.907s] running egg_info
[1.945s] writing ../../build/rover_description/rover_description.egg-info/PKG-INFO
[1.945s] writing dependency_links to ../../build/rover_description/rover_description.egg-info/dependency_links.txt
[1.946s] writing requirements to ../../build/rover_description/rover_description.egg-info/requires.txt
[1.946s] writing top-level names to ../../build/rover_description/rover_description.egg-info/top_level.txt
[2.019s] reading manifest file '../../build/rover_description/rover_description.egg-info/SOURCES.txt'
[2.020s] writing manifest file '../../build/rover_description/rover_description.egg-info/SOURCES.txt'
[2.020s] running build
[2.021s] running build_py
[2.021s] running install
[2.031s] running install_lib
[2.072s] running install_data
[2.072s] copying launch/display.launch.py -> /home/sanjai/Documents/First_Robot/ros2_ws/install/rover_description/share/rover_description/launch
[2.073s] running install_egg_info
[2.111s] removing '/home/sanjai/Documents/First_Robot/ros2_ws/install/rover_description/lib/python3.12/site-packages/rover_description-0.0.0-py3.12.egg-info' (and everything under it)
[2.112s] Copying ../../build/rover_description/rover_description.egg-info to /home/sanjai/Documents/First_Robot/ros2_ws/install/rover_description/lib/python3.12/site-packages/rover_description-0.0.0-py3.12.egg-info
[2.113s] running install_scripts
[2.357s] writing list of installed files to '/home/sanjai/Documents/First_Robot/ros2_ws/build/rover_description/install.log'
[2.405s] Invoked command in '/home/sanjai/Documents/First_Robot/ros2_ws/src/rover_description' returned '0': DEBUGINFOD_URLS=https://debuginfod.ubuntu.com PYTHONPATH=/home/sanjai/Documents/First_Robot/ros2_ws/build/rover_description/prefix_override:/usr/lib/python3/dist-packages/colcon_core/task/python/colcon_distutils_commands:/home/sanjai/Documents/First_Robot/ros2_ws/install/rover_description/lib/python3.12/site-packages:${PYTHONPATH} /usr/bin/python3 -W ignore:setup.py install is deprecated -W ignore:easy_install command is deprecated setup.py egg_info --egg-base ../../build/rover_description build --build-base /home/sanjai/Documents/First_Robot/ros2_ws/build/rover_description/build install --record /home/sanjai/Documents/First_Robot/ros2_ws/build/rover_description/install.log --single-version-externally-managed install_data
