[1.359s] Invoking command in '/home/sanjai/Documents/First_Robot/ros2_ws/src/rover_description': DEBUGINFOD_URLS=https://debuginfod.ubuntu.com PYTHONPATH=/home/sanjai/Documents/First_Robot/ros2_ws/build/rover_description/prefix_override:/usr/lib/python3/dist-packages/colcon_core/task/python/colcon_distutils_commands:/home/sanjai/Documents/First_Robot/ros2_ws/install/rover_description/lib/python3.12/site-packages:${PYTHONPATH} /usr/bin/python3 -W ignore:setup.py install is deprecated -W ignore:easy_install command is deprecated setup.py egg_info --egg-base ../../build/rover_description build --build-base /home/sanjai/Documents/First_Robot/ros2_ws/build/rover_description/build install --record /home/sanjai/Documents/First_Robot/ros2_ws/build/rover_description/install.log --single-version-externally-managed install_data
[1.819s] running egg_info
[1.819s] creating ../../build/rover_description/rover_description.egg-info
[1.854s] writing ../../build/rover_description/rover_description.egg-info/PKG-INFO
[1.855s] writing dependency_links to ../../build/rover_description/rover_description.egg-info/dependency_links.txt
[1.855s] writing requirements to ../../build/rover_description/rover_description.egg-info/requires.txt
[1.856s] writing top-level names to ../../build/rover_description/rover_description.egg-info/top_level.txt
[1.856s] writing manifest file '../../build/rover_description/rover_description.egg-info/SOURCES.txt'
[1.928s] reading manifest file '../../build/rover_description/rover_description.egg-info/SOURCES.txt'
[1.929s] writing manifest file '../../build/rover_description/rover_description.egg-info/SOURCES.txt'
[1.930s] running build
[1.930s] running build_py
[1.930s] creating /home/sanjai/Documents/First_Robot/ros2_ws/build/rover_description/build
[1.930s] creating /home/sanjai/Documents/First_Robot/ros2_ws/build/rover_description/build/lib
[1.931s] creating /home/sanjai/Documents/First_Robot/ros2_ws/build/rover_description/build/lib/rover_description
[1.931s] copying rover_description/__init__.py -> /home/sanjai/Documents/First_Robot/ros2_ws/build/rover_description/build/lib/rover_description
[1.931s] running install
[1.941s] running install_lib
[1.976s] creating /home/sanjai/Documents/First_Robot/ros2_ws/install/rover_description/lib/python3.12/site-packages/rover_description
[1.976s] copying /home/sanjai/Documents/First_Robot/ros2_ws/build/rover_description/build/lib/rover_description/__init__.py -> /home/sanjai/Documents/First_Robot/ros2_ws/install/rover_description/lib/python3.12/site-packages/rover_description
[1.977s] byte-compiling /home/sanjai/Documents/First_Robot/ros2_ws/install/rover_description/lib/python3.12/site-packages/rover_description/__init__.py to __init__.cpython-312.pyc
[1.978s] running install_data
[1.978s] creating /home/sanjai/Documents/First_Robot/ros2_ws/install/rover_description/share
[1.978s] creating /home/sanjai/Documents/First_Robot/ros2_ws/install/rover_description/share/ament_index
[1.978s] creating /home/sanjai/Documents/First_Robot/ros2_ws/install/rover_description/share/ament_index/resource_index
[1.979s] creating /home/sanjai/Documents/First_Robot/ros2_ws/install/rover_description/share/ament_index/resource_index/packages
[1.979s] copying resource/rover_description -> /home/sanjai/Documents/First_Robot/ros2_ws/install/rover_description/share/ament_index/resource_index/packages
[1.979s] creating /home/sanjai/Documents/First_Robot/ros2_ws/install/rover_description/share/rover_description
[1.979s] error: can't copy 'package.xml': doesn't exist or not a regular file
[2.011s] Invoked command in '/home/sanjai/Documents/First_Robot/ros2_ws/src/rover_description' returned '1': DEBUGINFOD_URLS=https://debuginfod.ubuntu.com PYTHONPATH=/home/sanjai/Documents/First_Robot/ros2_ws/build/rover_description/prefix_override:/usr/lib/python3/dist-packages/colcon_core/task/python/colcon_distutils_commands:/home/sanjai/Documents/First_Robot/ros2_ws/install/rover_description/lib/python3.12/site-packages:${PYTHONPATH} /usr/bin/python3 -W ignore:setup.py install is deprecated -W ignore:easy_install command is deprecated setup.py egg_info --egg-base ../../build/rover_description build --build-base /home/sanjai/Documents/First_Robot/ros2_ws/build/rover_description/build install --record /home/sanjai/Documents/First_Robot/ros2_ws/build/rover_description/install.log --single-version-externally-managed install_data
