running egg_info
creating ../../build/rover_telemetry/rover_telemetry.egg-info
writing ../../build/rover_telemetry/rover_telemetry.egg-info/PKG-INFO
writing dependency_links to ../../build/rover_telemetry/rover_telemetry.egg-info/dependency_links.txt
writing entry points to ../../build/rover_telemetry/rover_telemetry.egg-info/entry_points.txt
writing requirements to ../../build/rover_telemetry/rover_telemetry.egg-info/requires.txt
writing top-level names to ../../build/rover_telemetry/rover_telemetry.egg-info/top_level.txt
writing manifest file '../../build/rover_telemetry/rover_telemetry.egg-info/SOURCES.txt'
reading manifest file '../../build/rover_telemetry/rover_telemetry.egg-info/SOURCES.txt'
writing manifest file '../../build/rover_telemetry/rover_telemetry.egg-info/SOURCES.txt'
running build
running build_py
creating /home/sanjai/Documents/First_Robot/ros2_ws/build/rover_telemetry/build
creating /home/sanjai/Documents/First_Robot/ros2_ws/build/rover_telemetry/build/lib
creating /home/sanjai/Documents/First_Robot/ros2_ws/build/rover_telemetry/build/lib/rover_telemetry
copying rover_telemetry/telemetry_node.py -> /home/sanjai/Documents/First_Robot/ros2_ws/build/rover_telemetry/build/lib/rover_telemetry
copying rover_telemetry/__init__.py -> /home/sanjai/Documents/First_Robot/ros2_ws/build/rover_telemetry/build/lib/rover_telemetry
running install
running install_lib
creating /home/sanjai/Documents/First_Robot/ros2_ws/install/rover_telemetry/lib/python3.12/site-packages/rover_telemetry
copying /home/sanjai/Documents/First_Robot/ros2_ws/build/rover_telemetry/build/lib/rover_telemetry/telemetry_node.py -> /home/sanjai/Documents/First_Robot/ros2_ws/install/rover_telemetry/lib/python3.12/site-packages/rover_telemetry
copying /home/sanjai/Documents/First_Robot/ros2_ws/build/rover_telemetry/build/lib/rover_telemetry/__init__.py -> /home/sanjai/Documents/First_Robot/ros2_ws/install/rover_telemetry/lib/python3.12/site-packages/rover_telemetry
byte-compiling /home/sanjai/Documents/First_Robot/ros2_ws/install/rover_telemetry/lib/python3.12/site-packages/rover_telemetry/telemetry_node.py to telemetry_node.cpython-312.pyc
byte-compiling /home/sanjai/Documents/First_Robot/ros2_ws/install/rover_telemetry/lib/python3.12/site-packages/rover_telemetry/__init__.py to __init__.cpython-312.pyc
running install_data
creating /home/sanjai/Documents/First_Robot/ros2_ws/install/rover_telemetry/share/ament_index
creating /home/sanjai/Documents/First_Robot/ros2_ws/install/rover_telemetry/share/ament_index/resource_index
creating /home/sanjai/Documents/First_Robot/ros2_ws/install/rover_telemetry/share/ament_index/resource_index/packages
copying resource/rover_telemetry -> /home/sanjai/Documents/First_Robot/ros2_ws/install/rover_telemetry/share/ament_index/resource_index/packages
copying package.xml -> /home/sanjai/Documents/First_Robot/ros2_ws/install/rover_telemetry/share/rover_telemetry
running install_egg_info
Copying ../../build/rover_telemetry/rover_telemetry.egg-info to /home/sanjai/Documents/First_Robot/ros2_ws/install/rover_telemetry/lib/python3.12/site-packages/rover_telemetry-0.0.0-py3.12.egg-info
running install_scripts
Installing telemetry_node script to /home/sanjai/Documents/First_Robot/ros2_ws/install/rover_telemetry/lib/rover_telemetry
writing list of installed files to '/home/sanjai/Documents/First_Robot/ros2_ws/build/rover_telemetry/install.log'
