[3.364s] Invoking command in '/home/sanjai/Documents/First_Robot/ros2_ws/src/rover_control': DEBUGINFOD_URLS=https://debuginfod.ubuntu.com PYTHONPATH=/home/sanjai/Documents/First_Robot/ros2_ws/build/rover_control/prefix_override:/usr/lib/python3/dist-packages/colcon_core/task/python/colcon_distutils_commands:/home/sanjai/Documents/First_Robot/ros2_ws/install/rover_control/lib/python3.12/site-packages:${PYTHONPATH} /usr/bin/python3 -W ignore:setup.py install is deprecated -W ignore:easy_install command is deprecated setup.py egg_info --egg-base ../../build/rover_control build --build-base /home/sanjai/Documents/First_Robot/ros2_ws/build/rover_control/build install --record /home/sanjai/Documents/First_Robot/ros2_ws/build/rover_control/install.log --single-version-externally-managed install_data
[3.837s] running egg_info
[3.838s] creating ../../build/rover_control/rover_control.egg-info
[3.872s] writing ../../build/rover_control/rover_control.egg-info/PKG-INFO
[3.872s] writing dependency_links to ../../build/rover_control/rover_control.egg-info/dependency_links.txt
[3.873s] writing entry points to ../../build/rover_control/rover_control.egg-info/entry_points.txt
[3.873s] writing requirements to ../../build/rover_control/rover_control.egg-info/requires.txt
[3.873s] writing top-level names to ../../build/rover_control/rover_control.egg-info/top_level.txt
[3.875s] writing manifest file '../../build/rover_control/rover_control.egg-info/SOURCES.txt'
[3.954s] reading manifest file '../../build/rover_control/rover_control.egg-info/SOURCES.txt'
[3.955s] writing manifest file '../../build/rover_control/rover_control.egg-info/SOURCES.txt'
[3.955s] running build
[3.956s] running build_py
[3.956s] creating /home/sanjai/Documents/First_Robot/ros2_ws/build/rover_control/build
[3.957s] creating /home/sanjai/Documents/First_Robot/ros2_ws/build/rover_control/build/lib
[3.957s] creating /home/sanjai/Documents/First_Robot/ros2_ws/build/rover_control/build/lib/rover_control
[3.957s] copying rover_control/main_brain.py -> /home/sanjai/Documents/First_Robot/ros2_ws/build/rover_control/build/lib/rover_control
[3.957s] copying rover_control/__init__.py -> /home/sanjai/Documents/First_Robot/ros2_ws/build/rover_control/build/lib/rover_control
[3.958s] running install
[3.968s] running install_lib
[4.008s] creating /home/sanjai/Documents/First_Robot/ros2_ws/install/rover_control/lib/python3.12/site-packages/rover_control
[4.009s] copying /home/sanjai/Documents/First_Robot/ros2_ws/build/rover_control/build/lib/rover_control/main_brain.py -> /home/sanjai/Documents/First_Robot/ros2_ws/install/rover_control/lib/python3.12/site-packages/rover_control
[4.009s] copying /home/sanjai/Documents/First_Robot/ros2_ws/build/rover_control/build/lib/rover_control/__init__.py -> /home/sanjai/Documents/First_Robot/ros2_ws/install/rover_control/lib/python3.12/site-packages/rover_control
[4.010s] byte-compiling /home/sanjai/Documents/First_Robot/ros2_ws/install/rover_control/lib/python3.12/site-packages/rover_control/main_brain.py to main_brain.cpython-312.pyc
[4.011s] byte-compiling /home/sanjai/Documents/First_Robot/ros2_ws/install/rover_control/lib/python3.12/site-packages/rover_control/__init__.py to __init__.cpython-312.pyc
[4.011s] running install_data
[4.012s] creating /home/sanjai/Documents/First_Robot/ros2_ws/install/rover_control/share/ament_index
[4.012s] creating /home/sanjai/Documents/First_Robot/ros2_ws/install/rover_control/share/ament_index/resource_index
[4.012s] creating /home/sanjai/Documents/First_Robot/ros2_ws/install/rover_control/share/ament_index/resource_index/packages
[4.013s] copying resource/rover_control -> /home/sanjai/Documents/First_Robot/ros2_ws/install/rover_control/share/ament_index/resource_index/packages
[4.013s] copying package.xml -> /home/sanjai/Documents/First_Robot/ros2_ws/install/rover_control/share/rover_control
[4.013s] creating /home/sanjai/Documents/First_Robot/ros2_ws/install/rover_control/share/rover_control/launch
[4.013s] copying launch/system_launch.py -> /home/sanjai/Documents/First_Robot/ros2_ws/install/rover_control/share/rover_control/launch
[4.014s] running install_egg_info
[4.055s] Copying ../../build/rover_control/rover_control.egg-info to /home/sanjai/Documents/First_Robot/ros2_ws/install/rover_control/lib/python3.12/site-packages/rover_control-0.0.0-py3.12.egg-info
[4.057s] running install_scripts
[4.290s] Installing main_brain script to /home/sanjai/Documents/First_Robot/ros2_ws/install/rover_control/lib/rover_control
[4.290s] writing list of installed files to '/home/sanjai/Documents/First_Robot/ros2_ws/build/rover_control/install.log'
[4.337s] Invoked command in '/home/sanjai/Documents/First_Robot/ros2_ws/src/rover_control' returned '0': DEBUGINFOD_URLS=https://debuginfod.ubuntu.com PYTHONPATH=/home/sanjai/Documents/First_Robot/ros2_ws/build/rover_control/prefix_override:/usr/lib/python3/dist-packages/colcon_core/task/python/colcon_distutils_commands:/home/sanjai/Documents/First_Robot/ros2_ws/install/rover_control/lib/python3.12/site-packages:${PYTHONPATH} /usr/bin/python3 -W ignore:setup.py install is deprecated -W ignore:easy_install command is deprecated setup.py egg_info --egg-base ../../build/rover_control build --build-base /home/sanjai/Documents/First_Robot/ros2_ws/build/rover_control/build install --record /home/sanjai/Documents/First_Robot/ros2_ws/build/rover_control/install.log --single-version-externally-managed install_data
