[0.793s] DEBUG:colcon:Command line arguments: ['/usr/bin/colcon', 'build', '--symlink-install', '--packages-select', 'rover_sim']
[0.794s] DEBUG:colcon:Parsed command line arguments: Namespace(log_base=None, log_level=None, verb_name='build', build_base='build', install_base='install', merge_install=False, symlink_install=True, test_result_base=None, continue_on_error=False, executor='parallel', parallel_workers=12, event_handlers=None, ignore_user_meta=False, metas=['./colcon.meta'], base_paths=['.'], packages_ignore=None, packages_ignore_regex=None, paths=None, packages_up_to=None, packages_up_to_regex=None, packages_above=None, packages_above_and_dependencies=None, packages_above_depth=None, packages_select_by_dep=None, packages_skip_by_dep=None, packages_skip_up_to=None, packages_select_build_failed=False, packages_skip_build_finished=False, packages_select_test_failures=False, packages_skip_test_passed=False, packages_select=['rover_sim'], packages_skip=None, packages_select_regex=None, packages_skip_regex=None, packages_start=None, packages_end=None, allow_overriding=[], cmake_args=None, cmake_target=None, cmake_target_skip_unavailable=False, cmake_clean_cache=False, cmake_clean_first=False, cmake_force_configure=False, ament_cmake_args=None, catkin_cmake_args=None, catkin_skip_building_tests=False, mixin_files=None, mixin=None, verb_parser=<colcon_mixin.mixin.mixin_argument.MixinArgumentDecorator object at 0x72e6940c22a0>, verb_extension=<colcon_core.verb.build.BuildVerb object at 0x72e6941e2a80>, main=<bound method BuildVerb.main of <colcon_core.verb.build.BuildVerb object at 0x72e6941e2a80>>, mixin_verb=('build',))
[1.088s] Level 1:colcon.colcon_core.package_discovery:discover_packages(colcon_meta) check parameters
[1.093s] Level 1:colcon.colcon_core.package_discovery:discover_packages(recursive) check parameters
[1.094s] Level 1:colcon.colcon_core.package_discovery:discover_packages(ignore) check parameters
[1.094s] Level 1:colcon.colcon_core.package_discovery:discover_packages(path) check parameters
[1.094s] Level 1:colcon.colcon_core.package_discovery:discover_packages(colcon_meta) discover
[1.094s] Level 1:colcon.colcon_core.package_discovery:discover_packages(recursive) discover
[1.094s] INFO:colcon.colcon_core.package_discovery:Crawling recursively for packages in '/home/sanjai/Documents/First_Robot/ros2_ws'
[1.097s] Level 1:colcon.colcon_core.package_identification:_identify(.) by extensions ['ignore', 'ignore_ament_install']
[1.098s] Level 1:colcon.colcon_core.package_identification:_identify(.) by extension 'ignore'
[1.098s] Level 1:colcon.colcon_core.package_identification:_identify(.) by extension 'ignore_ament_install'
[1.099s] Level 1:colcon.colcon_core.package_identification:_identify(.) by extensions ['colcon_pkg']
[1.099s] Level 1:colcon.colcon_core.package_identification:_identify(.) by extension 'colcon_pkg'
[1.099s] Level 1:colcon.colcon_core.package_identification:_identify(.) by extensions ['colcon_meta']
[1.102s] Level 1:colcon.colcon_core.package_identification:_identify(.) by extension 'colcon_meta'
[1.103s] Level 1:colcon.colcon_core.package_identification:_identify(.) by extensions ['ros']
[1.103s] Level 1:colcon.colcon_core.package_identification:_identify(.) by extension 'ros'
[1.410s] Level 1:colcon.colcon_core.package_identification:_identify(.) by extensions ['cmake', 'python']
[1.410s] Level 1:colcon.colcon_core.package_identification:_identify(.) by extension 'cmake'
[1.411s] Level 1:colcon.colcon_core.package_identification:_identify(.) by extension 'python'
[1.412s] Level 1:colcon.colcon_core.package_identification:_identify(.) by extensions ['python_setup_py']
[1.412s] Level 1:colcon.colcon_core.package_identification:_identify(.) by extension 'python_setup_py'
[1.414s] Level 1:colcon.colcon_core.package_identification:_identify(build) by extensions ['ignore', 'ignore_ament_install']
[1.415s] Level 1:colcon.colcon_core.package_identification:_identify(build) by extension 'ignore'
[1.416s] Level 1:colcon.colcon_core.package_identification:_identify(build) ignored
[1.418s] Level 1:colcon.colcon_core.package_identification:_identify(install) by extensions ['ignore', 'ignore_ament_install']
[1.418s] Level 1:colcon.colcon_core.package_identification:_identify(install) by extension 'ignore'
[1.418s] Level 1:colcon.colcon_core.package_identification:_identify(install) ignored
[1.421s] Level 1:colcon.colcon_core.package_identification:_identify(log) by extensions ['ignore', 'ignore_ament_install']
[1.422s] Level 1:colcon.colcon_core.package_identification:_identify(log) by extension 'ignore'
[1.423s] Level 1:colcon.colcon_core.package_identification:_identify(log) ignored
[1.423s] Level 1:colcon.colcon_core.package_identification:_identify(src) by extensions ['ignore', 'ignore_ament_install']
[1.424s] Level 1:colcon.colcon_core.package_identification:_identify(src) by extension 'ignore'
[1.426s] Level 1:colcon.colcon_core.package_identification:_identify(src) by extension 'ignore_ament_install'
[1.426s] Level 1:colcon.colcon_core.package_identification:_identify(src) by extensions ['colcon_pkg']
[1.427s] Level 1:colcon.colcon_core.package_identification:_identify(src) by extension 'colcon_pkg'
[1.427s] Level 1:colcon.colcon_core.package_identification:_identify(src) by extensions ['colcon_meta']
[1.427s] Level 1:colcon.colcon_core.package_identification:_identify(src) by extension 'colcon_meta'
[1.427s] Level 1:colcon.colcon_core.package_identification:_identify(src) by extensions ['ros']
[1.428s] Level 1:colcon.colcon_core.package_identification:_identify(src) by extension 'ros'
[1.429s] Level 1:colcon.colcon_core.package_identification:_identify(src) by extensions ['cmake', 'python']
[1.429s] Level 1:colcon.colcon_core.package_identification:_identify(src) by extension 'cmake'
[1.430s] Level 1:colcon.colcon_core.package_identification:_identify(src) by extension 'python'
[1.430s] Level 1:colcon.colcon_core.package_identification:_identify(src) by extensions ['python_setup_py']
[1.430s] Level 1:colcon.colcon_core.package_identification:_identify(src) by extension 'python_setup_py'
[1.431s] Level 1:colcon.colcon_core.package_identification:_identify(src/rover_base) by extensions ['ignore', 'ignore_ament_install']
[1.432s] Level 1:colcon.colcon_core.package_identification:_identify(src/rover_base) by extension 'ignore'
[1.433s] Level 1:colcon.colcon_core.package_identification:_identify(src/rover_base) by extension 'ignore_ament_install'
[1.433s] Level 1:colcon.colcon_core.package_identification:_identify(src/rover_base) by extensions ['colcon_pkg']
[1.433s] Level 1:colcon.colcon_core.package_identification:_identify(src/rover_base) by extension 'colcon_pkg'
[1.433s] Level 1:colcon.colcon_core.package_identification:_identify(src/rover_base) by extensions ['colcon_meta']
[1.434s] Level 1:colcon.colcon_core.package_identification:_identify(src/rover_base) by extension 'colcon_meta'
[1.435s] Level 1:colcon.colcon_core.package_identification:_identify(src/rover_base) by extensions ['ros']
[1.436s] Level 1:colcon.colcon_core.package_identification:_identify(src/rover_base) by extension 'ros'
[1.455s] DEBUG:colcon.colcon_core.package_identification:Package 'src/rover_base' with type 'ros.ament_python' and name 'rover_base'
[1.457s] Level 1:colcon.colcon_core.package_identification:_identify(src/rover_camera) by extensions ['ignore', 'ignore_ament_install']
[1.457s] Level 1:colcon.colcon_core.package_identification:_identify(src/rover_camera) by extension 'ignore'
[1.457s] Level 1:colcon.colcon_core.package_identification:_identify(src/rover_camera) by extension 'ignore_ament_install'
[1.458s] Level 1:colcon.colcon_core.package_identification:_identify(src/rover_camera) by extensions ['colcon_pkg']
[1.458s] Level 1:colcon.colcon_core.package_identification:_identify(src/rover_camera) by extension 'colcon_pkg'
[1.458s] Level 1:colcon.colcon_core.package_identification:_identify(src/rover_camera) by extensions ['colcon_meta']
[1.459s] Level 1:colcon.colcon_core.package_identification:_identify(src/rover_camera) by extension 'colcon_meta'
[1.459s] Level 1:colcon.colcon_core.package_identification:_identify(src/rover_camera) by extensions ['ros']
[1.460s] Level 1:colcon.colcon_core.package_identification:_identify(src/rover_camera) by extension 'ros'
[1.462s] DEBUG:colcon.colcon_core.package_identification:Package 'src/rover_camera' with type 'ros.ament_python' and name 'rover_camera'
[1.463s] Level 1:colcon.colcon_core.package_identification:_identify(src/rover_control) by extensions ['ignore', 'ignore_ament_install']
[1.464s] Level 1:colcon.colcon_core.package_identification:_identify(src/rover_control) by extension 'ignore'
[1.465s] Level 1:colcon.colcon_core.package_identification:_identify(src/rover_control) by extension 'ignore_ament_install'
[1.466s] Level 1:colcon.colcon_core.package_identification:_identify(src/rover_control) by extensions ['colcon_pkg']
[1.466s] Level 1:colcon.colcon_core.package_identification:_identify(src/rover_control) by extension 'colcon_pkg'
[1.467s] Level 1:colcon.colcon_core.package_identification:_identify(src/rover_control) by extensions ['colcon_meta']
[1.467s] Level 1:colcon.colcon_core.package_identification:_identify(src/rover_control) by extension 'colcon_meta'
[1.467s] Level 1:colcon.colcon_core.package_identification:_identify(src/rover_control) by extensions ['ros']
[1.468s] Level 1:colcon.colcon_core.package_identification:_identify(src/rover_control) by extension 'ros'
[1.470s] DEBUG:colcon.colcon_core.package_identification:Package 'src/rover_control' with type 'ros.ament_python' and name 'rover_control'
[1.472s] Level 1:colcon.colcon_core.package_identification:_identify(src/rover_description) by extensions ['ignore', 'ignore_ament_install']
[1.472s] Level 1:colcon.colcon_core.package_identification:_identify(src/rover_description) by extension 'ignore'
[1.475s] Level 1:colcon.colcon_core.package_identification:_identify(src/rover_description) by extension 'ignore_ament_install'
[1.475s] Level 1:colcon.colcon_core.package_identification:_identify(src/rover_description) by extensions ['colcon_pkg']
[1.476s] Level 1:colcon.colcon_core.package_identification:_identify(src/rover_description) by extension 'colcon_pkg'
[1.476s] Level 1:colcon.colcon_core.package_identification:_identify(src/rover_description) by extensions ['colcon_meta']
[1.477s] Level 1:colcon.colcon_core.package_identification:_identify(src/rover_description) by extension 'colcon_meta'
[1.477s] Level 1:colcon.colcon_core.package_identification:_identify(src/rover_description) by extensions ['ros']
[1.477s] Level 1:colcon.colcon_core.package_identification:_identify(src/rover_description) by extension 'ros'
[1.479s] DEBUG:colcon.colcon_core.package_identification:Package 'src/rover_description' with type 'ros.ament_python' and name 'rover_description'
[1.482s] Level 1:colcon.colcon_core.package_identification:_identify(src/rover_gps) by extensions ['ignore', 'ignore_ament_install']
[1.483s] Level 1:colcon.colcon_core.package_identification:_identify(src/rover_gps) by extension 'ignore'
[1.484s] Level 1:colcon.colcon_core.package_identification:_identify(src/rover_gps) by extension 'ignore_ament_install'
[1.485s] Level 1:colcon.colcon_core.package_identification:_identify(src/rover_gps) by extensions ['colcon_pkg']
[1.485s] Level 1:colcon.colcon_core.package_identification:_identify(src/rover_gps) by extension 'colcon_pkg'
[1.486s] Level 1:colcon.colcon_core.package_identification:_identify(src/rover_gps) by extensions ['colcon_meta']
[1.486s] Level 1:colcon.colcon_core.package_identification:_identify(src/rover_gps) by extension 'colcon_meta'
[1.486s] Level 1:colcon.colcon_core.package_identification:_identify(src/rover_gps) by extensions ['ros']
[1.486s] Level 1:colcon.colcon_core.package_identification:_identify(src/rover_gps) by extension 'ros'
[1.492s] DEBUG:colcon.colcon_core.package_identification:Package 'src/rover_gps' with type 'ros.ament_python' and name 'rover_gps'
[1.497s] Level 1:colcon.colcon_core.package_identification:_identify(src/rover_lidar) by extensions ['ignore', 'ignore_ament_install']
[1.499s] Level 1:colcon.colcon_core.package_identification:_identify(src/rover_lidar) by extension 'ignore'
[1.500s] Level 1:colcon.colcon_core.package_identification:_identify(src/rover_lidar) by extension 'ignore_ament_install'
[1.501s] Level 1:colcon.colcon_core.package_identification:_identify(src/rover_lidar) by extensions ['colcon_pkg']
[1.502s] Level 1:colcon.colcon_core.package_identification:_identify(src/rover_lidar) by extension 'colcon_pkg'
[1.502s] Level 1:colcon.colcon_core.package_identification:_identify(src/rover_lidar) by extensions ['colcon_meta']
[1.502s] Level 1:colcon.colcon_core.package_identification:_identify(src/rover_lidar) by extension 'colcon_meta'
[1.503s] Level 1:colcon.colcon_core.package_identification:_identify(src/rover_lidar) by extensions ['ros']
[1.503s] Level 1:colcon.colcon_core.package_identification:_identify(src/rover_lidar) by extension 'ros'
[1.509s] DEBUG:colcon.colcon_core.package_identification:Package 'src/rover_lidar' with type 'ros.ament_python' and name 'rover_lidar'
[1.510s] Level 1:colcon.colcon_core.package_identification:_identify(src/rover_sim) by extensions ['ignore', 'ignore_ament_install']
[1.511s] Level 1:colcon.colcon_core.package_identification:_identify(src/rover_sim) by extension 'ignore'
[1.511s] Level 1:colcon.colcon_core.package_identification:_identify(src/rover_sim) by extension 'ignore_ament_install'
[1.512s] Level 1:colcon.colcon_core.package_identification:_identify(src/rover_sim) by extensions ['colcon_pkg']
[1.512s] Level 1:colcon.colcon_core.package_identification:_identify(src/rover_sim) by extension 'colcon_pkg'
[1.512s] Level 1:colcon.colcon_core.package_identification:_identify(src/rover_sim) by extensions ['colcon_meta']
[1.512s] Level 1:colcon.colcon_core.package_identification:_identify(src/rover_sim) by extension 'colcon_meta'
[1.515s] Level 1:colcon.colcon_core.package_identification:_identify(src/rover_sim) by extensions ['ros']
[1.515s] Level 1:colcon.colcon_core.package_identification:_identify(src/rover_sim) by extension 'ros'
[1.522s] DEBUG:colcon.colcon_core.package_identification:Package 'src/rover_sim' with type 'ros.ament_python' and name 'rover_sim'
[1.523s] Level 1:colcon.colcon_core.package_identification:_identify(src/rover_telemetry) by extensions ['ignore', 'ignore_ament_install']
[1.523s] Level 1:colcon.colcon_core.package_identification:_identify(src/rover_telemetry) by extension 'ignore'
[1.524s] Level 1:colcon.colcon_core.package_identification:_identify(src/rover_telemetry) by extension 'ignore_ament_install'
[1.525s] Level 1:colcon.colcon_core.package_identification:_identify(src/rover_telemetry) by extensions ['colcon_pkg']
[1.526s] Level 1:colcon.colcon_core.package_identification:_identify(src/rover_telemetry) by extension 'colcon_pkg'
[1.527s] Level 1:colcon.colcon_core.package_identification:_identify(src/rover_telemetry) by extensions ['colcon_meta']
[1.527s] Level 1:colcon.colcon_core.package_identification:_identify(src/rover_telemetry) by extension 'colcon_meta'
[1.528s] Level 1:colcon.colcon_core.package_identification:_identify(src/rover_telemetry) by extensions ['ros']
[1.529s] Level 1:colcon.colcon_core.package_identification:_identify(src/rover_telemetry) by extension 'ros'
[1.531s] DEBUG:colcon.colcon_core.package_identification:Package 'src/rover_telemetry' with type 'ros.ament_python' and name 'rover_telemetry'
[1.531s] Level 1:colcon.colcon_core.package_discovery:discover_packages(recursive) using defaults
[1.531s] Level 1:colcon.colcon_core.package_discovery:discover_packages(ignore) discover
[1.531s] Level 1:colcon.colcon_core.package_discovery:discover_packages(ignore) using defaults
[1.531s] Level 1:colcon.colcon_core.package_discovery:discover_packages(path) discover
[1.531s] Level 1:colcon.colcon_core.package_discovery:discover_packages(path) using defaults
[1.685s] INFO:colcon.colcon_core.package_selection:Skipping not selected package 'rover_base' in 'src/rover_base'
[1.685s] INFO:colcon.colcon_core.package_selection:Skipping not selected package 'rover_camera' in 'src/rover_camera'
[1.685s] INFO:colcon.colcon_core.package_selection:Skipping not selected package 'rover_control' in 'src/rover_control'
[1.685s] INFO:colcon.colcon_core.package_selection:Skipping not selected package 'rover_description' in 'src/rover_description'
[1.685s] INFO:colcon.colcon_core.package_selection:Skipping not selected package 'rover_gps' in 'src/rover_gps'
[1.685s] INFO:colcon.colcon_core.package_selection:Skipping not selected package 'rover_lidar' in 'src/rover_lidar'
[1.687s] INFO:colcon.colcon_core.package_selection:Skipping not selected package 'rover_telemetry' in 'src/rover_telemetry'
[1.689s] Level 1:colcon.colcon_core.package_discovery:discover_packages(prefix_path) check parameters
[1.690s] Level 1:colcon.colcon_core.package_discovery:discover_packages(prefix_path) discover
[1.702s] DEBUG:colcon.colcon_installed_package_information.package_discovery:Found 8 installed packages in /home/sanjai/Documents/First_Robot/ros2_ws/install
[1.726s] DEBUG:colcon.colcon_installed_package_information.package_discovery:Found 428 installed packages in /opt/ros/jazzy
[1.729s] Level 1:colcon.colcon_core.package_discovery:discover_packages(prefix_path) using defaults
[2.200s] Level 5:colcon.colcon_core.verb:set package 'rover_sim' build argument 'cmake_args' from command line to 'None'
[2.200s] Level 5:colcon.colcon_core.verb:set package 'rover_sim' build argument 'cmake_target' from command line to 'None'
[2.200s] Level 5:colcon.colcon_core.verb:set package 'rover_sim' build argument 'cmake_target_skip_unavailable' from command line to 'False'
[2.200s] Level 5:colcon.colcon_core.verb:set package 'rover_sim' build argument 'cmake_clean_cache' from command line to 'False'
[2.200s] Level 5:colcon.colcon_core.verb:set package 'rover_sim' build argument 'cmake_clean_first' from command line to 'False'
[2.202s] Level 5:colcon.colcon_core.verb:set package 'rover_sim' build argument 'cmake_force_configure' from command line to 'False'
[2.203s] Level 5:colcon.colcon_core.verb:set package 'rover_sim' build argument 'ament_cmake_args' from command line to 'None'
[2.203s] Level 5:colcon.colcon_core.verb:set package 'rover_sim' build argument 'catkin_cmake_args' from command line to 'None'
[2.203s] Level 5:colcon.colcon_core.verb:set package 'rover_sim' build argument 'catkin_skip_building_tests' from command line to 'False'
[2.203s] DEBUG:colcon.colcon_core.verb:Building package 'rover_sim' with the following arguments: {'ament_cmake_args': None, 'build_base': '/home/sanjai/Documents/First_Robot/ros2_ws/build/rover_sim', 'catkin_cmake_args': None, 'catkin_skip_building_tests': False, 'cmake_args': None, 'cmake_clean_cache': False, 'cmake_clean_first': False, 'cmake_force_configure': False, 'cmake_target': None, 'cmake_target_skip_unavailable': False, 'install_base': '/home/sanjai/Documents/First_Robot/ros2_ws/install/rover_sim', 'merge_install': False, 'path': '/home/sanjai/Documents/First_Robot/ros2_ws/src/rover_sim', 'symlink_install': True, 'test_result_base': None}
[2.204s] INFO:colcon.colcon_core.executor:Executing jobs using 'parallel' executor
[2.207s] DEBUG:colcon.colcon_parallel_executor.executor.parallel:run_until_complete
[2.210s] INFO:colcon.colcon_ros.task.ament_python.build:Building ROS package in '/home/sanjai/Documents/First_Robot/ros2_ws/src/rover_sim' with build type 'ament_python'
[2.210s] Level 1:colcon.colcon_core.shell:create_environment_hook('rover_sim', 'ament_prefix_path')
[2.234s] INFO:colcon.colcon_core.plugin_system:Skipping extension 'colcon_core.shell.bat': Not used on non-Windows systems
[2.235s] INFO:colcon.colcon_core.shell:Creating environment hook '/home/sanjai/Documents/First_Robot/ros2_ws/install/rover_sim/share/rover_sim/hook/ament_prefix_path.ps1'
[2.241s] INFO:colcon.colcon_core.shell:Creating environment descriptor '/home/sanjai/Documents/First_Robot/ros2_ws/install/rover_sim/share/rover_sim/hook/ament_prefix_path.dsv'
[2.245s] INFO:colcon.colcon_core.shell:Creating environment hook '/home/sanjai/Documents/First_Robot/ros2_ws/install/rover_sim/share/rover_sim/hook/ament_prefix_path.sh'
[2.250s] INFO:colcon.colcon_core.shell:Skip shell extension 'powershell' for command environment: Not usable outside of PowerShell
[2.250s] DEBUG:colcon.colcon_core.shell:Skip shell extension 'dsv' for command environment
[4.372s] INFO:colcon.colcon_core.task.python.build:Building Python package in '/home/sanjai/Documents/First_Robot/ros2_ws/src/rover_sim'
[4.373s] INFO:colcon.colcon_core.shell:Skip shell extension 'powershell' for command environment: Not usable outside of PowerShell
[4.373s] DEBUG:colcon.colcon_core.shell:Skip shell extension 'dsv' for command environment
[8.331s] DEBUG:colcon.colcon_core.event_handler.log_command:Invoking command in '/home/sanjai/Documents/First_Robot/ros2_ws/build/rover_sim': DEBUGINFOD_URLS=https://debuginfod.ubuntu.com PYTHONPATH=/home/sanjai/Documents/First_Robot/ros2_ws/build/rover_sim/prefix_override:/usr/lib/python3/dist-packages/colcon_core/task/python/colcon_distutils_commands:/home/sanjai/Documents/First_Robot/ros2_ws/install/rover_sim/lib/python3.12/site-packages:${PYTHONPATH} /usr/bin/python3 -W ignore:setup.py install is deprecated -W ignore:easy_install command is deprecated setup.py develop --editable --build-directory /home/sanjai/Documents/First_Robot/ros2_ws/build/rover_sim/build --no-deps symlink_data
[11.163s] Level 1:colcon.colcon_core.shell:create_environment_hook('rover_sim', 'pythonpath_develop')
[11.165s] INFO:colcon.colcon_core.shell:Creating environment hook '/home/sanjai/Documents/First_Robot/ros2_ws/build/rover_sim/share/rover_sim/hook/pythonpath_develop.ps1'
[11.174s] DEBUG:colcon.colcon_core.event_handler.log_command:Invoked command in '/home/sanjai/Documents/First_Robot/ros2_ws/build/rover_sim' returned '0': DEBUGINFOD_URLS=https://debuginfod.ubuntu.com PYTHONPATH=/home/sanjai/Documents/First_Robot/ros2_ws/build/rover_sim/prefix_override:/usr/lib/python3/dist-packages/colcon_core/task/python/colcon_distutils_commands:/home/sanjai/Documents/First_Robot/ros2_ws/install/rover_sim/lib/python3.12/site-packages:${PYTHONPATH} /usr/bin/python3 -W ignore:setup.py install is deprecated -W ignore:easy_install command is deprecated setup.py develop --editable --build-directory /home/sanjai/Documents/First_Robot/ros2_ws/build/rover_sim/build --no-deps symlink_data
[11.181s] INFO:colcon.colcon_core.shell:Creating environment descriptor '/home/sanjai/Documents/First_Robot/ros2_ws/build/rover_sim/share/rover_sim/hook/pythonpath_develop.dsv'
[11.198s] INFO:colcon.colcon_core.shell:Creating environment hook '/home/sanjai/Documents/First_Robot/ros2_ws/build/rover_sim/share/rover_sim/hook/pythonpath_develop.sh'
[11.226s] Level 1:colcon.colcon_core.environment:checking '/home/sanjai/Documents/First_Robot/ros2_ws/install/rover_sim' for CMake module files
[11.232s] Level 1:colcon.colcon_core.environment:checking '/home/sanjai/Documents/First_Robot/ros2_ws/install/rover_sim' for CMake config files
[11.238s] Level 1:colcon.colcon_core.environment:checking '/home/sanjai/Documents/First_Robot/ros2_ws/install/rover_sim/lib'
[11.239s] Level 1:colcon.colcon_core.environment:checking '/home/sanjai/Documents/First_Robot/ros2_ws/install/rover_sim/bin'
[11.239s] Level 1:colcon.colcon_core.environment:checking '/home/sanjai/Documents/First_Robot/ros2_ws/install/rover_sim/lib/pkgconfig/rover_sim.pc'
[11.240s] Level 1:colcon.colcon_core.environment:checking '/home/sanjai/Documents/First_Robot/ros2_ws/install/rover_sim/lib/python3.12/site-packages'
[11.241s] Level 1:colcon.colcon_core.shell:create_environment_hook('rover_sim', 'pythonpath')
[11.241s] INFO:colcon.colcon_core.shell:Creating environment hook '/home/sanjai/Documents/First_Robot/ros2_ws/install/rover_sim/share/rover_sim/hook/pythonpath.ps1'
[11.247s] INFO:colcon.colcon_core.shell:Creating environment descriptor '/home/sanjai/Documents/First_Robot/ros2_ws/install/rover_sim/share/rover_sim/hook/pythonpath.dsv'
[11.249s] INFO:colcon.colcon_core.shell:Creating environment hook '/home/sanjai/Documents/First_Robot/ros2_ws/install/rover_sim/share/rover_sim/hook/pythonpath.sh'
[11.256s] Level 1:colcon.colcon_core.environment:checking '/home/sanjai/Documents/First_Robot/ros2_ws/install/rover_sim/bin'
[11.256s] Level 1:colcon.colcon_core.environment:create_environment_scripts_only(rover_sim)
[11.257s] INFO:colcon.colcon_core.shell:Creating package script '/home/sanjai/Documents/First_Robot/ros2_ws/install/rover_sim/share/rover_sim/package.ps1'
[11.261s] INFO:colcon.colcon_core.shell:Creating package descriptor '/home/sanjai/Documents/First_Robot/ros2_ws/install/rover_sim/share/rover_sim/package.dsv'
[11.265s] INFO:colcon.colcon_core.shell:Creating package script '/home/sanjai/Documents/First_Robot/ros2_ws/install/rover_sim/share/rover_sim/package.sh'
[11.268s] INFO:colcon.colcon_core.shell:Creating package script '/home/sanjai/Documents/First_Robot/ros2_ws/install/rover_sim/share/rover_sim/package.bash'
[11.272s] INFO:colcon.colcon_core.shell:Creating package script '/home/sanjai/Documents/First_Robot/ros2_ws/install/rover_sim/share/rover_sim/package.zsh'
[11.275s] Level 1:colcon.colcon_core.environment:create_file_with_runtime_dependencies(/home/sanjai/Documents/First_Robot/ros2_ws/install/rover_sim/share/colcon-core/packages/rover_sim)
[11.278s] DEBUG:colcon.colcon_parallel_executor.executor.parallel:closing loop
[11.279s] DEBUG:colcon.colcon_parallel_executor.executor.parallel:loop closed
[11.279s] DEBUG:colcon.colcon_parallel_executor.executor.parallel:run_until_complete finished with '0'
[11.279s] DEBUG:colcon.colcon_core.event_reactor:joining thread
[11.456s] INFO:colcon.colcon_core.plugin_system:Skipping extension 'colcon_notification.desktop_notification.terminal_notifier': Not used on non-Darwin systems
[11.458s] INFO:colcon.colcon_core.plugin_system:Skipping extension 'colcon_notification.desktop_notification.win32': Not used on non-Windows systems
[11.460s] INFO:colcon.colcon_notification.desktop_notification:Sending desktop notification using 'notify2'
[11.487s] DEBUG:colcon.colcon_core.event_reactor:joined thread
[11.489s] INFO:colcon.colcon_core.shell:Creating prefix script '/home/sanjai/Documents/First_Robot/ros2_ws/install/local_setup.ps1'
[11.509s] INFO:colcon.colcon_core.shell:Creating prefix util module '/home/sanjai/Documents/First_Robot/ros2_ws/install/_local_setup_util_ps1.py'
[11.526s] INFO:colcon.colcon_core.shell:Creating prefix chain script '/home/sanjai/Documents/First_Robot/ros2_ws/install/setup.ps1'
[11.543s] INFO:colcon.colcon_core.shell:Creating prefix script '/home/sanjai/Documents/First_Robot/ros2_ws/install/local_setup.sh'
[11.554s] INFO:colcon.colcon_core.shell:Creating prefix util module '/home/sanjai/Documents/First_Robot/ros2_ws/install/_local_setup_util_sh.py'
[11.559s] INFO:colcon.colcon_core.shell:Creating prefix chain script '/home/sanjai/Documents/First_Robot/ros2_ws/install/setup.sh'
[11.561s] INFO:colcon.colcon_core.shell:Creating prefix script '/home/sanjai/Documents/First_Robot/ros2_ws/install/local_setup.bash'
[11.563s] INFO:colcon.colcon_core.shell:Creating prefix chain script '/home/sanjai/Documents/First_Robot/ros2_ws/install/setup.bash'
[11.567s] INFO:colcon.colcon_core.shell:Creating prefix script '/home/sanjai/Documents/First_Robot/ros2_ws/install/local_setup.zsh'
[11.568s] INFO:colcon.colcon_core.shell:Creating prefix chain script '/home/sanjai/Documents/First_Robot/ros2_ws/install/setup.zsh'
