running egg_info
writing ../../build/rover_description/rover_description.egg-info/PKG-INFO
writing dependency_links to ../../build/rover_description/rover_description.egg-info/dependency_links.txt
writing requirements to ../../build/rover_description/rover_description.egg-info/requires.txt
writing top-level names to ../../build/rover_description/rover_description.egg-info/top_level.txt
reading manifest file '../../build/rover_description/rover_description.egg-info/SOURCES.txt'
writing manifest file '../../build/rover_description/rover_description.egg-info/SOURCES.txt'
running build
running build_py
running install
running install_lib
running install_data
copying package.xml -> /home/sanjai/Documents/First_Robot/ros2_ws/install/rover_description/share/rover_description
creating /home/sanjai/Documents/First_Robot/ros2_ws/install/rover_description/share/rover_description/launch
copying launch/display.launch.py -> /home/sanjai/Documents/First_Robot/ros2_ws/install/rover_description/share/rover_description/launch
creating /home/sanjai/Documents/First_Robot/ros2_ws/install/rover_description/share/rover_description/urdf
copying urdf/rover.urdf -> /home/sanjai/Documents/First_Robot/ros2_ws/install/rover_description/share/rover_description/urdf
creating /home/sanjai/Documents/First_Robot/ros2_ws/install/rover_description/share/rover_description/rviz
copying rviz/default.rviz -> /home/sanjai/Documents/First_Robot/ros2_ws/install/rover_description/share/rover_description/rviz
running install_egg_info
Copying ../../build/rover_description/rover_description.egg-info to /home/sanjai/Documents/First_Robot/ros2_ws/install/rover_description/lib/python3.12/site-packages/rover_description-0.0.0-py3.12.egg-info
running install_scripts
writing list of installed files to '/home/sanjai/Documents/First_Robot/ros2_ws/build/rover_description/install.log'
