[1.371s] Invoking command in '/home/sanjai/Documents/First_Robot/ros2_ws/src/rover_description': DEBUGINFOD_URLS=https://debuginfod.ubuntu.com PYTHONPATH=/home/sanjai/Documents/First_Robot/ros2_ws/build/rover_description/prefix_override:/usr/lib/python3/dist-packages/colcon_core/task/python/colcon_distutils_commands:/home/sanjai/Documents/First_Robot/ros2_ws/install/rover_description/lib/python3.12/site-packages:${PYTHONPATH} /usr/bin/python3 -W ignore:setup.py install is deprecated -W ignore:easy_install command is deprecated setup.py egg_info --egg-base ../../build/rover_description build --build-base /home/sanjai/Documents/First_Robot/ros2_ws/build/rover_description/build install --record /home/sanjai/Documents/First_Robot/ros2_ws/build/rover_description/install.log --single-version-externally-managed install_data
[1.840s] running egg_info
[1.876s] writing ../../build/rover_description/rover_description.egg-info/PKG-INFO
[1.876s] writing dependency_links to ../../build/rover_description/rover_description.egg-info/dependency_links.txt
[1.876s] writing requirements to ../../build/rover_description/rover_description.egg-info/requires.txt
[1.877s] writing top-level names to ../../build/rover_description/rover_description.egg-info/top_level.txt
[1.950s] reading manifest file '../../build/rover_description/rover_description.egg-info/SOURCES.txt'
[1.952s] writing manifest file '../../build/rover_description/rover_description.egg-info/SOURCES.txt'
[1.953s] running build
[1.953s] running build_py
[1.953s] running install
[1.963s] running install_lib
[1.999s] running install_data
[2.000s] copying package.xml -> /home/sanjai/Documents/First_Robot/ros2_ws/install/rover_description/share/rover_description
[2.000s] creating /home/sanjai/Documents/First_Robot/ros2_ws/install/rover_description/share/rover_description/launch
[2.000s] copying launch/display.launch.py -> /home/sanjai/Documents/First_Robot/ros2_ws/install/rover_description/share/rover_description/launch
[2.001s] creating /home/sanjai/Documents/First_Robot/ros2_ws/install/rover_description/share/rover_description/urdf
[2.001s] copying urdf/rover.urdf -> /home/sanjai/Documents/First_Robot/ros2_ws/install/rover_description/share/rover_description/urdf
[2.001s] creating /home/sanjai/Documents/First_Robot/ros2_ws/install/rover_description/share/rover_description/rviz
[2.001s] copying rviz/default.rviz -> /home/sanjai/Documents/First_Robot/ros2_ws/install/rover_description/share/rover_description/rviz
[2.001s] running install_egg_info
[2.040s] Copying ../../build/rover_description/rover_description.egg-info to /home/sanjai/Documents/First_Robot/ros2_ws/install/rover_description/lib/python3.12/site-packages/rover_description-0.0.0-py3.12.egg-info
[2.042s] running install_scripts
[2.296s] writing list of installed files to '/home/sanjai/Documents/First_Robot/ros2_ws/build/rover_description/install.log'
[2.348s] Invoked command in '/home/sanjai/Documents/First_Robot/ros2_ws/src/rover_description' returned '0': DEBUGINFOD_URLS=https://debuginfod.ubuntu.com PYTHONPATH=/home/sanjai/Documents/First_Robot/ros2_ws/build/rover_description/prefix_override:/usr/lib/python3/dist-packages/colcon_core/task/python/colcon_distutils_commands:/home/sanjai/Documents/First_Robot/ros2_ws/install/rover_description/lib/python3.12/site-packages:${PYTHONPATH} /usr/bin/python3 -W ignore:setup.py install is deprecated -W ignore:easy_install command is deprecated setup.py egg_info --egg-base ../../build/rover_description build --build-base /home/sanjai/Documents/First_Robot/ros2_ws/build/rover_description/build install --record /home/sanjai/Documents/First_Robot/ros2_ws/build/rover_description/install.log --single-version-externally-managed install_data
