running egg_info
creating ../../build/rover_gps/rover_gps.egg-info
writing ../../build/rover_gps/rover_gps.egg-info/PKG-INFO
writing dependency_links to ../../build/rover_gps/rover_gps.egg-info/dependency_links.txt
writing entry points to ../../build/rover_gps/rover_gps.egg-info/entry_points.txt
writing requirements to ../../build/rover_gps/rover_gps.egg-info/requires.txt
writing top-level names to ../../build/rover_gps/rover_gps.egg-info/top_level.txt
writing manifest file '../../build/rover_gps/rover_gps.egg-info/SOURCES.txt'
reading manifest file '../../build/rover_gps/rover_gps.egg-info/SOURCES.txt'
writing manifest file '../../build/rover_gps/rover_gps.egg-info/SOURCES.txt'
running build
running build_py
creating /home/sanjai/Documents/First_Robot/ros2_ws/build/rover_gps/build
creating /home/sanjai/Documents/First_Robot/ros2_ws/build/rover_gps/build/lib
creating /home/sanjai/Documents/First_Robot/ros2_ws/build/rover_gps/build/lib/rover_gps
copying rover_gps/gps_node.py -> /home/sanjai/Documents/First_Robot/ros2_ws/build/rover_gps/build/lib/rover_gps
copying rover_gps/__init__.py -> /home/sanjai/Documents/First_Robot/ros2_ws/build/rover_gps/build/lib/rover_gps
running install
running install_lib
creating /home/sanjai/Documents/First_Robot/ros2_ws/install/rover_gps/lib/python3.12/site-packages/rover_gps
copying /home/sanjai/Documents/First_Robot/ros2_ws/build/rover_gps/build/lib/rover_gps/gps_node.py -> /home/sanjai/Documents/First_Robot/ros2_ws/install/rover_gps/lib/python3.12/site-packages/rover_gps
copying /home/sanjai/Documents/First_Robot/ros2_ws/build/rover_gps/build/lib/rover_gps/__init__.py -> /home/sanjai/Documents/First_Robot/ros2_ws/install/rover_gps/lib/python3.12/site-packages/rover_gps
byte-compiling /home/sanjai/Documents/First_Robot/ros2_ws/install/rover_gps/lib/python3.12/site-packages/rover_gps/gps_node.py to gps_node.cpython-312.pyc
byte-compiling /home/sanjai/Documents/First_Robot/ros2_ws/install/rover_gps/lib/python3.12/site-packages/rover_gps/__init__.py to __init__.cpython-312.pyc
running install_data
creating /home/sanjai/Documents/First_Robot/ros2_ws/install/rover_gps/share/ament_index
creating /home/sanjai/Documents/First_Robot/ros2_ws/install/rover_gps/share/ament_index/resource_index
creating /home/sanjai/Documents/First_Robot/ros2_ws/install/rover_gps/share/ament_index/resource_index/packages
copying resource/rover_gps -> /home/sanjai/Documents/First_Robot/ros2_ws/install/rover_gps/share/ament_index/resource_index/packages
copying package.xml -> /home/sanjai/Documents/First_Robot/ros2_ws/install/rover_gps/share/rover_gps
running install_egg_info
Copying ../../build/rover_gps/rover_gps.egg-info to /home/sanjai/Documents/First_Robot/ros2_ws/install/rover_gps/lib/python3.12/site-packages/rover_gps-0.0.0-py3.12.egg-info
running install_scripts
Installing gps_node script to /home/sanjai/Documents/First_Robot/ros2_ws/install/rover_gps/lib/rover_gps
writing list of installed files to '/home/sanjai/Documents/First_Robot/ros2_ws/build/rover_gps/install.log'
