[3.281s] Invoking command in '/home/sanjai/Documents/First_Robot/ros2_ws/src/rover_gps': DEBUGINFOD_URLS=https://debuginfod.ubuntu.com PYTHONPATH=/home/sanjai/Documents/First_Robot/ros2_ws/build/rover_gps/prefix_override:/usr/lib/python3/dist-packages/colcon_core/task/python/colcon_distutils_commands:/home/sanjai/Documents/First_Robot/ros2_ws/install/rover_gps/lib/python3.12/site-packages:${PYTHONPATH} /usr/bin/python3 -W ignore:setup.py install is deprecated -W ignore:easy_install command is deprecated setup.py egg_info --egg-base ../../build/rover_gps build --build-base /home/sanjai/Documents/First_Robot/ros2_ws/build/rover_gps/build install --record /home/sanjai/Documents/First_Robot/ros2_ws/build/rover_gps/install.log --single-version-externally-managed install_data
[3.753s] running egg_info
[3.753s] creating ../../build/rover_gps/rover_gps.egg-info
[3.789s] writing ../../build/rover_gps/rover_gps.egg-info/PKG-INFO
[3.789s] writing dependency_links to ../../build/rover_gps/rover_gps.egg-info/dependency_links.txt
[3.790s] writing entry points to ../../build/rover_gps/rover_gps.egg-info/entry_points.txt
[3.790s] writing requirements to ../../build/rover_gps/rover_gps.egg-info/requires.txt
[3.790s] writing top-level names to ../../build/rover_gps/rover_gps.egg-info/top_level.txt
[3.791s] writing manifest file '../../build/rover_gps/rover_gps.egg-info/SOURCES.txt'
[3.865s] reading manifest file '../../build/rover_gps/rover_gps.egg-info/SOURCES.txt'
[3.868s] writing manifest file '../../build/rover_gps/rover_gps.egg-info/SOURCES.txt'
[3.869s] running build
[3.869s] running build_py
[3.869s] creating /home/sanjai/Documents/First_Robot/ros2_ws/build/rover_gps/build
[3.869s] creating /home/sanjai/Documents/First_Robot/ros2_ws/build/rover_gps/build/lib
[3.870s] creating /home/sanjai/Documents/First_Robot/ros2_ws/build/rover_gps/build/lib/rover_gps
[3.870s] copying rover_gps/gps_node.py -> /home/sanjai/Documents/First_Robot/ros2_ws/build/rover_gps/build/lib/rover_gps
[3.870s] copying rover_gps/__init__.py -> /home/sanjai/Documents/First_Robot/ros2_ws/build/rover_gps/build/lib/rover_gps
[3.870s] running install
[3.880s] running install_lib
[3.918s] creating /home/sanjai/Documents/First_Robot/ros2_ws/install/rover_gps/lib/python3.12/site-packages/rover_gps
[3.919s] copying /home/sanjai/Documents/First_Robot/ros2_ws/build/rover_gps/build/lib/rover_gps/gps_node.py -> /home/sanjai/Documents/First_Robot/ros2_ws/install/rover_gps/lib/python3.12/site-packages/rover_gps
[3.919s] copying /home/sanjai/Documents/First_Robot/ros2_ws/build/rover_gps/build/lib/rover_gps/__init__.py -> /home/sanjai/Documents/First_Robot/ros2_ws/install/rover_gps/lib/python3.12/site-packages/rover_gps
[3.919s] byte-compiling /home/sanjai/Documents/First_Robot/ros2_ws/install/rover_gps/lib/python3.12/site-packages/rover_gps/gps_node.py to gps_node.cpython-312.pyc
[3.920s] byte-compiling /home/sanjai/Documents/First_Robot/ros2_ws/install/rover_gps/lib/python3.12/site-packages/rover_gps/__init__.py to __init__.cpython-312.pyc
[3.921s] running install_data
[3.921s] creating /home/sanjai/Documents/First_Robot/ros2_ws/install/rover_gps/share/ament_index
[3.921s] creating /home/sanjai/Documents/First_Robot/ros2_ws/install/rover_gps/share/ament_index/resource_index
[3.922s] creating /home/sanjai/Documents/First_Robot/ros2_ws/install/rover_gps/share/ament_index/resource_index/packages
[3.922s] copying resource/rover_gps -> /home/sanjai/Documents/First_Robot/ros2_ws/install/rover_gps/share/ament_index/resource_index/packages
[3.922s] copying package.xml -> /home/sanjai/Documents/First_Robot/ros2_ws/install/rover_gps/share/rover_gps
[3.922s] running install_egg_info
[3.960s] Copying ../../build/rover_gps/rover_gps.egg-info to /home/sanjai/Documents/First_Robot/ros2_ws/install/rover_gps/lib/python3.12/site-packages/rover_gps-0.0.0-py3.12.egg-info
[3.963s] running install_scripts
[4.216s] Installing gps_node script to /home/sanjai/Documents/First_Robot/ros2_ws/install/rover_gps/lib/rover_gps
[4.216s] writing list of installed files to '/home/sanjai/Documents/First_Robot/ros2_ws/build/rover_gps/install.log'
[4.261s] Invoked command in '/home/sanjai/Documents/First_Robot/ros2_ws/src/rover_gps' returned '0': DEBUGINFOD_URLS=https://debuginfod.ubuntu.com PYTHONPATH=/home/sanjai/Documents/First_Robot/ros2_ws/build/rover_gps/prefix_override:/usr/lib/python3/dist-packages/colcon_core/task/python/colcon_distutils_commands:/home/sanjai/Documents/First_Robot/ros2_ws/install/rover_gps/lib/python3.12/site-packages:${PYTHONPATH} /usr/bin/python3 -W ignore:setup.py install is deprecated -W ignore:easy_install command is deprecated setup.py egg_info --egg-base ../../build/rover_gps build --build-base /home/sanjai/Documents/First_Robot/ros2_ws/build/rover_gps/build install --record /home/sanjai/Documents/First_Robot/ros2_ws/build/rover_gps/install.log --single-version-externally-managed install_data
