running egg_info
creating ../../build/rover_lidar/rover_lidar.egg-info
writing ../../build/rover_lidar/rover_lidar.egg-info/PKG-INFO
writing dependency_links to ../../build/rover_lidar/rover_lidar.egg-info/dependency_links.txt
writing entry points to ../../build/rover_lidar/rover_lidar.egg-info/entry_points.txt
writing requirements to ../../build/rover_lidar/rover_lidar.egg-info/requires.txt
writing top-level names to ../../build/rover_lidar/rover_lidar.egg-info/top_level.txt
writing manifest file '../../build/rover_lidar/rover_lidar.egg-info/SOURCES.txt'
reading manifest file '../../build/rover_lidar/rover_lidar.egg-info/SOURCES.txt'
writing manifest file '../../build/rover_lidar/rover_lidar.egg-info/SOURCES.txt'
running build
running build_py
creating /home/sanjai/Documents/First_Robot/ros2_ws/build/rover_lidar/build
creating /home/sanjai/Documents/First_Robot/ros2_ws/build/rover_lidar/build/lib
creating /home/sanjai/Documents/First_Robot/ros2_ws/build/rover_lidar/build/lib/rover_lidar
copying rover_lidar/lidar_node.py -> /home/sanjai/Documents/First_Robot/ros2_ws/build/rover_lidar/build/lib/rover_lidar
copying rover_lidar/__init__.py -> /home/sanjai/Documents/First_Robot/ros2_ws/build/rover_lidar/build/lib/rover_lidar
running install
running install_lib
creating /home/sanjai/Documents/First_Robot/ros2_ws/install/rover_lidar/lib/python3.12/site-packages/rover_lidar
copying /home/sanjai/Documents/First_Robot/ros2_ws/build/rover_lidar/build/lib/rover_lidar/lidar_node.py -> /home/sanjai/Documents/First_Robot/ros2_ws/install/rover_lidar/lib/python3.12/site-packages/rover_lidar
copying /home/sanjai/Documents/First_Robot/ros2_ws/build/rover_lidar/build/lib/rover_lidar/__init__.py -> /home/sanjai/Documents/First_Robot/ros2_ws/install/rover_lidar/lib/python3.12/site-packages/rover_lidar
byte-compiling /home/sanjai/Documents/First_Robot/ros2_ws/install/rover_lidar/lib/python3.12/site-packages/rover_lidar/lidar_node.py to lidar_node.cpython-312.pyc
byte-compiling /home/sanjai/Documents/First_Robot/ros2_ws/install/rover_lidar/lib/python3.12/site-packages/rover_lidar/__init__.py to __init__.cpython-312.pyc
running install_data
creating /home/sanjai/Documents/First_Robot/ros2_ws/install/rover_lidar/share/ament_index
creating /home/sanjai/Documents/First_Robot/ros2_ws/install/rover_lidar/share/ament_index/resource_index
creating /home/sanjai/Documents/First_Robot/ros2_ws/install/rover_lidar/share/ament_index/resource_index/packages
copying resource/rover_lidar -> /home/sanjai/Documents/First_Robot/ros2_ws/install/rover_lidar/share/ament_index/resource_index/packages
copying package.xml -> /home/sanjai/Documents/First_Robot/ros2_ws/install/rover_lidar/share/rover_lidar
running install_egg_info
Copying ../../build/rover_lidar/rover_lidar.egg-info to /home/sanjai/Documents/First_Robot/ros2_ws/install/rover_lidar/lib/python3.12/site-packages/rover_lidar-0.0.0-py3.12.egg-info
running install_scripts
Installing lidar_node script to /home/sanjai/Documents/First_Robot/ros2_ws/install/rover_lidar/lib/rover_lidar
writing list of installed files to '/home/sanjai/Documents/First_Robot/ros2_ws/build/rover_lidar/install.log'
