[3.775s] Invoking command in '/home/sanjai/Documents/First_Robot/ros2_ws/src/rover_camera': DEBUGINFOD_URLS=https://debuginfod.ubuntu.com PYTHONPATH=/home/sanjai/Documents/First_Robot/ros2_ws/build/rover_camera/prefix_override:/usr/lib/python3/dist-packages/colcon_core/task/python/colcon_distutils_commands:/home/sanjai/Documents/First_Robot/ros2_ws/install/rover_camera/lib/python3.12/site-packages:${PYTHONPATH} /usr/bin/python3 -W ignore:setup.py install is deprecated -W ignore:easy_install command is deprecated setup.py egg_info --egg-base ../../build/rover_camera build --build-base /home/sanjai/Documents/First_Robot/ros2_ws/build/rover_camera/build install --record /home/sanjai/Documents/First_Robot/ros2_ws/build/rover_camera/install.log --single-version-externally-managed install_data
[4.256s] running egg_info
[4.292s] writing ../../build/rover_camera/rover_camera.egg-info/PKG-INFO
[4.293s] writing dependency_links to ../../build/rover_camera/rover_camera.egg-info/dependency_links.txt
[4.294s] writing entry points to ../../build/rover_camera/rover_camera.egg-info/entry_points.txt
[4.294s] writing requirements to ../../build/rover_camera/rover_camera.egg-info/requires.txt
[4.294s] writing top-level names to ../../build/rover_camera/rover_camera.egg-info/top_level.txt
[4.368s] reading manifest file '../../build/rover_camera/rover_camera.egg-info/SOURCES.txt'
[4.370s] writing manifest file '../../build/rover_camera/rover_camera.egg-info/SOURCES.txt'
[4.370s] running build
[4.370s] running build_py
[4.370s] running install
[4.381s] running install_lib
[4.419s] running install_data
[4.420s] running install_egg_info
[4.458s] removing '/home/sanjai/Documents/First_Robot/ros2_ws/install/rover_camera/lib/python3.12/site-packages/rover_camera-0.0.0-py3.12.egg-info' (and everything under it)
[4.459s] Copying ../../build/rover_camera/rover_camera.egg-info to /home/sanjai/Documents/First_Robot/ros2_ws/install/rover_camera/lib/python3.12/site-packages/rover_camera-0.0.0-py3.12.egg-info
[4.461s] running install_scripts
[4.715s] Installing camera_node script to /home/sanjai/Documents/First_Robot/ros2_ws/install/rover_camera/lib/rover_camera
[4.716s] writing list of installed files to '/home/sanjai/Documents/First_Robot/ros2_ws/build/rover_camera/install.log'
[4.774s] Invoked command in '/home/sanjai/Documents/First_Robot/ros2_ws/src/rover_camera' returned '0': DEBUGINFOD_URLS=https://debuginfod.ubuntu.com PYTHONPATH=/home/sanjai/Documents/First_Robot/ros2_ws/build/rover_camera/prefix_override:/usr/lib/python3/dist-packages/colcon_core/task/python/colcon_distutils_commands:/home/sanjai/Documents/First_Robot/ros2_ws/install/rover_camera/lib/python3.12/site-packages:${PYTHONPATH} /usr/bin/python3 -W ignore:setup.py install is deprecated -W ignore:easy_install command is deprecated setup.py egg_info --egg-base ../../build/rover_camera build --build-base /home/sanjai/Documents/First_Robot/ros2_ws/build/rover_camera/build install --record /home/sanjai/Documents/First_Robot/ros2_ws/build/rover_camera/install.log --single-version-externally-managed install_data
