[0.262s] DEBUG:colcon:Command line arguments: ['/usr/bin/colcon', 'build', '--symlink-install', '--packages-select', 'rover_sim']
[0.263s] DEBUG:colcon:Parsed command line arguments: Namespace(log_base=None, log_level=None, verb_name='build', build_base='build', install_base='install', merge_install=False, symlink_install=True, test_result_base=None, continue_on_error=False, executor='parallel', parallel_workers=12, event_handlers=None, ignore_user_meta=False, metas=['./colcon.meta'], base_paths=['.'], packages_ignore=None, packages_ignore_regex=None, paths=None, packages_up_to=None, packages_up_to_regex=None, packages_above=None, packages_above_and_dependencies=None, packages_above_depth=None, packages_select_by_dep=None, packages_skip_by_dep=None, packages_skip_up_to=None, packages_select_build_failed=False, packages_skip_build_finished=False, packages_select_test_failures=False, packages_skip_test_passed=False, packages_select=['rover_sim'], packages_skip=None, packages_select_regex=None, packages_skip_regex=None, packages_start=None, packages_end=None, allow_overriding=[], cmake_args=None, cmake_target=None, cmake_target_skip_unavailable=False, cmake_clean_cache=False, cmake_clean_first=False, cmake_force_configure=False, ament_cmake_args=None, catkin_cmake_args=None, catkin_skip_building_tests=False, mixin_files=None, mixin=None, verb_parser=<colcon_mixin.mixin.mixin_argument.MixinArgumentDecorator object at 0x73a51d3ba480>, verb_extension=<colcon_core.verb.build.BuildVerb object at 0x73a51d4da930>, main=<bound method BuildVerb.main of <colcon_core.verb.build.BuildVerb object at 0x73a51d4da930>>, mixin_verb=('build',))
[0.346s] Level 1:colcon.colcon_core.package_discovery:discover_packages(colcon_meta) check parameters
[0.346s] Level 1:colcon.colcon_core.package_discovery:discover_packages(recursive) check parameters
[0.346s] Level 1:colcon.colcon_core.package_discovery:discover_packages(ignore) check parameters
[0.346s] Level 1:colcon.colcon_core.package_discovery:discover_packages(path) check parameters
[0.346s] Level 1:colcon.colcon_core.package_discovery:discover_packages(colcon_meta) discover
[0.347s] Level 1:colcon.colcon_core.package_discovery:discover_packages(recursive) discover
[0.347s] INFO:colcon.colcon_core.package_discovery:Crawling recursively for packages in '/home/sanjai/Documents/First_Robot/ros2_ws'
[0.347s] Level 1:colcon.colcon_core.package_identification:_identify(.) by extensions ['ignore', 'ignore_ament_install']
[0.347s] Level 1:colcon.colcon_core.package_identification:_identify(.) by extension 'ignore'
[0.347s] Level 1:colcon.colcon_core.package_identification:_identify(.) by extension 'ignore_ament_install'
[0.347s] Level 1:colcon.colcon_core.package_identification:_identify(.) by extensions ['colcon_pkg']
[0.347s] Level 1:colcon.colcon_core.package_identification:_identify(.) by extension 'colcon_pkg'
[0.348s] Level 1:colcon.colcon_core.package_identification:_identify(.) by extensions ['colcon_meta']
[0.348s] Level 1:colcon.colcon_core.package_identification:_identify(.) by extension 'colcon_meta'
[0.348s] Level 1:colcon.colcon_core.package_identification:_identify(.) by extensions ['ros']
[0.348s] Level 1:colcon.colcon_core.package_identification:_identify(.) by extension 'ros'
[0.401s] Level 1:colcon.colcon_core.package_identification:_identify(.) by extensions ['cmake', 'python']
[0.401s] Level 1:colcon.colcon_core.package_identification:_identify(.) by extension 'cmake'
[0.401s] Level 1:colcon.colcon_core.package_identification:_identify(.) by extension 'python'
[0.401s] Level 1:colcon.colcon_core.package_identification:_identify(.) by extensions ['python_setup_py']
[0.401s] Level 1:colcon.colcon_core.package_identification:_identify(.) by extension 'python_setup_py'
[0.402s] Level 1:colcon.colcon_core.package_identification:_identify(build) by extensions ['ignore', 'ignore_ament_install']
[0.402s] Level 1:colcon.colcon_core.package_identification:_identify(build) by extension 'ignore'
[0.402s] Level 1:colcon.colcon_core.package_identification:_identify(build) ignored
[0.402s] Level 1:colcon.colcon_core.package_identification:_identify(install) by extensions ['ignore', 'ignore_ament_install']
[0.402s] Level 1:colcon.colcon_core.package_identification:_identify(install) by extension 'ignore'
[0.403s] Level 1:colcon.colcon_core.package_identification:_identify(install) ignored
[0.403s] Level 1:colcon.colcon_core.package_identification:_identify(log) by extensions ['ignore', 'ignore_ament_install']
[0.403s] Level 1:colcon.colcon_core.package_identification:_identify(log) by extension 'ignore'
[0.403s] Level 1:colcon.colcon_core.package_identification:_identify(log) ignored
[0.403s] Level 1:colcon.colcon_core.package_identification:_identify(src) by extensions ['ignore', 'ignore_ament_install']
[0.404s] Level 1:colcon.colcon_core.package_identification:_identify(src) by extension 'ignore'
[0.404s] Level 1:colcon.colcon_core.package_identification:_identify(src) by extension 'ignore_ament_install'
[0.404s] Level 1:colcon.colcon_core.package_identification:_identify(src) by extensions ['colcon_pkg']
[0.404s] Level 1:colcon.colcon_core.package_identification:_identify(src) by extension 'colcon_pkg'
[0.404s] Level 1:colcon.colcon_core.package_identification:_identify(src) by extensions ['colcon_meta']
[0.404s] Level 1:colcon.colcon_core.package_identification:_identify(src) by extension 'colcon_meta'
[0.404s] Level 1:colcon.colcon_core.package_identification:_identify(src) by extensions ['ros']
[0.404s] Level 1:colcon.colcon_core.package_identification:_identify(src) by extension 'ros'
[0.404s] Level 1:colcon.colcon_core.package_identification:_identify(src) by extensions ['cmake', 'python']
[0.405s] Level 1:colcon.colcon_core.package_identification:_identify(src) by extension 'cmake'
[0.405s] Level 1:colcon.colcon_core.package_identification:_identify(src) by extension 'python'
[0.405s] Level 1:colcon.colcon_core.package_identification:_identify(src) by extensions ['python_setup_py']
[0.405s] Level 1:colcon.colcon_core.package_identification:_identify(src) by extension 'python_setup_py'
[0.405s] Level 1:colcon.colcon_core.package_identification:_identify(src/rover_base) by extensions ['ignore', 'ignore_ament_install']
[0.405s] Level 1:colcon.colcon_core.package_identification:_identify(src/rover_base) by extension 'ignore'
[0.405s] Level 1:colcon.colcon_core.package_identification:_identify(src/rover_base) by extension 'ignore_ament_install'
[0.406s] Level 1:colcon.colcon_core.package_identification:_identify(src/rover_base) by extensions ['colcon_pkg']
[0.406s] Level 1:colcon.colcon_core.package_identification:_identify(src/rover_base) by extension 'colcon_pkg'
[0.406s] Level 1:colcon.colcon_core.package_identification:_identify(src/rover_base) by extensions ['colcon_meta']
[0.406s] Level 1:colcon.colcon_core.package_identification:_identify(src/rover_base) by extension 'colcon_meta'
[0.406s] Level 1:colcon.colcon_core.package_identification:_identify(src/rover_base) by extensions ['ros']
[0.406s] Level 1:colcon.colcon_core.package_identification:_identify(src/rover_base) by extension 'ros'
[0.411s] DEBUG:colcon.colcon_core.package_identification:Package 'src/rover_base' with type 'ros.ament_python' and name 'rover_base'
[0.411s] Level 1:colcon.colcon_core.package_identification:_identify(src/rover_camera) by extensions ['ignore', 'ignore_ament_install']
[0.411s] Level 1:colcon.colcon_core.package_identification:_identify(src/rover_camera) by extension 'ignore'
[0.412s] Level 1:colcon.colcon_core.package_identification:_identify(src/rover_camera) by extension 'ignore_ament_install'
[0.412s] Level 1:colcon.colcon_core.package_identification:_identify(src/rover_camera) by extensions ['colcon_pkg']
[0.412s] Level 1:colcon.colcon_core.package_identification:_identify(src/rover_camera) by extension 'colcon_pkg'
[0.412s] Level 1:colcon.colcon_core.package_identification:_identify(src/rover_camera) by extensions ['colcon_meta']
[0.412s] Level 1:colcon.colcon_core.package_identification:_identify(src/rover_camera) by extension 'colcon_meta'
[0.412s] Level 1:colcon.colcon_core.package_identification:_identify(src/rover_camera) by extensions ['ros']
[0.412s] Level 1:colcon.colcon_core.package_identification:_identify(src/rover_camera) by extension 'ros'
[0.414s] DEBUG:colcon.colcon_core.package_identification:Package 'src/rover_camera' with type 'ros.ament_python' and name 'rover_camera'
[0.414s] Level 1:colcon.colcon_core.package_identification:_identify(src/rover_control) by extensions ['ignore', 'ignore_ament_install']
[0.414s] Level 1:colcon.colcon_core.package_identification:_identify(src/rover_control) by extension 'ignore'
[0.414s] Level 1:colcon.colcon_core.package_identification:_identify(src/rover_control) by extension 'ignore_ament_install'
[0.415s] Level 1:colcon.colcon_core.package_identification:_identify(src/rover_control) by extensions ['colcon_pkg']
[0.415s] Level 1:colcon.colcon_core.package_identification:_identify(src/rover_control) by extension 'colcon_pkg'
[0.415s] Level 1:colcon.colcon_core.package_identification:_identify(src/rover_control) by extensions ['colcon_meta']
[0.415s] Level 1:colcon.colcon_core.package_identification:_identify(src/rover_control) by extension 'colcon_meta'
[0.415s] Level 1:colcon.colcon_core.package_identification:_identify(src/rover_control) by extensions ['ros']
[0.415s] Level 1:colcon.colcon_core.package_identification:_identify(src/rover_control) by extension 'ros'
[0.416s] DEBUG:colcon.colcon_core.package_identification:Package 'src/rover_control' with type 'ros.ament_python' and name 'rover_control'
[0.416s] Level 1:colcon.colcon_core.package_identification:_identify(src/rover_description) by extensions ['ignore', 'ignore_ament_install']
[0.417s] Level 1:colcon.colcon_core.package_identification:_identify(src/rover_description) by extension 'ignore'
[0.417s] Level 1:colcon.colcon_core.package_identification:_identify(src/rover_description) by extension 'ignore_ament_install'
[0.417s] Level 1:colcon.colcon_core.package_identification:_identify(src/rover_description) by extensions ['colcon_pkg']
[0.417s] Level 1:colcon.colcon_core.package_identification:_identify(src/rover_description) by extension 'colcon_pkg'
[0.417s] Level 1:colcon.colcon_core.package_identification:_identify(src/rover_description) by extensions ['colcon_meta']
[0.417s] Level 1:colcon.colcon_core.package_identification:_identify(src/rover_description) by extension 'colcon_meta'
[0.417s] Level 1:colcon.colcon_core.package_identification:_identify(src/rover_description) by extensions ['ros']
[0.417s] Level 1:colcon.colcon_core.package_identification:_identify(src/rover_description) by extension 'ros'
[0.419s] DEBUG:colcon.colcon_core.package_identification:Package 'src/rover_description' with type 'ros.ament_python' and name 'rover_description'
[0.419s] Level 1:colcon.colcon_core.package_identification:_identify(src/rover_gps) by extensions ['ignore', 'ignore_ament_install']
[0.419s] Level 1:colcon.colcon_core.package_identification:_identify(src/rover_gps) by extension 'ignore'
[0.419s] Level 1:colcon.colcon_core.package_identification:_identify(src/rover_gps) by extension 'ignore_ament_install'
[0.420s] Level 1:colcon.colcon_core.package_identification:_identify(src/rover_gps) by extensions ['colcon_pkg']
[0.420s] Level 1:colcon.colcon_core.package_identification:_identify(src/rover_gps) by extension 'colcon_pkg'
[0.420s] Level 1:colcon.colcon_core.package_identification:_identify(src/rover_gps) by extensions ['colcon_meta']
[0.420s] Level 1:colcon.colcon_core.package_identification:_identify(src/rover_gps) by extension 'colcon_meta'
[0.420s] Level 1:colcon.colcon_core.package_identification:_identify(src/rover_gps) by extensions ['ros']
[0.420s] Level 1:colcon.colcon_core.package_identification:_identify(src/rover_gps) by extension 'ros'
[0.421s] DEBUG:colcon.colcon_core.package_identification:Package 'src/rover_gps' with type 'ros.ament_python' and name 'rover_gps'
[0.421s] Level 1:colcon.colcon_core.package_identification:_identify(src/rover_lidar) by extensions ['ignore', 'ignore_ament_install']
[0.421s] Level 1:colcon.colcon_core.package_identification:_identify(src/rover_lidar) by extension 'ignore'
[0.421s] Level 1:colcon.colcon_core.package_identification:_identify(src/rover_lidar) by extension 'ignore_ament_install'
[0.421s] Level 1:colcon.colcon_core.package_identification:_identify(src/rover_lidar) by extensions ['colcon_pkg']
[0.422s] Level 1:colcon.colcon_core.package_identification:_identify(src/rover_lidar) by extension 'colcon_pkg'
[0.422s] Level 1:colcon.colcon_core.package_identification:_identify(src/rover_lidar) by extensions ['colcon_meta']
[0.422s] Level 1:colcon.colcon_core.package_identification:_identify(src/rover_lidar) by extension 'colcon_meta'
[0.422s] Level 1:colcon.colcon_core.package_identification:_identify(src/rover_lidar) by extensions ['ros']
[0.422s] Level 1:colcon.colcon_core.package_identification:_identify(src/rover_lidar) by extension 'ros'
[0.423s] DEBUG:colcon.colcon_core.package_identification:Package 'src/rover_lidar' with type 'ros.ament_python' and name 'rover_lidar'
[0.423s] Level 1:colcon.colcon_core.package_identification:_identify(src/rover_sim) by extensions ['ignore', 'ignore_ament_install']
[0.423s] Level 1:colcon.colcon_core.package_identification:_identify(src/rover_sim) by extension 'ignore'
[0.423s] Level 1:colcon.colcon_core.package_identification:_identify(src/rover_sim) by extension 'ignore_ament_install'
[0.424s] Level 1:colcon.colcon_core.package_identification:_identify(src/rover_sim) by extensions ['colcon_pkg']
[0.424s] Level 1:colcon.colcon_core.package_identification:_identify(src/rover_sim) by extension 'colcon_pkg'
[0.424s] Level 1:colcon.colcon_core.package_identification:_identify(src/rover_sim) by extensions ['colcon_meta']
[0.424s] Level 1:colcon.colcon_core.package_identification:_identify(src/rover_sim) by extension 'colcon_meta'
[0.424s] Level 1:colcon.colcon_core.package_identification:_identify(src/rover_sim) by extensions ['ros']
[0.424s] Level 1:colcon.colcon_core.package_identification:_identify(src/rover_sim) by extension 'ros'
[0.425s] DEBUG:colcon.colcon_core.package_identification:Package 'src/rover_sim' with type 'ros.ament_python' and name 'rover_sim'
[0.425s] Level 1:colcon.colcon_core.package_identification:_identify(src/rover_telemetry) by extensions ['ignore', 'ignore_ament_install']
[0.426s] Level 1:colcon.colcon_core.package_identification:_identify(src/rover_telemetry) by extension 'ignore'
[0.426s] Level 1:colcon.colcon_core.package_identification:_identify(src/rover_telemetry) by extension 'ignore_ament_install'
[0.426s] Level 1:colcon.colcon_core.package_identification:_identify(src/rover_telemetry) by extensions ['colcon_pkg']
[0.426s] Level 1:colcon.colcon_core.package_identification:_identify(src/rover_telemetry) by extension 'colcon_pkg'
[0.426s] Level 1:colcon.colcon_core.package_identification:_identify(src/rover_telemetry) by extensions ['colcon_meta']
[0.426s] Level 1:colcon.colcon_core.package_identification:_identify(src/rover_telemetry) by extension 'colcon_meta'
[0.426s] Level 1:colcon.colcon_core.package_identification:_identify(src/rover_telemetry) by extensions ['ros']
[0.426s] Level 1:colcon.colcon_core.package_identification:_identify(src/rover_telemetry) by extension 'ros'
[0.427s] DEBUG:colcon.colcon_core.package_identification:Package 'src/rover_telemetry' with type 'ros.ament_python' and name 'rover_telemetry'
[0.427s] Level 1:colcon.colcon_core.package_discovery:discover_packages(recursive) using defaults
[0.428s] Level 1:colcon.colcon_core.package_discovery:discover_packages(ignore) discover
[0.428s] Level 1:colcon.colcon_core.package_discovery:discover_packages(ignore) using defaults
[0.428s] Level 1:colcon.colcon_core.package_discovery:discover_packages(path) discover
[0.428s] Level 1:colcon.colcon_core.package_discovery:discover_packages(path) using defaults
[0.466s] INFO:colcon.colcon_core.package_selection:Skipping not selected package 'rover_base' in 'src/rover_base'
[0.466s] INFO:colcon.colcon_core.package_selection:Skipping not selected package 'rover_camera' in 'src/rover_camera'
[0.466s] INFO:colcon.colcon_core.package_selection:Skipping not selected package 'rover_control' in 'src/rover_control'
[0.466s] INFO:colcon.colcon_core.package_selection:Skipping not selected package 'rover_description' in 'src/rover_description'
[0.467s] INFO:colcon.colcon_core.package_selection:Skipping not selected package 'rover_gps' in 'src/rover_gps'
[0.467s] INFO:colcon.colcon_core.package_selection:Skipping not selected package 'rover_lidar' in 'src/rover_lidar'
[0.467s] INFO:colcon.colcon_core.package_selection:Skipping not selected package 'rover_telemetry' in 'src/rover_telemetry'
[0.467s] Level 1:colcon.colcon_core.package_discovery:discover_packages(prefix_path) check parameters
[0.468s] Level 1:colcon.colcon_core.package_discovery:discover_packages(prefix_path) discover
[0.471s] DEBUG:colcon.colcon_installed_package_information.package_discovery:Found 8 installed packages in /home/sanjai/Documents/First_Robot/ros2_ws/install
[0.476s] DEBUG:colcon.colcon_installed_package_information.package_discovery:Found 428 installed packages in /opt/ros/jazzy
[0.479s] Level 1:colcon.colcon_core.package_discovery:discover_packages(prefix_path) using defaults
[0.583s] Level 5:colcon.colcon_core.verb:set package 'rover_sim' build argument 'cmake_args' from command line to 'None'
[0.583s] Level 5:colcon.colcon_core.verb:set package 'rover_sim' build argument 'cmake_target' from command line to 'None'
[0.584s] Level 5:colcon.colcon_core.verb:set package 'rover_sim' build argument 'cmake_target_skip_unavailable' from command line to 'False'
[0.584s] Level 5:colcon.colcon_core.verb:set package 'rover_sim' build argument 'cmake_clean_cache' from command line to 'False'
[0.584s] Level 5:colcon.colcon_core.verb:set package 'rover_sim' build argument 'cmake_clean_first' from command line to 'False'
[0.584s] Level 5:colcon.colcon_core.verb:set package 'rover_sim' build argument 'cmake_force_configure' from command line to 'False'
[0.584s] Level 5:colcon.colcon_core.verb:set package 'rover_sim' build argument 'ament_cmake_args' from command line to 'None'
[0.584s] Level 5:colcon.colcon_core.verb:set package 'rover_sim' build argument 'catkin_cmake_args' from command line to 'None'
[0.584s] Level 5:colcon.colcon_core.verb:set package 'rover_sim' build argument 'catkin_skip_building_tests' from command line to 'False'
[0.584s] DEBUG:colcon.colcon_core.verb:Building package 'rover_sim' with the following arguments: {'ament_cmake_args': None, 'build_base': '/home/sanjai/Documents/First_Robot/ros2_ws/build/rover_sim', 'catkin_cmake_args': None, 'catkin_skip_building_tests': False, 'cmake_args': None, 'cmake_clean_cache': False, 'cmake_clean_first': False, 'cmake_force_configure': False, 'cmake_target': None, 'cmake_target_skip_unavailable': False, 'install_base': '/home/sanjai/Documents/First_Robot/ros2_ws/install/rover_sim', 'merge_install': False, 'path': '/home/sanjai/Documents/First_Robot/ros2_ws/src/rover_sim', 'symlink_install': True, 'test_result_base': None}
[0.584s] INFO:colcon.colcon_core.executor:Executing jobs using 'parallel' executor
[0.586s] DEBUG:colcon.colcon_parallel_executor.executor.parallel:run_until_complete
[0.586s] INFO:colcon.colcon_ros.task.ament_python.build:Building ROS package in '/home/sanjai/Documents/First_Robot/ros2_ws/src/rover_sim' with build type 'ament_python'
[0.586s] Level 1:colcon.colcon_core.shell:create_environment_hook('rover_sim', 'ament_prefix_path')
[0.589s] INFO:colcon.colcon_core.plugin_system:Skipping extension 'colcon_core.shell.bat': Not used on non-Windows systems
[0.590s] INFO:colcon.colcon_core.shell:Creating environment hook '/home/sanjai/Documents/First_Robot/ros2_ws/install/rover_sim/share/rover_sim/hook/ament_prefix_path.ps1'
[0.591s] INFO:colcon.colcon_core.shell:Creating environment descriptor '/home/sanjai/Documents/First_Robot/ros2_ws/install/rover_sim/share/rover_sim/hook/ament_prefix_path.dsv'
[0.592s] INFO:colcon.colcon_core.shell:Creating environment hook '/home/sanjai/Documents/First_Robot/ros2_ws/install/rover_sim/share/rover_sim/hook/ament_prefix_path.sh'
[0.593s] INFO:colcon.colcon_core.shell:Skip shell extension 'powershell' for command environment: Not usable outside of PowerShell
[0.593s] DEBUG:colcon.colcon_core.shell:Skip shell extension 'dsv' for command environment
[1.024s] INFO:colcon.colcon_core.task.python.build:Building Python package in '/home/sanjai/Documents/First_Robot/ros2_ws/src/rover_sim'
[1.024s] INFO:colcon.colcon_core.shell:Skip shell extension 'powershell' for command environment: Not usable outside of PowerShell
[1.024s] DEBUG:colcon.colcon_core.shell:Skip shell extension 'dsv' for command environment
[1.967s] DEBUG:colcon.colcon_core.event_handler.log_command:Invoking command in '/home/sanjai/Documents/First_Robot/ros2_ws/build/rover_sim': DEBUGINFOD_URLS=https://debuginfod.ubuntu.com PYTHONPATH=/home/sanjai/Documents/First_Robot/ros2_ws/build/rover_sim/prefix_override:/usr/lib/python3/dist-packages/colcon_core/task/python/colcon_distutils_commands:/home/sanjai/Documents/First_Robot/ros2_ws/install/rover_sim/lib/python3.12/site-packages:${PYTHONPATH} /usr/bin/python3 -W ignore:setup.py install is deprecated -W ignore:easy_install command is deprecated setup.py develop --editable --build-directory /home/sanjai/Documents/First_Robot/ros2_ws/build/rover_sim/build --no-deps symlink_data
[2.941s] Level 1:colcon.colcon_core.shell:create_environment_hook('rover_sim', 'pythonpath_develop')
[2.941s] INFO:colcon.colcon_core.shell:Creating environment hook '/home/sanjai/Documents/First_Robot/ros2_ws/build/rover_sim/share/rover_sim/hook/pythonpath_develop.ps1'
[2.942s] DEBUG:colcon.colcon_core.event_handler.log_command:Invoked command in '/home/sanjai/Documents/First_Robot/ros2_ws/build/rover_sim' returned '0': DEBUGINFOD_URLS=https://debuginfod.ubuntu.com PYTHONPATH=/home/sanjai/Documents/First_Robot/ros2_ws/build/rover_sim/prefix_override:/usr/lib/python3/dist-packages/colcon_core/task/python/colcon_distutils_commands:/home/sanjai/Documents/First_Robot/ros2_ws/install/rover_sim/lib/python3.12/site-packages:${PYTHONPATH} /usr/bin/python3 -W ignore:setup.py install is deprecated -W ignore:easy_install command is deprecated setup.py develop --editable --build-directory /home/sanjai/Documents/First_Robot/ros2_ws/build/rover_sim/build --no-deps symlink_data
[2.942s] INFO:colcon.colcon_core.shell:Creating environment descriptor '/home/sanjai/Documents/First_Robot/ros2_ws/build/rover_sim/share/rover_sim/hook/pythonpath_develop.dsv'
[2.943s] INFO:colcon.colcon_core.shell:Creating environment hook '/home/sanjai/Documents/First_Robot/ros2_ws/build/rover_sim/share/rover_sim/hook/pythonpath_develop.sh'
[2.946s] Level 1:colcon.colcon_core.environment:checking '/home/sanjai/Documents/First_Robot/ros2_ws/install/rover_sim' for CMake module files
[2.946s] Level 1:colcon.colcon_core.environment:checking '/home/sanjai/Documents/First_Robot/ros2_ws/install/rover_sim' for CMake config files
[2.947s] Level 1:colcon.colcon_core.environment:checking '/home/sanjai/Documents/First_Robot/ros2_ws/install/rover_sim/lib'
[2.947s] Level 1:colcon.colcon_core.environment:checking '/home/sanjai/Documents/First_Robot/ros2_ws/install/rover_sim/bin'
[2.947s] Level 1:colcon.colcon_core.environment:checking '/home/sanjai/Documents/First_Robot/ros2_ws/install/rover_sim/lib/pkgconfig/rover_sim.pc'
[2.947s] Level 1:colcon.colcon_core.environment:checking '/home/sanjai/Documents/First_Robot/ros2_ws/install/rover_sim/lib/python3.12/site-packages'
[2.948s] Level 1:colcon.colcon_core.shell:create_environment_hook('rover_sim', 'pythonpath')
[2.948s] INFO:colcon.colcon_core.shell:Creating environment hook '/home/sanjai/Documents/First_Robot/ros2_ws/install/rover_sim/share/rover_sim/hook/pythonpath.ps1'
[2.948s] INFO:colcon.colcon_core.shell:Creating environment descriptor '/home/sanjai/Documents/First_Robot/ros2_ws/install/rover_sim/share/rover_sim/hook/pythonpath.dsv'
[2.949s] INFO:colcon.colcon_core.shell:Creating environment hook '/home/sanjai/Documents/First_Robot/ros2_ws/install/rover_sim/share/rover_sim/hook/pythonpath.sh'
[2.950s] Level 1:colcon.colcon_core.environment:checking '/home/sanjai/Documents/First_Robot/ros2_ws/install/rover_sim/bin'
[2.950s] Level 1:colcon.colcon_core.environment:create_environment_scripts_only(rover_sim)
[2.950s] INFO:colcon.colcon_core.shell:Creating package script '/home/sanjai/Documents/First_Robot/ros2_ws/install/rover_sim/share/rover_sim/package.ps1'
[2.951s] INFO:colcon.colcon_core.shell:Creating package descriptor '/home/sanjai/Documents/First_Robot/ros2_ws/install/rover_sim/share/rover_sim/package.dsv'
[2.951s] INFO:colcon.colcon_core.shell:Creating package script '/home/sanjai/Documents/First_Robot/ros2_ws/install/rover_sim/share/rover_sim/package.sh'
[2.952s] INFO:colcon.colcon_core.shell:Creating package script '/home/sanjai/Documents/First_Robot/ros2_ws/install/rover_sim/share/rover_sim/package.bash'
[2.953s] INFO:colcon.colcon_core.shell:Creating package script '/home/sanjai/Documents/First_Robot/ros2_ws/install/rover_sim/share/rover_sim/package.zsh'
[2.954s] Level 1:colcon.colcon_core.environment:create_file_with_runtime_dependencies(/home/sanjai/Documents/First_Robot/ros2_ws/install/rover_sim/share/colcon-core/packages/rover_sim)
[2.954s] DEBUG:colcon.colcon_parallel_executor.executor.parallel:closing loop
[2.954s] DEBUG:colcon.colcon_parallel_executor.executor.parallel:loop closed
[2.954s] DEBUG:colcon.colcon_parallel_executor.executor.parallel:run_until_complete finished with '0'
[2.955s] DEBUG:colcon.colcon_core.event_reactor:joining thread
[2.981s] INFO:colcon.colcon_core.plugin_system:Skipping extension 'colcon_notification.desktop_notification.terminal_notifier': Not used on non-Darwin systems
[2.981s] INFO:colcon.colcon_core.plugin_system:Skipping extension 'colcon_notification.desktop_notification.win32': Not used on non-Windows systems
[2.981s] INFO:colcon.colcon_notification.desktop_notification:Sending desktop notification using 'notify2'
[2.995s] DEBUG:colcon.colcon_core.event_reactor:joined thread
[2.995s] INFO:colcon.colcon_core.shell:Creating prefix script '/home/sanjai/Documents/First_Robot/ros2_ws/install/local_setup.ps1'
[2.996s] INFO:colcon.colcon_core.shell:Creating prefix util module '/home/sanjai/Documents/First_Robot/ros2_ws/install/_local_setup_util_ps1.py'
[2.998s] INFO:colcon.colcon_core.shell:Creating prefix chain script '/home/sanjai/Documents/First_Robot/ros2_ws/install/setup.ps1'
[3.000s] INFO:colcon.colcon_core.shell:Creating prefix script '/home/sanjai/Documents/First_Robot/ros2_ws/install/local_setup.sh'
[3.000s] INFO:colcon.colcon_core.shell:Creating prefix util module '/home/sanjai/Documents/First_Robot/ros2_ws/install/_local_setup_util_sh.py'
[3.001s] INFO:colcon.colcon_core.shell:Creating prefix chain script '/home/sanjai/Documents/First_Robot/ros2_ws/install/setup.sh'
[3.003s] INFO:colcon.colcon_core.shell:Creating prefix script '/home/sanjai/Documents/First_Robot/ros2_ws/install/local_setup.bash'
[3.004s] INFO:colcon.colcon_core.shell:Creating prefix chain script '/home/sanjai/Documents/First_Robot/ros2_ws/install/setup.bash'
[3.006s] INFO:colcon.colcon_core.shell:Creating prefix script '/home/sanjai/Documents/First_Robot/ros2_ws/install/local_setup.zsh'
[3.007s] INFO:colcon.colcon_core.shell:Creating prefix chain script '/home/sanjai/Documents/First_Robot/ros2_ws/install/setup.zsh'
